Archive member included to satisfy reference by file (symbol)

c:/st/stm32cubeide_1.12.1/stm32cubeide/plugins/com.st.stm32cube.ide.mcu.externaltools.gnu-tools-for-stm32.10.3-2021.10.win32_1.0.200.202301161003/tools/bin/../lib/gcc/arm-none-eabi/10.3.1/../../../../arm-none-eabi/lib/thumb/v7e-m+fp/hard\libc_nano.a(lib_a-errno.o)
                              ./Core/Src/syscalls.o (__errno)
c:/st/stm32cubeide_1.12.1/stm32cubeide/plugins/com.st.stm32cube.ide.mcu.externaltools.gnu-tools-for-stm32.10.3-2021.10.win32_1.0.200.202301161003/tools/bin/../lib/gcc/arm-none-eabi/10.3.1/../../../../arm-none-eabi/lib/thumb/v7e-m+fp/hard\libc_nano.a(lib_a-exit.o)
                              c:/st/stm32cubeide_1.12.1/stm32cubeide/plugins/com.st.stm32cube.ide.mcu.externaltools.gnu-tools-for-stm32.10.3-2021.10.win32_1.0.200.202301161003/tools/bin/../lib/gcc/arm-none-eabi/10.3.1/../../../../arm-none-eabi/lib/thumb/v7e-m+fp/hard/crt0.o (exit)
c:/st/stm32cubeide_1.12.1/stm32cubeide/plugins/com.st.stm32cube.ide.mcu.externaltools.gnu-tools-for-stm32.10.3-2021.10.win32_1.0.200.202301161003/tools/bin/../lib/gcc/arm-none-eabi/10.3.1/../../../../arm-none-eabi/lib/thumb/v7e-m+fp/hard\libc_nano.a(lib_a-impure.o)
                              c:/st/stm32cubeide_1.12.1/stm32cubeide/plugins/com.st.stm32cube.ide.mcu.externaltools.gnu-tools-for-stm32.10.3-2021.10.win32_1.0.200.202301161003/tools/bin/../lib/gcc/arm-none-eabi/10.3.1/../../../../arm-none-eabi/lib/thumb/v7e-m+fp/hard\libc_nano.a(lib_a-exit.o) (_global_impure_ptr)
c:/st/stm32cubeide_1.12.1/stm32cubeide/plugins/com.st.stm32cube.ide.mcu.externaltools.gnu-tools-for-stm32.10.3-2021.10.win32_1.0.200.202301161003/tools/bin/../lib/gcc/arm-none-eabi/10.3.1/../../../../arm-none-eabi/lib/thumb/v7e-m+fp/hard\libc_nano.a(lib_a-init.o)
                              c:/st/stm32cubeide_1.12.1/stm32cubeide/plugins/com.st.stm32cube.ide.mcu.externaltools.gnu-tools-for-stm32.10.3-2021.10.win32_1.0.200.202301161003/tools/bin/../lib/gcc/arm-none-eabi/10.3.1/../../../../arm-none-eabi/lib/thumb/v7e-m+fp/hard/crt0.o (__libc_init_array)
c:/st/stm32cubeide_1.12.1/stm32cubeide/plugins/com.st.stm32cube.ide.mcu.externaltools.gnu-tools-for-stm32.10.3-2021.10.win32_1.0.200.202301161003/tools/bin/../lib/gcc/arm-none-eabi/10.3.1/../../../../arm-none-eabi/lib/thumb/v7e-m+fp/hard\libc_nano.a(lib_a-memset.o)
                              c:/st/stm32cubeide_1.12.1/stm32cubeide/plugins/com.st.stm32cube.ide.mcu.externaltools.gnu-tools-for-stm32.10.3-2021.10.win32_1.0.200.202301161003/tools/bin/../lib/gcc/arm-none-eabi/10.3.1/../../../../arm-none-eabi/lib/thumb/v7e-m+fp/hard/crt0.o (memset)
c:/st/stm32cubeide_1.12.1/stm32cubeide/plugins/com.st.stm32cube.ide.mcu.externaltools.gnu-tools-for-stm32.10.3-2021.10.win32_1.0.200.202301161003/tools/bin/../lib/gcc/arm-none-eabi/10.3.1/../../../../arm-none-eabi/lib/thumb/v7e-m+fp/hard\libc_nano.a(lib_a-snprintf.o)
                              ./DISPLAY/App/app_display.o (snprintf)
c:/st/stm32cubeide_1.12.1/stm32cubeide/plugins/com.st.stm32cube.ide.mcu.externaltools.gnu-tools-for-stm32.10.3-2021.10.win32_1.0.200.202301161003/tools/bin/../lib/gcc/arm-none-eabi/10.3.1/../../../../arm-none-eabi/lib/thumb/v7e-m+fp/hard\libc_nano.a(lib_a-nano-svfprintf.o)
                              c:/st/stm32cubeide_1.12.1/stm32cubeide/plugins/com.st.stm32cube.ide.mcu.externaltools.gnu-tools-for-stm32.10.3-2021.10.win32_1.0.200.202301161003/tools/bin/../lib/gcc/arm-none-eabi/10.3.1/../../../../arm-none-eabi/lib/thumb/v7e-m+fp/hard\libc_nano.a(lib_a-snprintf.o) (_svfprintf_r)
c:/st/stm32cubeide_1.12.1/stm32cubeide/plugins/com.st.stm32cube.ide.mcu.externaltools.gnu-tools-for-stm32.10.3-2021.10.win32_1.0.200.202301161003/tools/bin/../lib/gcc/arm-none-eabi/10.3.1/../../../../arm-none-eabi/lib/thumb/v7e-m+fp/hard\libc_nano.a(lib_a-nano-vfprintf_i.o)
                              c:/st/stm32cubeide_1.12.1/stm32cubeide/plugins/com.st.stm32cube.ide.mcu.externaltools.gnu-tools-for-stm32.10.3-2021.10.win32_1.0.200.202301161003/tools/bin/../lib/gcc/arm-none-eabi/10.3.1/../../../../arm-none-eabi/lib/thumb/v7e-m+fp/hard\libc_nano.a(lib_a-nano-svfprintf.o) (_printf_i)
c:/st/stm32cubeide_1.12.1/stm32cubeide/plugins/com.st.stm32cube.ide.mcu.externaltools.gnu-tools-for-stm32.10.3-2021.10.win32_1.0.200.202301161003/tools/bin/../lib/gcc/arm-none-eabi/10.3.1/../../../../arm-none-eabi/lib/thumb/v7e-m+fp/hard\libc_nano.a(lib_a-memchr.o)
                              c:/st/stm32cubeide_1.12.1/stm32cubeide/plugins/com.st.stm32cube.ide.mcu.externaltools.gnu-tools-for-stm32.10.3-2021.10.win32_1.0.200.202301161003/tools/bin/../lib/gcc/arm-none-eabi/10.3.1/../../../../arm-none-eabi/lib/thumb/v7e-m+fp/hard\libc_nano.a(lib_a-nano-svfprintf.o) (memchr)
c:/st/stm32cubeide_1.12.1/stm32cubeide/plugins/com.st.stm32cube.ide.mcu.externaltools.gnu-tools-for-stm32.10.3-2021.10.win32_1.0.200.202301161003/tools/bin/../lib/gcc/arm-none-eabi/10.3.1/../../../../arm-none-eabi/lib/thumb/v7e-m+fp/hard\libc_nano.a(lib_a-memcpy-stub.o)
[...]
Memory Configuration

Name             Origin             Length             Attributes
RAM              0x0000000020000000 0x0000000000018000 xrw
RAM2             0x0000000010000000 0x0000000000008000 xrw
FLASH            0x0000000008000000 0x0000000000100000 xr
*default*        0x0000000000000000 0xffffffffffffffff

Linker script and memory map

LOAD c:/st/stm32cubeide_1.12.1/stm32cubeide/plugins/com.st.stm32cube.ide.mcu.externaltools.gnu-tools-for-stm32.10.3-2021.10.win32_1.0.200.202301161003/tools/bin/../lib/gcc/arm-none-eabi/10.3.1/thumb/v7e-m+fp/hard/crti.o
LOAD c:/st/stm32cubeide_1.12.1/stm32cubeide/plugins/com.st.stm32cube.ide.mcu.externaltools.gnu-tools-for-stm32.10.3-2021.10.win32_1.0.200.202301161003/tools/bin/../lib/gcc/arm-none-eabi/10.3.1/thumb/v7e-m+fp/hard/crtbegin.o
LOAD c:/st/stm32cubeide_1.12.1/stm32cubeide/plugins/com.st.stm32cube.ide.mcu.externaltools.gnu-tools-for-stm32.10.3-2021.10.win32_1.0.200.202301161003/tools/bin/../lib/gcc/arm-none-eabi/10.3.1/../../../../arm-none-eabi/lib/thumb/v7e-m+fp/hard/crt0.o
LOAD ./Core/Src/font12.o
LOAD ./Core/Src/font16.o
LOAD ./Core/Src/font20.o
LOAD ./Core/Src/font24.o
LOAD ./Core/Src/font48.o
LOAD ./Core/Src/font8.o
LOAD ./Core/Src/main.o
LOAD ./Core/Src/stm32_lcd.o
LOAD ./Core/Src/stm32l4xx_hal_msp.o
LOAD ./Core/Src/stm32l4xx_it.o
LOAD ./Core/Src/stm32l4xx_nucleo_bus.o
LOAD ./Core/Src/syscalls.o
LOAD ./Core/Src/sysmem.o
LOAD ./Core/Src/system_stm32l4xx.o
LOAD ./Core/Src/vesc.o
LOAD ./Core/Startup/startup_stm32l476rgtx.o
LOAD ./DISPLAY/App/app_display.o
LOAD ./DISPLAY/Target/key_io.o
LOAD ./DISPLAY/Target/lcd_io.o
LOAD ./DISPLAY/Target/lcd_os.o
LOAD ./DISPLAY/Target/mem_io.o
LOAD ./DISPLAY/Target/mem_os.o
LOAD ./Drivers/BSP/Components/ili9341/ili9341.o
LOAD ./Drivers/BSP/Components/ili9341/ili9341_reg.o
LOAD ./Drivers/BSP/Components/mx25l6433f/spi/mx25l6433f.o
LOAD ./Drivers/STM32L4xx_HAL_Driver/Src/stm32l4xx_hal.o
LOAD ./Drivers/STM32L4xx_HAL_Driver/Src/stm32l4xx_hal_can.o
LOAD ./Drivers/STM32L4xx_HAL_Driver/Src/stm32l4xx_hal_cortex.o
LOAD ./Drivers/STM32L4xx_HAL_Driver/Src/stm32l4xx_hal_dma.o
LOAD ./Drivers/STM32L4xx_HAL_Driver/Src/stm32l4xx_hal_dma_ex.o
LOAD ./Drivers/STM32L4xx_HAL_Driver/Src/stm32l4xx_hal_exti.o
LOAD ./Drivers/STM32L4xx_HAL_Driver/Src/stm32l4xx_hal_flash.o
LOAD ./Drivers/STM32L4xx_HAL_Driver/Src/stm32l4xx_hal_flash_ex.o
LOAD ./Drivers/STM32L4xx_HAL_Driver/Src/stm32l4xx_hal_flash_ramfunc.o
LOAD ./Drivers/STM32L4xx_HAL_Driver/Src/stm32l4xx_hal_gpio.o
LOAD ./Drivers/STM32L4xx_HAL_Driver/Src/stm32l4xx_hal_pwr.o
LOAD ./Drivers/STM32L4xx_HAL_Driver/Src/stm32l4xx_hal_pwr_ex.o
LOAD ./Drivers/STM32L4xx_HAL_Driver/Src/stm32l4xx_hal_rcc.o
LOAD ./Drivers/STM32L4xx_HAL_Driver/Src/stm32l4xx_hal_rcc_ex.o
LOAD ./Drivers/STM32L4xx_HAL_Driver/Src/stm32l4xx_hal_spi.o
LOAD ./Drivers/STM32L4xx_HAL_Driver/Src/stm32l4xx_hal_spi_ex.o
LOAD ./Drivers/STM32L4xx_HAL_Driver/Src/stm32l4xx_hal_tim.o
LOAD ./Drivers/STM32L4xx_HAL_Driver/Src/stm32l4xx_hal_tim_ex.o
START GROUP
LOAD c:/st/stm32cubeide_1.12.1/stm32cubeide/plugins/com.st.stm32cube.ide.mcu.externaltools.gnu-tools-for-stm32.10.3-2021.10.win32_1.0.200.202301161003/tools/bin/../lib/gcc/arm-none-eabi/10.3.1/../../../../arm-none-eabi/lib/thumb/v7e-m+fp/hard\libc_nano.a
LOAD c:/st/stm32cubeide_1.12.1/stm32cubeide/plugins/com.st.stm32cube.ide.mcu.externaltools.gnu-tools-for-stm32.10.3-2021.10.win32_1.0.200.202301161003/tools/bin/../lib/gcc/arm-none-eabi/10.3.1/../../../../arm-none-eabi/lib/thumb/v7e-m+fp/hard\libm.a
END GROUP
START GROUP
LOAD c:/st/stm32cubeide_1.12.1/stm32cubeide/plugins/com.st.stm32cube.ide.mcu.externaltools.gnu-tools-for-stm32.10.3-2021.10.win32_1.0.200.202301161003/tools/bin/../lib/gcc/arm-none-eabi/10.3.1/thumb/v7e-m+fp/hard\libgcc.a
LOAD c:/st/stm32cubeide_1.12.1/stm32cubeide/plugins/com.st.stm32cube.ide.mcu.externaltools.gnu-tools-for-stm32.10.3-2021.10.win32_1.0.200.202301161003/tools/bin/../lib/gcc/arm-none-eabi/10.3.1/../../../../arm-none-eabi/lib/thumb/v7e-m+fp/hard\libc_nano.a
END GROUP
START GROUP
LOAD c:/st/stm32cubeide_1.12.1/stm32cubeide/plugins/com.st.stm32cube.ide.mcu.externaltools.gnu-tools-for-stm32.10.3-2021.10.win32_1.0.200.202301161003/tools/bin/../lib/gcc/arm-none-eabi/10.3.1/thumb/v7e-m+fp/hard\libgcc.a
LOAD c:/st/stm32cubeide_1.12.1/stm32cubeide/plugins/com.st.stm32cube.ide.mcu.externaltools.gnu-tools-for-stm32.10.3-2021.10.win32_1.0.200.202301161003/tools/bin/../lib/gcc/arm-none-eabi/10.3.1/../../../../arm-none-eabi/lib/thumb/v7e-m+fp/hard\libc_nano.a
LOAD c:/st/stm32cubeide_1.12.1/stm32cubeide/plugins/com.st.stm32cube.ide.mcu.externaltools.gnu-tools-for-stm32.10.3-2021.10.win32_1.0.200.202301161003/tools/bin/../lib/gcc/arm-none-eabi/10.3.1/../../../../arm-none-eabi/lib/thumb/v7e-m+fp/hard\libnosys.a
END GROUP
START GROUP
LOAD c:/st/stm32cubeide_1.12.1/stm32cubeide/plugins/com.st.stm32cube.ide.mcu.externaltools.gnu-tools-for-stm32.10.3-2021.10.win32_1.0.200.202301161003/tools/bin/../lib/gcc/arm-none-eabi/10.3.1/thumb/v7e-m+fp/hard\libgcc.a
LOAD c:/st/stm32cubeide_1.12.1/stm32cubeide/plugins/com.st.stm32cube.ide.mcu.externaltools.gnu-tools-for-stm32.10.3-2021.10.win32_1.0.200.202301161003/tools/bin/../lib/gcc/arm-none-eabi/10.3.1/../../../../arm-none-eabi/lib/thumb/v7e-m+fp/hard\libc_nano.a
LOAD c:/st/stm32cubeide_1.12.1/stm32cubeide/plugins/com.st.stm32cube.ide.mcu.externaltools.gnu-tools-for-stm32.10.3-2021.10.win32_1.0.200.202301161003/tools/bin/../lib/gcc/arm-none-eabi/10.3.1/../../../../arm-none-eabi/lib/thumb/v7e-m+fp/hard\libnosys.a
END GROUP
LOAD c:/st/stm32cubeide_1.12.1/stm32cubeide/plugins/com.st.stm32cube.ide.mcu.externaltools.gnu-tools-for-stm32.10.3-2021.10.win32_1.0.200.202301161003/tools/bin/../lib/gcc/arm-none-eabi/10.3.1/thumb/v7e-m+fp/hard/crtend.o
LOAD c:/st/stm32cubeide_1.12.1/stm32cubeide/plugins/com.st.stm32cube.ide.mcu.externaltools.gnu-tools-for-stm32.10.3-2021.10.win32_1.0.200.202301161003/tools/bin/../lib/gcc/arm-none-eabi/10.3.1/thumb/v7e-m+fp/hard/crtn.o
                0x0000000020018000                _estack = (ORIGIN (RAM) + LENGTH (RAM))
                0x0000000000000400                _Min_Heap_Size = 0x400
                0x0000000000000400                _Min_Stack_Size = 0x400

.isr_vector     0x0000000008000000      0x188
                0x0000000008000000                . = ALIGN (0x4)
 *(.isr_vector)
 .isr_vector    0x0000000008000000      0x188 ./Core/Startup/startup_stm32l476rgtx.o
                0x0000000008000000                g_pfnVectors
                0x0000000008000188                . = ALIGN (0x4)

.text           0x0000000008000190     0x9038
                0x0000000008000190                . = ALIGN (0x4)
 *(.text)
 .text          0x0000000008000190       0x40 c:/st/stm32cubeide_1.12.1/stm32cubeide/plugins/com.st.stm32cube.ide.mcu.externaltools.gnu-tools-for-stm32.10.3-2021.10.win32_1.0.200.202301161003/tools/bin/../lib/gcc/arm-none-eabi/10.3.1/thumb/v7e-m+fp/hard/crtbegin.o
 .text          0x00000000080001d0       0xa0 c:/st/stm32cubeide_1.12.1/stm32cubeide/plugins/com.st.stm32cube.ide.mcu.externaltools.gnu-tools-for-stm32.10.3-2021.10.win32_1.0.200.202301161003/tools/bin/../lib/gcc/arm-none-eabi/10.3.1/../../../../arm-none-eabi/lib/thumb/v7e-m+fp/hard\libc_nano.a(lib_a-memchr.o)
                0x00000000080001d0                memchr
 *(.text*)
 .text.main     0x0000000008000270       0x38 ./Core/Src/main.o
                0x0000000008000270                main
 .text.SystemClock_Config
                0x00000000080002a8       0xa2 ./Core/Src/main.o
                0x00000000080002a8                SystemClock_Config
 *fill*         0x000000000800034a        0x2 
 .text.MX_CAN1_Init
                0x000000000800034c       0x6c ./Core/Src/main.o
 .text.MX_TIM2_Init
                0x00000000080003b8       0xa4 ./Core/Src/main.o
 .text.MX_DMA_Init
                0x000000000800045c       0x6c ./Core/Src/main.o
 .text.MX_GPIO_Init
                0x00000000080004c8      0x148 ./Core/Src/main.o
 .text.Error_Handler
                0x0000000008000610        0xa ./Core/Src/main.o
                0x0000000008000610                Error_Handler
 *fill*         0x000000000800061a        0x2 
 .text.UTIL_LCD_SetFuncDriver
                0x000000000800061c       0xac ./Core/Src/stm32_lcd.o
                0x000000000800061c                UTIL_LCD_SetFuncDriver
 .text.UTIL_LCD_SetTextColor
                0x00000000080006c8       0x28 ./Core/Src/stm32_lcd.o
                0x00000000080006c8                UTIL_LCD_SetTextColor
 .text.UTIL_LCD_SetBackColor
                0x00000000080006f0       0x28 ./Core/Src/stm32_lcd.o
                0x00000000080006f0                UTIL_LCD_SetBackColor
 .text.UTIL_LCD_SetFont
                0x0000000008000718       0x28 ./Core/Src/stm32_lcd.o
                0x0000000008000718                UTIL_LCD_SetFont
 .text.UTIL_LCD_FillRGBRect
                0x0000000008000740       0x38 ./Core/Src/stm32_lcd.o
                0x0000000008000740                UTIL_LCD_FillRGBRect
 .text.UTIL_LCD_Clear
                0x0000000008000778       0x2c ./Core/Src/stm32_lcd.o
                0x0000000008000778                UTIL_LCD_Clear
 .text.UTIL_LCD_DisplayChar
                0x00000000080007a4       0x6c ./Core/Src/stm32_lcd.o
                0x00000000080007a4                UTIL_LCD_DisplayChar
 .text.UTIL_LCD_DisplayStringAt
                0x0000000008000810      0x15c ./Core/Src/stm32_lcd.o
                0x0000000008000810                UTIL_LCD_DisplayStringAt
 .text.UTIL_LCD_FillRect
                0x000000000800096c       0x74 ./Core/Src/stm32_lcd.o
                0x000000000800096c                UTIL_LCD_FillRect
 .text.DrawChar
                0x00000000080009e0      0x424 ./Core/Src/stm32_lcd.o
 .text.HAL_MspInit
                0x0000000008000e04       0x48 ./Core/Src/stm32l4xx_hal_msp.o
                0x0000000008000e04                HAL_MspInit
 .text.HAL_CAN_MspInit
                0x0000000008000e4c       0xa8 ./Core/Src/stm32l4xx_hal_msp.o
                0x0000000008000e4c                HAL_CAN_MspInit
 .text.HAL_TIM_Base_MspInit
                0x0000000008000ef4       0x3c ./Core/Src/stm32l4xx_hal_msp.o
                0x0000000008000ef4                HAL_TIM_Base_MspInit
 .text.NMI_Handler
                0x0000000008000f30        0x6 ./Core/Src/stm32l4xx_it.o
                0x0000000008000f30                NMI_Handler
 .text.HardFault_Handler
                0x0000000008000f36        0x6 ./Core/Src/stm32l4xx_it.o
                0x0000000008000f36                HardFault_Handler
 .text.MemManage_Handler
                0x0000000008000f3c        0x6 ./Core/Src/stm32l4xx_it.o
                0x0000000008000f3c                MemManage_Handler
 .text.BusFault_Handler
                0x0000000008000f42        0x6 ./Core/Src/stm32l4xx_it.o
                0x0000000008000f42                BusFault_Handler
 .text.UsageFault_Handler
                0x0000000008000f48        0x6 ./Core/Src/stm32l4xx_it.o
                0x0000000008000f48                UsageFault_Handler
 .text.SVC_Handler
                0x0000000008000f4e        0xe ./Core/Src/stm32l4xx_it.o
                0x0000000008000f4e                SVC_Handler
 .text.DebugMon_Handler
                0x0000000008000f5c        0xe ./Core/Src/stm32l4xx_it.o
                0x0000000008000f5c                DebugMon_Handler
 .text.PendSV_Handler
                0x0000000008000f6a        0xe ./Core/Src/stm32l4xx_it.o
                0x0000000008000f6a                PendSV_Handler
 .text.SysTick_Handler
                0x0000000008000f78        0xc ./Core/Src/stm32l4xx_it.o
                0x0000000008000f78                SysTick_Handler
 .text.EXTI0_IRQHandler
                0x0000000008000f84       0x14 ./Core/Src/stm32l4xx_it.o
                0x0000000008000f84                EXTI0_IRQHandler
 .text.DMA1_Channel2_IRQHandler
                0x0000000008000f98       0x14 ./Core/Src/stm32l4xx_it.o
                0x0000000008000f98                DMA1_Channel2_IRQHandler
 .text.DMA1_Channel3_IRQHandler
                0x0000000008000fac       0x14 ./Core/Src/stm32l4xx_it.o
                0x0000000008000fac                DMA1_Channel3_IRQHandler
 .text.DMA1_Channel4_IRQHandler
                0x0000000008000fc0       0x14 ./Core/Src/stm32l4xx_it.o
                0x0000000008000fc0                DMA1_Channel4_IRQHandler
 .text.DMA1_Channel5_IRQHandler
                0x0000000008000fd4       0x14 ./Core/Src/stm32l4xx_it.o
                0x0000000008000fd4                DMA1_Channel5_IRQHandler
 .text.CAN1_TX_IRQHandler
                0x0000000008000fe8       0x14 ./Core/Src/stm32l4xx_it.o
                0x0000000008000fe8                CAN1_TX_IRQHandler
 .text.CAN1_RX0_IRQHandler
                0x0000000008000ffc       0x14 ./Core/Src/stm32l4xx_it.o
                0x0000000008000ffc                CAN1_RX0_IRQHandler
 .text.SPI1_IRQHandler
                0x0000000008001010       0x14 ./Core/Src/stm32l4xx_it.o
                0x0000000008001010                SPI1_IRQHandler
 .text.SPI2_IRQHandler
                0x0000000008001024       0x14 ./Core/Src/stm32l4xx_it.o
                0x0000000008001024                SPI2_IRQHandler
 .text.BSP_SPI2_Init
                0x0000000008001038       0x74 ./Core/Src/stm32l4xx_nucleo_bus.o
                0x0000000008001038                BSP_SPI2_Init
 .text.BSP_SPI2_DeInit
                0x00000000080010ac       0x48 ./Core/Src/stm32l4xx_nucleo_bus.o
                0x00000000080010ac                BSP_SPI2_DeInit
 .text.BSP_SPI2_Send
                0x00000000080010f4       0x38 ./Core/Src/stm32l4xx_nucleo_bus.o
                0x00000000080010f4                BSP_SPI2_Send
 .text.BSP_SPI2_Recv
                0x000000000800112c       0x38 ./Core/Src/stm32l4xx_nucleo_bus.o
                0x000000000800112c                BSP_SPI2_Recv
 .text.BSP_SPI2_Send_DMA
                0x0000000008001164       0x38 ./Core/Src/stm32l4xx_nucleo_bus.o
                0x0000000008001164                BSP_SPI2_Send_DMA
 .text.BSP_SPI2_Recv_DMA
                0x000000000800119c       0x38 ./Core/Src/stm32l4xx_nucleo_bus.o
                0x000000000800119c                BSP_SPI2_Recv_DMA
 .text.BSP_SPI1_Init
                0x00000000080011d4       0x74 ./Core/Src/stm32l4xx_nucleo_bus.o
                0x00000000080011d4                BSP_SPI1_Init
 .text.BSP_SPI1_DeInit
                0x0000000008001248       0x48 ./Core/Src/stm32l4xx_nucleo_bus.o
                0x0000000008001248                BSP_SPI1_DeInit
 .text.BSP_SPI1_Send
                0x0000000008001290       0x38 ./Core/Src/stm32l4xx_nucleo_bus.o
                0x0000000008001290                BSP_SPI1_Send
 .text.BSP_SPI1_Recv
                0x00000000080012c8       0x38 ./Core/Src/stm32l4xx_nucleo_bus.o
                0x00000000080012c8                BSP_SPI1_Recv
 .text.BSP_SPI1_Send_DMA
                0x0000000008001300       0x38 ./Core/Src/stm32l4xx_nucleo_bus.o
                0x0000000008001300                BSP_SPI1_Send_DMA
 .text.BSP_SPI2_RegisterDefaultMspCallbacks
                0x0000000008001338       0x64 ./Core/Src/stm32l4xx_nucleo_bus.o
                0x0000000008001338                BSP_SPI2_RegisterDefaultMspCallbacks
 .text.BSP_SPI1_RegisterDefaultMspCallbacks
                0x000000000800139c       0x64 ./Core/Src/stm32l4xx_nucleo_bus.o
                0x000000000800139c                BSP_SPI1_RegisterDefaultMspCallbacks
 .text.MX_SPI2_Init
                0x0000000008001400       0x84 ./Core/Src/stm32l4xx_nucleo_bus.o
                0x0000000008001400                MX_SPI2_Init
 .text.SPI2_MspInit
                0x0000000008001484      0x180 ./Core/Src/stm32l4xx_nucleo_bus.o
 .text.SPI2_MspDeInit
                0x0000000008001604       0x5c ./Core/Src/stm32l4xx_nucleo_bus.o
 .text.MX_SPI1_Init
                0x0000000008001660       0x84 ./Core/Src/stm32l4xx_nucleo_bus.o
                0x0000000008001660                MX_SPI1_Init
 .text.SPI1_MspInit
                0x00000000080016e4      0x164 ./Core/Src/stm32l4xx_nucleo_bus.o
 .text.SPI1_MspDeInit
                0x0000000008001848       0x58 ./Core/Src/stm32l4xx_nucleo_bus.o
 .text._sbrk    0x00000000080018a0       0x6c ./Core/Src/sysmem.o
                0x00000000080018a0                _sbrk
 .text.SystemInit
                0x000000000800190c       0x24 ./Core/Src/system_stm32l4xx.o
                0x000000000800190c                SystemInit
 .text.vesc_init
                0x0000000008001930       0x5c ./Core/Src/vesc.o
                0x0000000008001930                vesc_init
 .text.HAL_CAN_TxMailbox1CompleteCallback
                0x000000000800198c       0x16 ./Core/Src/vesc.o
                0x000000000800198c                HAL_CAN_TxMailbox1CompleteCallback
 *fill*         0x00000000080019a2        0x2 
 .text.HAL_CAN_RxFifo0MsgPendingCallback
                0x00000000080019a4       0x5c ./Core/Src/vesc.o
                0x00000000080019a4                HAL_CAN_RxFifo0MsgPendingCallback
 .text.Reset_Handler
                0x0000000008001a00       0x50 ./Core/Startup/startup_stm32l476rgtx.o
                0x0000000008001a00                Reset_Handler
 .text.Default_Handler
                0x0000000008001a50        0x2 ./Core/Startup/startup_stm32l476rgtx.o
                0x0000000008001a50                RTC_Alarm_IRQHandler
                0x0000000008001a50                EXTI2_IRQHandler
                0x0000000008001a50                TIM8_TRG_COM_IRQHandler
                0x0000000008001a50                TIM8_CC_IRQHandler
                0x0000000008001a50                TIM1_CC_IRQHandler
                0x0000000008001a50                TSC_IRQHandler
                0x0000000008001a50                TAMP_STAMP_IRQHandler
                0x0000000008001a50                EXTI3_IRQHandler
                0x0000000008001a50                LPTIM2_IRQHandler
                0x0000000008001a50                DFSDM1_FLT1_IRQHandler
                0x0000000008001a50                I2C3_ER_IRQHandler
                0x0000000008001a50                DFSDM1_FLT2_IRQHandler
                0x0000000008001a50                I2C2_EV_IRQHandler
                0x0000000008001a50                FPU_IRQHandler
                0x0000000008001a50                TIM1_UP_TIM16_IRQHandler
                0x0000000008001a50                ADC1_2_IRQHandler
                0x0000000008001a50                TIM6_DAC_IRQHandler
                0x0000000008001a50                TIM8_UP_IRQHandler
                0x0000000008001a50                DMA2_Channel2_IRQHandler
                0x0000000008001a50                SAI2_IRQHandler
                0x0000000008001a50                DFSDM1_FLT3_IRQHandler
                0x0000000008001a50                USART3_IRQHandler
                0x0000000008001a50                DMA1_Channel7_IRQHandler
                0x0000000008001a50                CAN1_RX1_IRQHandler
                0x0000000008001a50                LCD_IRQHandler
                0x0000000008001a50                UART5_IRQHandler
                0x0000000008001a50                ADC3_IRQHandler
                0x0000000008001a50                TIM4_IRQHandler
                0x0000000008001a50                DMA2_Channel1_IRQHandler
                0x0000000008001a50                QUADSPI_IRQHandler
                0x0000000008001a50                I2C1_EV_IRQHandler
                0x0000000008001a50                DMA1_Channel6_IRQHandler
                0x0000000008001a50                UART4_IRQHandler
                0x0000000008001a50                DMA2_Channel4_IRQHandler
                0x0000000008001a50                TIM3_IRQHandler
                0x0000000008001a50                RCC_IRQHandler
                0x0000000008001a50                DMA1_Channel1_IRQHandler
                0x0000000008001a50                Default_Handler
                0x0000000008001a50                DMA2_Channel7_IRQHandler
                0x0000000008001a50                EXTI15_10_IRQHandler
                0x0000000008001a50                TIM7_IRQHandler
                0x0000000008001a50                SDMMC1_IRQHandler
                0x0000000008001a50                TIM5_IRQHandler
                0x0000000008001a50                I2C3_EV_IRQHandler
                0x0000000008001a50                EXTI9_5_IRQHandler
                0x0000000008001a50                RTC_WKUP_IRQHandler
                0x0000000008001a50                PVD_PVM_IRQHandler
                0x0000000008001a50                DMA2_Channel5_IRQHandler
                0x0000000008001a50                EXTI4_IRQHandler
                0x0000000008001a50                RNG_IRQHandler
                0x0000000008001a50                TIM1_TRG_COM_TIM17_IRQHandler
                0x0000000008001a50                COMP_IRQHandler
                0x0000000008001a50                WWDG_IRQHandler
                0x0000000008001a50                LPUART1_IRQHandler
                0x0000000008001a50                DMA2_Channel6_IRQHandler
                0x0000000008001a50                TIM2_IRQHandler
                0x0000000008001a50                EXTI1_IRQHandler
                0x0000000008001a50                USART2_IRQHandler
                0x0000000008001a50                DFSDM1_FLT0_IRQHandler
                0x0000000008001a50                I2C2_ER_IRQHandler
                0x0000000008001a50                TIM8_BRK_IRQHandler
                0x0000000008001a50                CAN1_SCE_IRQHandler
                0x0000000008001a50                FLASH_IRQHandler
                0x0000000008001a50                USART1_IRQHandler
                0x0000000008001a50                OTG_FS_IRQHandler
                0x0000000008001a50                SPI3_IRQHandler
                0x0000000008001a50                I2C1_ER_IRQHandler
                0x0000000008001a50                FMC_IRQHandler
                0x0000000008001a50                SWPMI1_IRQHandler
                0x0000000008001a50                LPTIM1_IRQHandler
                0x0000000008001a50                SAI1_IRQHandler
                0x0000000008001a50                DMA2_Channel3_IRQHandler
                0x0000000008001a50                TIM1_BRK_TIM15_IRQHandler
 *fill*         0x0000000008001a52        0x2 
 .text.BSP_LCD_FillRGBRect2
                0x0000000008001a54       0x60 ./DISPLAY/App/app_display.o
 .text.BSP_LCD_FillRect
                0x0000000008001ab4      0x130 ./DISPLAY/App/app_display.o
 .text.BSP_LCD_GetPixelFormat
                0x0000000008001be4       0x30 ./DISPLAY/App/app_display.o
 .text.BSP_LCD_Clear
                0x0000000008001c14       0x2a ./DISPLAY/App/app_display.o
 *fill*         0x0000000008001c3e        0x2 
 .text.handleButtonClick
                0x0000000008001c40       0x2c ./DISPLAY/App/app_display.o
 .text.MX_DISPLAY_Init
                0x0000000008001c6c       0xac ./DISPLAY/App/app_display.o
                0x0000000008001c6c                MX_DISPLAY_Init
 .text.MX_DISPLAY_Process
                0x0000000008001d18      0x314 ./DISPLAY/App/app_display.o
                0x0000000008001d18                MX_DISPLAY_Process
 .text.BSP_LCD_SignalTearingEffectEvent
                0x000000000800202c       0x1c ./DISPLAY/App/app_display.o
                0x000000000800202c                BSP_LCD_SignalTearingEffectEvent
 .text.BSP_KEY_Init
                0x0000000008002048       0x2c ./DISPLAY/Target/key_io.o
                0x0000000008002048                BSP_KEY_Init
 .text.BSP_KEY_GetState
                0x0000000008002074      0x1a4 ./DISPLAY/Target/key_io.o
                0x0000000008002074                BSP_KEY_GetState
 .text.BSP_LCD_Init
                0x0000000008002218       0x4c ./DISPLAY/Target/lcd_io.o
                0x0000000008002218                BSP_LCD_Init
 .text.BSP_LCD_GetOrientation
                0x0000000008002264       0x6c ./DISPLAY/Target/lcd_io.o
                0x0000000008002264                BSP_LCD_GetOrientation
 .text.BSP_LCD_GetXSize
                0x00000000080022d0       0x6c ./DISPLAY/Target/lcd_io.o
                0x00000000080022d0                BSP_LCD_GetXSize
 .text.BSP_LCD_GetYSize
                0x000000000800233c       0x6c ./DISPLAY/Target/lcd_io.o
                0x000000000800233c                BSP_LCD_GetYSize
 .text.BSP_LCD_DisplayOn
                0x00000000080023a8       0x68 ./DISPLAY/Target/lcd_io.o
                0x00000000080023a8                BSP_LCD_DisplayOn
 .text.BSP_LCD_WriteData
                0x0000000008002410       0x84 ./DISPLAY/Target/lcd_io.o
                0x0000000008002410                BSP_LCD_WriteData
 .text.BSP_LCD_WriteDataDMA
                0x0000000008002494       0x70 ./DISPLAY/Target/lcd_io.o
                0x0000000008002494                BSP_LCD_WriteDataDMA
 .text.BSP_LCD_SetDisplayWindow
                0x0000000008002504       0x74 ./DISPLAY/Target/lcd_io.o
                0x0000000008002504                BSP_LCD_SetDisplayWindow
 .text.BSP_LCD_FillRGBRect
                0x0000000008002578       0x70 ./DISPLAY/Target/lcd_io.o
                0x0000000008002578                BSP_LCD_FillRGBRect
 .text.BSP_LCD_SignalTransferDone
                0x00000000080025e8       0x14 ./DISPLAY/Target/lcd_io.o
                0x00000000080025e8                BSP_LCD_SignalTransferDone
 .text.LCD_Probe
                0x00000000080025fc      0x10c ./DISPLAY/Target/lcd_io.o
 .text.LCD_TECallback
                0x0000000008002708       0x3c ./DISPLAY/Target/lcd_io.o
 .text.LCD_IO_GetTick
                0x0000000008002744       0x16 ./DISPLAY/Target/lcd_io.o
 .text.LCD_IO_Delay
                0x000000000800275a       0x18 ./DISPLAY/Target/lcd_io.o
 *fill*         0x0000000008002772        0x2 
 .text.SPI_TxCpltCallback
                0x0000000008002774       0x40 ./DISPLAY/Target/lcd_io.o
 .text.LCD_IO_Init
                0x00000000080027b4       0x80 ./DISPLAY/Target/lcd_io.o
 .text.LCD_IO_DeInit
                0x0000000008002834       0x1a ./DISPLAY/Target/lcd_io.o
 *fill*         0x000000000800284e        0x2 
 .text.LCD_IO_WriteReg
                0x0000000008002850       0x50 ./DISPLAY/Target/lcd_io.o
 .text.LCD_IO_ReadReg
                0x00000000080028a0       0x1a ./DISPLAY/Target/lcd_io.o
 .text.LCD_IO_SendData
                0x00000000080028ba       0x3a ./DISPLAY/Target/lcd_io.o
 .text.LCD_IO_SendDataDMA
                0x00000000080028f4       0x30 ./DISPLAY/Target/lcd_io.o
 .text.LCD_IO_RecvData
                0x0000000008002924       0x58 ./DISPLAY/Target/lcd_io.o
 .text.LCD_IO_RecvDataDMA
                0x000000000800297c       0x1a ./DISPLAY/Target/lcd_io.o
 *fill*         0x0000000008002996        0x2 
 .text.LCD_OS_Initialize
                0x0000000008002998       0x34 ./DISPLAY/Target/lcd_os.o
                0x0000000008002998                LCD_OS_Initialize
 .text.LCD_OS_Unlock
                0x00000000080029cc       0x24 ./DISPLAY/Target/lcd_os.o
                0x00000000080029cc                LCD_OS_Unlock
 .text.LCD_OS_UnlockFromISR
                0x00000000080029f0       0x24 ./DISPLAY/Target/lcd_os.o
                0x00000000080029f0                LCD_OS_UnlockFromISR
 .text.LCD_OS_TryLock
                0x0000000008002a14       0x70 ./DISPLAY/Target/lcd_os.o
                0x0000000008002a14                LCD_OS_TryLock
 .text.BSP_MEM_Init
                0x0000000008002a84       0x48 ./DISPLAY/Target/mem_io.o
                0x0000000008002a84                BSP_MEM_Init
 .text.BSP_MEM_SignalTransferDone
                0x0000000008002acc       0x14 ./DISPLAY/Target/mem_io.o
                0x0000000008002acc                BSP_MEM_SignalTransferDone
 .text.MEM_Probe
                0x0000000008002ae0       0xdc ./DISPLAY/Target/mem_io.o
 .text.SPI_RxCpltCallback
                0x0000000008002bbc       0x34 ./DISPLAY/Target/mem_io.o
 .text.MEM_IO_Init
                0x0000000008002bf0       0x38 ./DISPLAY/Target/mem_io.o
 .text.MEM_IO_DeInit
                0x0000000008002c28       0x1a ./DISPLAY/Target/mem_io.o
 *fill*         0x0000000008002c42        0x2 
 .text.MEM_OS_Initialize
                0x0000000008002c44       0x34 ./DISPLAY/Target/mem_os.o
                0x0000000008002c44                MEM_OS_Initialize
 .text.MEM_OS_UnlockFromISR
                0x0000000008002c78       0x24 ./DISPLAY/Target/mem_os.o
                0x0000000008002c78                MEM_OS_UnlockFromISR
 .text.ILI9341_RegisterBusIO
                0x0000000008002c9c       0xcc ./Drivers/BSP/Components/ili9341/ili9341.o
                0x0000000008002c9c                ILI9341_RegisterBusIO
 .text.ILI9341_Init
                0x0000000008002d68      0x308 ./Drivers/BSP/Components/ili9341/ili9341.o
                0x0000000008002d68                ILI9341_Init
 .text.ILI9341_DeInit
                0x0000000008003070       0x18 ./Drivers/BSP/Components/ili9341/ili9341.o
                0x0000000008003070                ILI9341_DeInit
 .text.ILI9341_ReadID
                0x0000000008003088       0x60 ./Drivers/BSP/Components/ili9341/ili9341.o
                0x0000000008003088                ILI9341_ReadID
 .text.ILI9341_DisplayOn
                0x00000000080030e8       0x26 ./Drivers/BSP/Components/ili9341/ili9341.o
                0x00000000080030e8                ILI9341_DisplayOn
 .text.ILI9341_DisplayOff
                0x000000000800310e       0x26 ./Drivers/BSP/Components/ili9341/ili9341.o
                0x000000000800310e                ILI9341_DisplayOff
 .text.ILI9341_SetOrientation
                0x0000000008003134       0xa4 ./Drivers/BSP/Components/ili9341/ili9341.o
                0x0000000008003134                ILI9341_SetOrientation
 .text.ILI9341_GetOrientation
                0x00000000080031d8       0x24 ./Drivers/BSP/Components/ili9341/ili9341.o
                0x00000000080031d8                ILI9341_GetOrientation
 .text.ILI9341_GetXSize
                0x00000000080031fc       0x24 ./Drivers/BSP/Components/ili9341/ili9341.o
                0x00000000080031fc                ILI9341_GetXSize
 .text.ILI9341_GetYSize
                0x0000000008003220       0x24 ./Drivers/BSP/Components/ili9341/ili9341.o
                0x0000000008003220                ILI9341_GetYSize
 .text.ILI9341_SetDisplayWindow
                0x0000000008003244       0xfe ./Drivers/BSP/Components/ili9341/ili9341.o
                0x0000000008003244                ILI9341_SetDisplayWindow
 .text.ILI9341_ReadRegWrap
                0x0000000008003342       0x24 ./Drivers/BSP/Components/ili9341/ili9341.o
 .text.ILI9341_WriteRegWrap
                0x0000000008003366       0x24 ./Drivers/BSP/Components/ili9341/ili9341.o
 .text.ILI9341_SendDataWrap
                0x000000000800338a       0x24 ./Drivers/BSP/Components/ili9341/ili9341.o
 .text.ILI9341_SendDataDMAWrap
                0x00000000080033ae       0x24 ./Drivers/BSP/Components/ili9341/ili9341.o
 .text.ILI9341_RecvDataWrap
                0x00000000080033d2       0x24 ./Drivers/BSP/Components/ili9341/ili9341.o
 .text.ILI9341_RecvDataDMAWrap
                0x00000000080033f6       0x24 ./Drivers/BSP/Components/ili9341/ili9341.o
 .text.ILI9341_Delay
                0x000000000800341a       0x34 ./Drivers/BSP/Components/ili9341/ili9341.o
 .text.ili9341_write_reg
                0x000000000800344e       0x24 ./Drivers/BSP/Components/ili9341/ili9341_reg.o
                0x000000000800344e                ili9341_write_reg
 .text.ili9341_send_data
                0x0000000008003472       0x24 ./Drivers/BSP/Components/ili9341/ili9341_reg.o
                0x0000000008003472                ili9341_send_data
 .text.ili9341_recv_data
                0x0000000008003496       0x24 ./Drivers/BSP/Components/ili9341/ili9341_reg.o
                0x0000000008003496                ili9341_recv_data
 .text.MX25L6433F_RegisterBusIO
                0x00000000080034ba       0x7e ./Drivers/BSP/Components/mx25l6433f/spi/mx25l6433f.o
                0x00000000080034ba                MX25L6433F_RegisterBusIO
 .text.MX25L6433F_Init
                0x0000000008003538       0x62 ./Drivers/BSP/Components/mx25l6433f/spi/mx25l6433f.o
                0x0000000008003538                MX25L6433F_Init
 .text.MX25L6433F_DeInit
                0x000000000800359a       0x4a ./Drivers/BSP/Components/mx25l6433f/spi/mx25l6433f.o
                0x000000000800359a                MX25L6433F_DeInit
 .text.MX25L6433F_GetFlashInfo
                0x00000000080035e4       0x5c ./Drivers/BSP/Components/mx25l6433f/spi/mx25l6433f.o
                0x00000000080035e4                MX25L6433F_GetFlashInfo
 .text.MX25L6433F_AutoPollingMemReady
                0x0000000008003640       0x60 ./Drivers/BSP/Components/mx25l6433f/spi/mx25l6433f.o
                0x0000000008003640                MX25L6433F_AutoPollingMemReady
 .text.MX25L6433F_Read
                0x00000000080036a0       0xd0 ./Drivers/BSP/Components/mx25l6433f/spi/mx25l6433f.o
                0x00000000080036a0                MX25L6433F_Read
 .text.MX25L6433F_ReadDMA
                0x0000000008003770       0xc8 ./Drivers/BSP/Components/mx25l6433f/spi/mx25l6433f.o
                0x0000000008003770                MX25L6433F_ReadDMA
 .text.MX25L6433F_PageProgram
                0x0000000008003838       0xd4 ./Drivers/BSP/Components/mx25l6433f/spi/mx25l6433f.o
                0x0000000008003838                MX25L6433F_PageProgram
 .text.MX25L6433F_PageProgramDMA
                0x000000000800390c       0xb2 ./Drivers/BSP/Components/mx25l6433f/spi/mx25l6433f.o
                0x000000000800390c                MX25L6433F_PageProgramDMA
 .text.MX25L6433F_BlockErase
                0x00000000080039be       0xbc ./Drivers/BSP/Components/mx25l6433f/spi/mx25l6433f.o
                0x00000000080039be                MX25L6433F_BlockErase
 .text.MX25L6433F_ChipErase
                0x0000000008003a7a       0x78 ./Drivers/BSP/Components/mx25l6433f/spi/mx25l6433f.o
                0x0000000008003a7a                MX25L6433F_ChipErase
 .text.MX25L6433F_ReadID
                0x0000000008003af2       0x88 ./Drivers/BSP/Components/mx25l6433f/spi/mx25l6433f.o
                0x0000000008003af2                MX25L6433F_ReadID
 .text.MX25L6433F_WriteEnable
                0x0000000008003b7a       0x70 ./Drivers/BSP/Components/mx25l6433f/spi/mx25l6433f.o
                0x0000000008003b7a                MX25L6433F_WriteEnable
 .text.MX25L6433F_ReadStatusRegister
                0x0000000008003bea       0x6a ./Drivers/BSP/Components/mx25l6433f/spi/mx25l6433f.o
                0x0000000008003bea                MX25L6433F_ReadStatusRegister
 .text.MX25L6433F_WriteBurstReadLength
                0x0000000008003c54       0x7c ./Drivers/BSP/Components/mx25l6433f/spi/mx25l6433f.o
                0x0000000008003c54                MX25L6433F_WriteBurstReadLength
 .text.MX25L6433F_ResetEnable
                0x0000000008003cd0       0x46 ./Drivers/BSP/Components/mx25l6433f/spi/mx25l6433f.o
                0x0000000008003cd0                MX25L6433F_ResetEnable
 .text.MX25L6433F_ResetMemory
                0x0000000008003d16       0x5e ./Drivers/BSP/Components/mx25l6433f/spi/mx25l6433f.o
                0x0000000008003d16                MX25L6433F_ResetMemory
 .text.HAL_Init
                0x0000000008003d74       0x40 ./Drivers/STM32L4xx_HAL_Driver/Src/stm32l4xx_hal.o
                0x0000000008003d74                HAL_Init
 .text.HAL_InitTick
                0x0000000008003db4       0x78 ./Drivers/STM32L4xx_HAL_Driver/Src/stm32l4xx_hal.o
                0x0000000008003db4                HAL_InitTick
 .text.HAL_IncTick
                0x0000000008003e2c       0x28 ./Drivers/STM32L4xx_HAL_Driver/Src/stm32l4xx_hal.o
                0x0000000008003e2c                HAL_IncTick
 .text.HAL_GetTick
                0x0000000008003e54       0x18 ./Drivers/STM32L4xx_HAL_Driver/Src/stm32l4xx_hal.o
                0x0000000008003e54                HAL_GetTick
 .text.HAL_Delay
                0x0000000008003e6c       0x48 ./Drivers/STM32L4xx_HAL_Driver/Src/stm32l4xx_hal.o
                0x0000000008003e6c                HAL_Delay
 .text.HAL_CAN_Init
                0x0000000008003eb4      0x1f6 ./Drivers/STM32L4xx_HAL_Driver/Src/stm32l4xx_hal_can.o
                0x0000000008003eb4                HAL_CAN_Init
 .text.HAL_CAN_ConfigFilter
                0x00000000080040aa      0x194 ./Drivers/STM32L4xx_HAL_Driver/Src/stm32l4xx_hal_can.o
                0x00000000080040aa                HAL_CAN_ConfigFilter
 .text.HAL_CAN_Start
                0x000000000800423e       0x88 ./Drivers/STM32L4xx_HAL_Driver/Src/stm32l4xx_hal_can.o
                0x000000000800423e                HAL_CAN_Start
 .text.HAL_CAN_GetRxMessage
                0x00000000080042c6      0x224 ./Drivers/STM32L4xx_HAL_Driver/Src/stm32l4xx_hal_can.o
                0x00000000080042c6                HAL_CAN_GetRxMessage
 .text.HAL_CAN_ActivateNotification
                0x00000000080044ea       0x4c ./Drivers/STM32L4xx_HAL_Driver/Src/stm32l4xx_hal_can.o
                0x00000000080044ea                HAL_CAN_ActivateNotification
 .text.HAL_CAN_IRQHandler
                0x0000000008004536      0x36e ./Drivers/STM32L4xx_HAL_Driver/Src/stm32l4xx_hal_can.o
                0x0000000008004536                HAL_CAN_IRQHandler
 .text.HAL_CAN_TxMailbox0CompleteCallback
                0x00000000080048a4       0x14 ./Drivers/STM32L4xx_HAL_Driver/Src/stm32l4xx_hal_can.o
                0x00000000080048a4                HAL_CAN_TxMailbox0CompleteCallback
 .text.HAL_CAN_TxMailbox2CompleteCallback
                0x00000000080048b8       0x14 ./Drivers/STM32L4xx_HAL_Driver/Src/stm32l4xx_hal_can.o
                0x00000000080048b8                HAL_CAN_TxMailbox2CompleteCallback
 .text.HAL_CAN_TxMailbox0AbortCallback
                0x00000000080048cc       0x14 ./Drivers/STM32L4xx_HAL_Driver/Src/stm32l4xx_hal_can.o
                0x00000000080048cc                HAL_CAN_TxMailbox0AbortCallback
 .text.HAL_CAN_TxMailbox1AbortCallback
                0x00000000080048e0       0x14 ./Drivers/STM32L4xx_HAL_Driver/Src/stm32l4xx_hal_can.o
                0x00000000080048e0                HAL_CAN_TxMailbox1AbortCallback
 .text.HAL_CAN_TxMailbox2AbortCallback
                0x00000000080048f4       0x14 ./Drivers/STM32L4xx_HAL_Driver/Src/stm32l4xx_hal_can.o
                0x00000000080048f4                HAL_CAN_TxMailbox2AbortCallback
 .text.HAL_CAN_RxFifo0FullCallback
                0x0000000008004908       0x14 ./Drivers/STM32L4xx_HAL_Driver/Src/stm32l4xx_hal_can.o
                0x0000000008004908                HAL_CAN_RxFifo0FullCallback
 .text.HAL_CAN_RxFifo1MsgPendingCallback
                0x000000000800491c       0x14 ./Drivers/STM32L4xx_HAL_Driver/Src/stm32l4xx_hal_can.o
                0x000000000800491c                HAL_CAN_RxFifo1MsgPendingCallback
 .text.HAL_CAN_RxFifo1FullCallback
                0x0000000008004930       0x14 ./Drivers/STM32L4xx_HAL_Driver/Src/stm32l4xx_hal_can.o
                0x0000000008004930                HAL_CAN_RxFifo1FullCallback
 .text.HAL_CAN_SleepCallback
                0x0000000008004944       0x14 ./Drivers/STM32L4xx_HAL_Driver/Src/stm32l4xx_hal_can.o
                0x0000000008004944                HAL_CAN_SleepCallback
 .text.HAL_CAN_WakeUpFromRxMsgCallback
                0x0000000008004958       0x14 ./Drivers/STM32L4xx_HAL_Driver/Src/stm32l4xx_hal_can.o
                0x0000000008004958                HAL_CAN_WakeUpFromRxMsgCallback
 .text.HAL_CAN_ErrorCallback
                0x000000000800496c       0x14 ./Drivers/STM32L4xx_HAL_Driver/Src/stm32l4xx_hal_can.o
                0x000000000800496c                HAL_CAN_ErrorCallback
 .text.__NVIC_SetPriorityGrouping
                0x0000000008004980       0x48 ./Drivers/STM32L4xx_HAL_Driver/Src/stm32l4xx_hal_cortex.o
 .text.__NVIC_GetPriorityGrouping
                0x00000000080049c8       0x1c ./Drivers/STM32L4xx_HAL_Driver/Src/stm32l4xx_hal_cortex.o
 .text.__NVIC_EnableIRQ
                0x00000000080049e4       0x3c ./Drivers/STM32L4xx_HAL_Driver/Src/stm32l4xx_hal_cortex.o
 .text.__NVIC_DisableIRQ
                0x0000000008004a20       0x48 ./Drivers/STM32L4xx_HAL_Driver/Src/stm32l4xx_hal_cortex.o
 .text.__NVIC_SetPriority
                0x0000000008004a68       0x54 ./Drivers/STM32L4xx_HAL_Driver/Src/stm32l4xx_hal_cortex.o
 .text.NVIC_EncodePriority
                0x0000000008004abc       0x66 ./Drivers/STM32L4xx_HAL_Driver/Src/stm32l4xx_hal_cortex.o
 *fill*         0x0000000008004b22        0x2 
 .text.SysTick_Config
                0x0000000008004b24       0x44 ./Drivers/STM32L4xx_HAL_Driver/Src/stm32l4xx_hal_cortex.o
 .text.HAL_NVIC_SetPriorityGrouping
                0x0000000008004b68       0x16 ./Drivers/STM32L4xx_HAL_Driver/Src/stm32l4xx_hal_cortex.o
                0x0000000008004b68                HAL_NVIC_SetPriorityGrouping
 .text.HAL_NVIC_SetPriority
                0x0000000008004b7e       0x38 ./Drivers/STM32L4xx_HAL_Driver/Src/stm32l4xx_hal_cortex.o
                0x0000000008004b7e                HAL_NVIC_SetPriority
 .text.HAL_NVIC_EnableIRQ
                0x0000000008004bb6       0x1c ./Drivers/STM32L4xx_HAL_Driver/Src/stm32l4xx_hal_cortex.o
                0x0000000008004bb6                HAL_NVIC_EnableIRQ
 .text.HAL_NVIC_DisableIRQ
                0x0000000008004bd2       0x1c ./Drivers/STM32L4xx_HAL_Driver/Src/stm32l4xx_hal_cortex.o
                0x0000000008004bd2                HAL_NVIC_DisableIRQ
 .text.HAL_SYSTICK_Config
                0x0000000008004bee       0x18 ./Drivers/STM32L4xx_HAL_Driver/Src/stm32l4xx_hal_cortex.o
                0x0000000008004bee                HAL_SYSTICK_Config
 *fill*         0x0000000008004c06        0x2 
 .text.HAL_DMA_Init
                0x0000000008004c08      0x170 ./Drivers/STM32L4xx_HAL_Driver/Src/stm32l4xx_hal_dma.o
                0x0000000008004c08                HAL_DMA_Init
 .text.HAL_DMA_DeInit
                0x0000000008004d78      0x124 ./Drivers/STM32L4xx_HAL_Driver/Src/stm32l4xx_hal_dma.o
                0x0000000008004d78                HAL_DMA_DeInit
 .text.HAL_DMA_Start_IT
                0x0000000008004e9c       0xc0 ./Drivers/STM32L4xx_HAL_Driver/Src/stm32l4xx_hal_dma.o
                0x0000000008004e9c                HAL_DMA_Start_IT
 .text.HAL_DMA_Abort_IT
                0x0000000008004f5c       0x82 ./Drivers/STM32L4xx_HAL_Driver/Src/stm32l4xx_hal_dma.o
                0x0000000008004f5c                HAL_DMA_Abort_IT
 .text.HAL_DMA_IRQHandler
                0x0000000008004fde      0x15e ./Drivers/STM32L4xx_HAL_Driver/Src/stm32l4xx_hal_dma.o
                0x0000000008004fde                HAL_DMA_IRQHandler
 .text.DMA_SetConfig
                0x000000000800513c       0x60 ./Drivers/STM32L4xx_HAL_Driver/Src/stm32l4xx_hal_dma.o
 .text.HAL_EXTI_RegisterCallback
                0x000000000800519c       0x34 ./Drivers/STM32L4xx_HAL_Driver/Src/stm32l4xx_hal_exti.o
                0x000000000800519c                HAL_EXTI_RegisterCallback
 .text.HAL_EXTI_GetHandle
                0x00000000080051d0       0x28 ./Drivers/STM32L4xx_HAL_Driver/Src/stm32l4xx_hal_exti.o
                0x00000000080051d0                HAL_EXTI_GetHandle
 .text.HAL_EXTI_IRQHandler
                0x00000000080051f8       0x60 ./Drivers/STM32L4xx_HAL_Driver/Src/stm32l4xx_hal_exti.o
                0x00000000080051f8                HAL_EXTI_IRQHandler
 .text.HAL_EXTI_ClearPending
                0x0000000008005258       0x48 ./Drivers/STM32L4xx_HAL_Driver/Src/stm32l4xx_hal_exti.o
                0x0000000008005258                HAL_EXTI_ClearPending
 .text.HAL_GPIO_Init
                0x00000000080052a0      0x354 ./Drivers/STM32L4xx_HAL_Driver/Src/stm32l4xx_hal_gpio.o
                0x00000000080052a0                HAL_GPIO_Init
 .text.HAL_GPIO_DeInit
                0x00000000080055f4      0x1e8 ./Drivers/STM32L4xx_HAL_Driver/Src/stm32l4xx_hal_gpio.o
                0x00000000080055f4                HAL_GPIO_DeInit
 .text.HAL_GPIO_ReadPin
                0x00000000080057dc       0x30 ./Drivers/STM32L4xx_HAL_Driver/Src/stm32l4xx_hal_gpio.o
                0x00000000080057dc                HAL_GPIO_ReadPin
 .text.HAL_GPIO_WritePin
                0x000000000800580c       0x30 ./Drivers/STM32L4xx_HAL_Driver/Src/stm32l4xx_hal_gpio.o
                0x000000000800580c                HAL_GPIO_WritePin
 .text.HAL_PWREx_GetVoltageRange
                0x000000000800583c       0x1c ./Drivers/STM32L4xx_HAL_Driver/Src/stm32l4xx_hal_pwr_ex.o
                0x000000000800583c                HAL_PWREx_GetVoltageRange
 .text.HAL_PWREx_ControlVoltageScaling
                0x0000000008005858       0xac ./Drivers/STM32L4xx_HAL_Driver/Src/stm32l4xx_hal_pwr_ex.o
                0x0000000008005858                HAL_PWREx_ControlVoltageScaling
 .text.HAL_RCC_OscConfig
                0x0000000008005904      0x7b8 ./Drivers/STM32L4xx_HAL_Driver/Src/stm32l4xx_hal_rcc.o
                0x0000000008005904                HAL_RCC_OscConfig
 .text.HAL_RCC_ClockConfig
                0x00000000080060bc      0x200 ./Drivers/STM32L4xx_HAL_Driver/Src/stm32l4xx_hal_rcc.o
                0x00000000080060bc                HAL_RCC_ClockConfig
 .text.HAL_RCC_GetSysClockFreq
                0x00000000080062bc      0x118 ./Drivers/STM32L4xx_HAL_Driver/Src/stm32l4xx_hal_rcc.o
                0x00000000080062bc                HAL_RCC_GetSysClockFreq
 .text.RCC_SetFlashLatencyFromMSIRange
                0x00000000080063d4       0xc0 ./Drivers/STM32L4xx_HAL_Driver/Src/stm32l4xx_hal_rcc.o
 .text.HAL_SPI_Init
                0x0000000008006494      0x1b4 ./Drivers/STM32L4xx_HAL_Driver/Src/stm32l4xx_hal_spi.o
                0x0000000008006494                HAL_SPI_Init
 .text.HAL_SPI_DeInit
                0x0000000008006648       0x6c ./Drivers/STM32L4xx_HAL_Driver/Src/stm32l4xx_hal_spi.o
                0x0000000008006648                HAL_SPI_DeInit
 .text.HAL_SPI_MspInit
                0x00000000080066b4       0x14 ./Drivers/STM32L4xx_HAL_Driver/Src/stm32l4xx_hal_spi.o
                0x00000000080066b4                HAL_SPI_MspInit
 .text.HAL_SPI_MspDeInit
                0x00000000080066c8       0x14 ./Drivers/STM32L4xx_HAL_Driver/Src/stm32l4xx_hal_spi.o
                0x00000000080066c8                HAL_SPI_MspDeInit
 .text.HAL_SPI_RegisterCallback
                0x00000000080066dc      0x14c ./Drivers/STM32L4xx_HAL_Driver/Src/stm32l4xx_hal_spi.o
                0x00000000080066dc                HAL_SPI_RegisterCallback
 .text.HAL_SPI_Transmit
                0x0000000008006828      0x2dc ./Drivers/STM32L4xx_HAL_Driver/Src/stm32l4xx_hal_spi.o
                0x0000000008006828                HAL_SPI_Transmit
 .text.HAL_SPI_Receive
                0x0000000008006b04      0x260 ./Drivers/STM32L4xx_HAL_Driver/Src/stm32l4xx_hal_spi.o
                0x0000000008006b04                HAL_SPI_Receive
 .text.HAL_SPI_TransmitReceive
                0x0000000008006d64      0x426 ./Drivers/STM32L4xx_HAL_Driver/Src/stm32l4xx_hal_spi.o
                0x0000000008006d64                HAL_SPI_TransmitReceive
 *fill*         0x000000000800718a        0x2 
 .text.HAL_SPI_Transmit_DMA
                0x000000000800718c      0x1e8 ./Drivers/STM32L4xx_HAL_Driver/Src/stm32l4xx_hal_spi.o
                0x000000000800718c                HAL_SPI_Transmit_DMA
 .text.HAL_SPI_Receive_DMA
                0x0000000008007374      0x248 ./Drivers/STM32L4xx_HAL_Driver/Src/stm32l4xx_hal_spi.o
                0x0000000008007374                HAL_SPI_Receive_DMA
 .text.HAL_SPI_TransmitReceive_DMA
                0x00000000080075bc      0x318 ./Drivers/STM32L4xx_HAL_Driver/Src/stm32l4xx_hal_spi.o
                0x00000000080075bc                HAL_SPI_TransmitReceive_DMA
 .text.HAL_SPI_IRQHandler
                0x00000000080078d4      0x200 ./Drivers/STM32L4xx_HAL_Driver/Src/stm32l4xx_hal_spi.o
                0x00000000080078d4                HAL_SPI_IRQHandler
 .text.HAL_SPI_TxCpltCallback
                0x0000000008007ad4       0x14 ./Drivers/STM32L4xx_HAL_Driver/Src/stm32l4xx_hal_spi.o
                0x0000000008007ad4                HAL_SPI_TxCpltCallback
 .text.HAL_SPI_RxCpltCallback
                0x0000000008007ae8       0x14 ./Drivers/STM32L4xx_HAL_Driver/Src/stm32l4xx_hal_spi.o
                0x0000000008007ae8                HAL_SPI_RxCpltCallback
 .text.HAL_SPI_TxRxCpltCallback
                0x0000000008007afc       0x14 ./Drivers/STM32L4xx_HAL_Driver/Src/stm32l4xx_hal_spi.o
                0x0000000008007afc                HAL_SPI_TxRxCpltCallback
 .text.HAL_SPI_TxHalfCpltCallback
                0x0000000008007b10       0x14 ./Drivers/STM32L4xx_HAL_Driver/Src/stm32l4xx_hal_spi.o
                0x0000000008007b10                HAL_SPI_TxHalfCpltCallback
 .text.HAL_SPI_RxHalfCpltCallback
                0x0000000008007b24       0x14 ./Drivers/STM32L4xx_HAL_Driver/Src/stm32l4xx_hal_spi.o
                0x0000000008007b24                HAL_SPI_RxHalfCpltCallback
 .text.HAL_SPI_TxRxHalfCpltCallback
                0x0000000008007b38       0x14 ./Drivers/STM32L4xx_HAL_Driver/Src/stm32l4xx_hal_spi.o
                0x0000000008007b38                HAL_SPI_TxRxHalfCpltCallback
 .text.HAL_SPI_ErrorCallback
                0x0000000008007b4c       0x14 ./Drivers/STM32L4xx_HAL_Driver/Src/stm32l4xx_hal_spi.o
                0x0000000008007b4c                HAL_SPI_ErrorCallback
 .text.HAL_SPI_AbortCpltCallback
                0x0000000008007b60       0x14 ./Drivers/STM32L4xx_HAL_Driver/Src/stm32l4xx_hal_spi.o
                0x0000000008007b60                HAL_SPI_AbortCpltCallback
 .text.HAL_SPI_GetState
                0x0000000008007b74       0x1c ./Drivers/STM32L4xx_HAL_Driver/Src/stm32l4xx_hal_spi.o
                0x0000000008007b74                HAL_SPI_GetState
 .text.SPI_DMATransmitCplt
                0x0000000008007b90       0xaa ./Drivers/STM32L4xx_HAL_Driver/Src/stm32l4xx_hal_spi.o
 .text.SPI_DMAReceiveCplt
                0x0000000008007c3a       0xac ./Drivers/STM32L4xx_HAL_Driver/Src/stm32l4xx_hal_spi.o
 .text.SPI_DMATransmitReceiveCplt
                0x0000000008007ce6       0x94 ./Drivers/STM32L4xx_HAL_Driver/Src/stm32l4xx_hal_spi.o
 .text.SPI_DMAHalfTransmitCplt
                0x0000000008007d7a       0x1e ./Drivers/STM32L4xx_HAL_Driver/Src/stm32l4xx_hal_spi.o
 .text.SPI_DMAHalfReceiveCplt
                0x0000000008007d98       0x1e ./Drivers/STM32L4xx_HAL_Driver/Src/stm32l4xx_hal_spi.o
 .text.SPI_DMAHalfTransmitReceiveCplt
                0x0000000008007db6       0x1e ./Drivers/STM32L4xx_HAL_Driver/Src/stm32l4xx_hal_spi.o
 .text.SPI_DMAError
                0x0000000008007dd4       0x42 ./Drivers/STM32L4xx_HAL_Driver/Src/stm32l4xx_hal_spi.o
 .text.SPI_DMAAbortOnError
                0x0000000008007e16       0x2c ./Drivers/STM32L4xx_HAL_Driver/Src/stm32l4xx_hal_spi.o
 *fill*         0x0000000008007e42        0x2 
 .text.SPI_WaitFlagStateUntilTimeout
                0x0000000008007e44      0x110 ./Drivers/STM32L4xx_HAL_Driver/Src/stm32l4xx_hal_spi.o
 .text.SPI_WaitFifoStateUntilTimeout
                0x0000000008007f54      0x12c ./Drivers/STM32L4xx_HAL_Driver/Src/stm32l4xx_hal_spi.o
 .text.SPI_EndRxTransaction
                0x0000000008008080       0xb0 ./Drivers/STM32L4xx_HAL_Driver/Src/stm32l4xx_hal_spi.o
 .text.SPI_EndRxTxTransaction
                0x0000000008008130       0x8c ./Drivers/STM32L4xx_HAL_Driver/Src/stm32l4xx_hal_spi.o
 .text.HAL_TIM_Base_Init
                0x00000000080081bc       0xae ./Drivers/STM32L4xx_HAL_Driver/Src/stm32l4xx_hal_tim.o
                0x00000000080081bc                HAL_TIM_Base_Init
 *fill*         0x000000000800826a        0x2 
 .text.HAL_TIM_Base_Start
                0x000000000800826c       0xd0 ./Drivers/STM32L4xx_HAL_Driver/Src/stm32l4xx_hal_tim.o
                0x000000000800826c                HAL_TIM_Base_Start
 .text.HAL_TIM_ConfigClockSource
                0x000000000800833c      0x192 ./Drivers/STM32L4xx_HAL_Driver/Src/stm32l4xx_hal_tim.o
                0x000000000800833c                HAL_TIM_ConfigClockSource
 *fill*         0x00000000080084ce        0x2 
 .text.TIM_Base_SetConfig
                0x00000000080084d0      0x134 ./Drivers/STM32L4xx_HAL_Driver/Src/stm32l4xx_hal_tim.o
                0x00000000080084d0                TIM_Base_SetConfig
 .text.TIM_TI1_ConfigInputStage
                0x0000000008008604       0x5e ./Drivers/STM32L4xx_HAL_Driver/Src/stm32l4xx_hal_tim.o
 .text.TIM_TI2_ConfigInputStage
                0x0000000008008662       0x60 ./Drivers/STM32L4xx_HAL_Driver/Src/stm32l4xx_hal_tim.o
 .text.TIM_ITRx_SetConfig
                0x00000000080086c2       0x36 ./Drivers/STM32L4xx_HAL_Driver/Src/stm32l4xx_hal_tim.o
 .text.TIM_ETR_SetConfig
                0x00000000080086f8       0x40 ./Drivers/STM32L4xx_HAL_Driver/Src/stm32l4xx_hal_tim.o
                0x00000000080086f8                TIM_ETR_SetConfig
 .text.HAL_TIMEx_MasterConfigSynchronization
                0x0000000008008738      0x110 ./Drivers/STM32L4xx_HAL_Driver/Src/stm32l4xx_hal_tim_ex.o
                0x0000000008008738                HAL_TIMEx_MasterConfigSynchronization
 .text.__errno  0x0000000008008848        0xc c:/st/stm32cubeide_1.12.1/stm32cubeide/plugins/com.st.stm32cube.ide.mcu.externaltools.gnu-tools-for-stm32.10.3-2021.10.win32_1.0.200.202301161003/tools/bin/../lib/gcc/arm-none-eabi/10.3.1/../../../../arm-none-eabi/lib/thumb/v7e-m+fp/hard\libc_nano.a(lib_a-errno.o)
                0x0000000008008848                __errno
 .text.__libc_init_array
                0x0000000008008854       0x48 c:/st/stm32cubeide_1.12.1/stm32cubeide/plugins/com.st.stm32cube.ide.mcu.externaltools.gnu-tools-for-stm32.10.3-2021.10.win32_1.0.200.202301161003/tools/bin/../lib/gcc/arm-none-eabi/10.3.1/../../../../arm-none-eabi/lib/thumb/v7e-m+fp/hard\libc_nano.a(lib_a-init.o)
                0x0000000008008854                __libc_init_array
 .text.memset   0x000000000800889c       0x10 c:/st/stm32cubeide_1.12.1/stm32cubeide/plugins/com.st.stm32cube.ide.mcu.externaltools.gnu-tools-for-stm32.10.3-2021.10.win32_1.0.200.202301161003/tools/bin/../lib/gcc/arm-none-eabi/10.3.1/../../../../arm-none-eabi/lib/thumb/v7e-m+fp/hard\libc_nano.a(lib_a-memset.o)
                0x000000000800889c                memset
 .text.snprintf
                0x00000000080088ac       0x68 c:/st/stm32cubeide_1.12.1/stm32cubeide/plugins/com.st.stm32cube.ide.mcu.externaltools.gnu-tools-for-stm32.10.3-2021.10.win32_1.0.200.202301161003/tools/bin/../lib/gcc/arm-none-eabi/10.3.1/../../../../arm-none-eabi/lib/thumb/v7e-m+fp/hard\libc_nano.a(lib_a-snprintf.o)
                0x00000000080088ac                sniprintf
                0x00000000080088ac                snprintf
 .text.__ssputs_r
                0x0000000008008914       0xb6 c:/st/stm32cubeide_1.12.1/stm32cubeide/plugins/com.st.stm32cube.ide.mcu.externaltools.gnu-tools-for-stm32.10.3-2021.10.win32_1.0.200.202301161003/tools/bin/../lib/gcc/arm-none-eabi/10.3.1/../../../../arm-none-eabi/lib/thumb/v7e-m+fp/hard\libc_nano.a(lib_a-nano-svfprintf.o)
                0x0000000008008914                __ssputs_r
 *fill*         0x00000000080089ca        0x2 
 .text._svfprintf_r
                0x00000000080089cc      0x200 c:/st/stm32cubeide_1.12.1/stm32cubeide/plugins/com.st.stm32cube.ide.mcu.externaltools.gnu-tools-for-stm32.10.3-2021.10.win32_1.0.200.202301161003/tools/bin/../lib/gcc/arm-none-eabi/10.3.1/../../../../arm-none-eabi/lib/thumb/v7e-m+fp/hard\libc_nano.a(lib_a-nano-svfprintf.o)
                0x00000000080089cc                _svfiprintf_r
                0x00000000080089cc                _svfprintf_r
 .text._printf_common
                0x0000000008008bcc       0xda c:/st/stm32cubeide_1.12.1/stm32cubeide/plugins/com.st.stm32cube.ide.mcu.externaltools.gnu-tools-for-stm32.10.3-2021.10.win32_1.0.200.202301161003/tools/bin/../lib/gcc/arm-none-eabi/10.3.1/../../../../arm-none-eabi/lib/thumb/v7e-m+fp/hard\libc_nano.a(lib_a-nano-vfprintf_i.o)
                0x0000000008008bcc                _printf_common
 *fill*         0x0000000008008ca6        0x2 
 .text._printf_i
                0x0000000008008ca8      0x24c c:/st/stm32cubeide_1.12.1/stm32cubeide/plugins/com.st.stm32cube.ide.mcu.externaltools.gnu-tools-for-stm32.10.3-2021.10.win32_1.0.200.202301161003/tools/bin/../lib/gcc/arm-none-eabi/10.3.1/../../../../arm-none-eabi/lib/thumb/v7e-m+fp/hard\libc_nano.a(lib_a-nano-vfprintf_i.o)
                0x0000000008008ca8                _printf_i
 .text.memcpy   0x0000000008008ef4       0x1c c:/st/stm32cubeide_1.12.1/stm32cubeide/plugins/com.st.stm32cube.ide.mcu.externaltools.gnu-tools-for-stm32.10.3-2021.10.win32_1.0.200.202301161003/tools/bin/../lib/gcc/arm-none-eabi/10.3.1/../../../../arm-none-eabi/lib/thumb/v7e-m+fp/hard\libc_nano.a(lib_a-memcpy-stub.o)
                0x0000000008008ef4                memcpy
 .text.memmove  0x0000000008008f10       0x34 c:/st/stm32cubeide_1.12.1/stm32cubeide/plugins/com.st.stm32cube.ide.mcu.externaltools.gnu-tools-for-stm32.10.3-2021.10.win32_1.0.200.202301161003/tools/bin/../lib/gcc/arm-none-eabi/10.3.1/../../../../arm-none-eabi/lib/thumb/v7e-m+fp/hard\libc_nano.a(lib_a-memmove.o)
                0x0000000008008f10                memmove
 .text._free_r  0x0000000008008f44       0x98 c:/st/stm32cubeide_1.12.1/stm32cubeide/plugins/com.st.stm32cube.ide.mcu.externaltools.gnu-tools-for-stm32.10.3-2021.10.win32_1.0.200.202301161003/tools/bin/../lib/gcc/arm-none-eabi/10.3.1/../../../../arm-none-eabi/lib/thumb/v7e-m+fp/hard\libc_nano.a(lib_a-nano-freer.o)
                0x0000000008008f44                _free_r
 .text.sbrk_aligned
                0x0000000008008fdc       0x40 c:/st/stm32cubeide_1.12.1/stm32cubeide/plugins/com.st.stm32cube.ide.mcu.externaltools.gnu-tools-for-stm32.10.3-2021.10.win32_1.0.200.202301161003/tools/bin/../lib/gcc/arm-none-eabi/10.3.1/../../../../arm-none-eabi/lib/thumb/v7e-m+fp/hard\libc_nano.a(lib_a-nano-mallocr.o)
 .text._malloc_r
                0x000000000800901c       0xe8 c:/st/stm32cubeide_1.12.1/stm32cubeide/plugins/com.st.stm32cube.ide.mcu.externaltools.gnu-tools-for-stm32.10.3-2021.10.win32_1.0.200.202301161003/tools/bin/../lib/gcc/arm-none-eabi/10.3.1/../../../../arm-none-eabi/lib/thumb/v7e-m+fp/hard\libc_nano.a(lib_a-nano-mallocr.o)
                0x000000000800901c                _malloc_r
 .text._realloc_r
                0x0000000008009104       0x5e c:/st/stm32cubeide_1.12.1/stm32cubeide/plugins/com.st.stm32cube.ide.mcu.externaltools.gnu-tools-for-stm32.10.3-2021.10.win32_1.0.200.202301161003/tools/bin/../lib/gcc/arm-none-eabi/10.3.1/../../../../arm-none-eabi/lib/thumb/v7e-m+fp/hard\libc_nano.a(lib_a-nano-reallocr.o)
                0x0000000008009104                _realloc_r
 *fill*         0x0000000008009162        0x2 
 .text._sbrk_r  0x0000000008009164       0x20 c:/st/stm32cubeide_1.12.1/stm32cubeide/plugins/com.st.stm32cube.ide.mcu.externaltools.gnu-tools-for-stm32.10.3-2021.10.win32_1.0.200.202301161003/tools/bin/../lib/gcc/arm-none-eabi/10.3.1/../../../../arm-none-eabi/lib/thumb/v7e-m+fp/hard\libc_nano.a(lib_a-sbrkr.o)
                0x0000000008009164                _sbrk_r
 .text.__malloc_lock
                0x0000000008009184        0xc c:/st/stm32cubeide_1.12.1/stm32cubeide/plugins/com.st.stm32cube.ide.mcu.externaltools.gnu-tools-for-stm32.10.3-2021.10.win32_1.0.200.202301161003/tools/bin/../lib/gcc/arm-none-eabi/10.3.1/../../../../arm-none-eabi/lib/thumb/v7e-m+fp/hard\libc_nano.a(lib_a-mlock.o)
                0x0000000008009184                __malloc_lock
 .text.__malloc_unlock
                0x0000000008009190        0xc c:/st/stm32cubeide_1.12.1/stm32cubeide/plugins/com.st.stm32cube.ide.mcu.externaltools.gnu-tools-for-stm32.10.3-2021.10.win32_1.0.200.202301161003/tools/bin/../lib/gcc/arm-none-eabi/10.3.1/../../../../arm-none-eabi/lib/thumb/v7e-m+fp/hard\libc_nano.a(lib_a-mlock.o)
                0x0000000008009190                __malloc_unlock
 .text._malloc_usable_size_r
                0x000000000800919c       0x10 c:/st/stm32cubeide_1.12.1/stm32cubeide/plugins/com.st.stm32cube.ide.mcu.externaltools.gnu-tools-for-stm32.10.3-2021.10.win32_1.0.200.202301161003/tools/bin/../lib/gcc/arm-none-eabi/10.3.1/../../../../arm-none-eabi/lib/thumb/v7e-m+fp/hard\libc_nano.a(lib_a-nano-msizer.o)
                0x000000000800919c                _malloc_usable_size_r
 .text.__retarget_lock_acquire_recursive
                0x00000000080091ac        0x2 c:/st/stm32cubeide_1.12.1/stm32cubeide/plugins/com.st.stm32cube.ide.mcu.externaltools.gnu-tools-for-stm32.10.3-2021.10.win32_1.0.200.202301161003/tools/bin/../lib/gcc/arm-none-eabi/10.3.1/../../../../arm-none-eabi/lib/thumb/v7e-m+fp/hard\libc_nano.a(lib_a-lock.o)
                0x00000000080091ac                __retarget_lock_acquire_recursive
 .text.__retarget_lock_release_recursive
                0x00000000080091ae        0x2 c:/st/stm32cubeide_1.12.1/stm32cubeide/plugins/com.st.stm32cube.ide.mcu.externaltools.gnu-tools-for-stm32.10.3-2021.10.win32_1.0.200.202301161003/tools/bin/../lib/gcc/arm-none-eabi/10.3.1/../../../../arm-none-eabi/lib/thumb/v7e-m+fp/hard\libc_nano.a(lib_a-lock.o)
                0x00000000080091ae                __retarget_lock_release_recursive
 *(.glue_7)
 .glue_7        0x00000000080091b0        0x0 linker stubs
 *(.glue_7t)
 .glue_7t       0x00000000080091b0        0x0 linker stubs
 *(.eh_frame)
 .eh_frame      0x00000000080091b0        0x0 c:/st/stm32cubeide_1.12.1/stm32cubeide/plugins/com.st.stm32cube.ide.mcu.externaltools.gnu-tools-for-stm32.10.3-2021.10.win32_1.0.200.202301161003/tools/bin/../lib/gcc/arm-none-eabi/10.3.1/thumb/v7e-m+fp/hard/crtbegin.o
 *(.init)
 .init          0x00000000080091b0        0x4 c:/st/stm32cubeide_1.12.1/stm32cubeide/plugins/com.st.stm32cube.ide.mcu.externaltools.gnu-tools-for-stm32.10.3-2021.10.win32_1.0.200.202301161003/tools/bin/../lib/gcc/arm-none-eabi/10.3.1/thumb/v7e-m+fp/hard/crti.o
                0x00000000080091b0                _init
 .init          0x00000000080091b4        0x8 c:/st/stm32cubeide_1.12.1/stm32cubeide/plugins/com.st.stm32cube.ide.mcu.externaltools.gnu-tools-for-stm32.10.3-2021.10.win32_1.0.200.202301161003/tools/bin/../lib/gcc/arm-none-eabi/10.3.1/thumb/v7e-m+fp/hard/crtn.o
 *(.fini)
 .fini          0x00000000080091bc        0x4 c:/st/stm32cubeide_1.12.1/stm32cubeide/plugins/com.st.stm32cube.ide.mcu.externaltools.gnu-tools-for-stm32.10.3-2021.10.win32_1.0.200.202301161003/tools/bin/../lib/gcc/arm-none-eabi/10.3.1/thumb/v7e-m+fp/hard/crti.o
                0x00000000080091bc                _fini
 .fini          0x00000000080091c0        0x8 c:/st/stm32cubeide_1.12.1/stm32cubeide/plugins/com.st.stm32cube.ide.mcu.externaltools.gnu-tools-for-stm32.10.3-2021.10.win32_1.0.200.202301161003/tools/bin/../lib/gcc/arm-none-eabi/10.3.1/thumb/v7e-m+fp/hard/crtn.o
                0x00000000080091c8                . = ALIGN (0x4)
                0x00000000080091c8                _etext = .

.vfp11_veneer   0x00000000080091c8        0x0
 .vfp11_veneer  0x00000000080091c8        0x0 linker stubs

.v4_bx          0x00000000080091c8        0x0
 .v4_bx         0x00000000080091c8        0x0 linker stubs

.iplt           0x00000000080091c8        0x0
 .iplt          0x00000000080091c8        0x0 c:/st/stm32cubeide_1.12.1/stm32cubeide/plugins/com.st.stm32cube.ide.mcu.externaltools.gnu-tools-for-stm32.10.3-2021.10.win32_1.0.200.202301161003/tools/bin/../lib/gcc/arm-none-eabi/10.3.1/thumb/v7e-m+fp/hard/crtbegin.o

.rodata         0x00000000080091c8     0x6030
                0x00000000080091c8                . = ALIGN (0x4)
 *(.rodata)
 .rodata        0x00000000080091c8       0x5a ./DISPLAY/App/app_display.o
 *(.rodata*)
 *fill*         0x0000000008009222        0x2 
 .rodata.Font20_Table
                0x0000000008009224      0xed8 ./Core/Src/font20.o
                0x0000000008009224                Font20_Table
 .rodata.Font24_Table
                0x000000000800a0fc     0x1ab8 ./Core/Src/font24.o
                0x000000000800a0fc                Font24_Table
 .rodata.Font48_Table
                0x000000000800bbb4     0x3570 ./Core/Src/font48.o
                0x000000000800bbb4                Font48_Table
 .rodata.AHBPrescTable
                0x000000000800f124       0x10 ./Core/Src/system_stm32l4xx.o
                0x000000000800f124                AHBPrescTable
 .rodata.MSIRangeTable
                0x000000000800f134       0x30 ./Core/Src/system_stm32l4xx.o
                0x000000000800f134                MSIRangeTable
 .rodata.LCD_Driver
                0x000000000800f164       0x2c ./DISPLAY/App/app_display.o
 .rodata.MX25L6433F_MEM_Driver
                0x000000000800f190       0x34 ./Drivers/BSP/Components/mx25l6433f/spi/mx25l6433f.o
                0x000000000800f190                MX25L6433F_MEM_Driver
 .rodata._svfprintf_r.str1.1
                0x000000000800f1c4       0x11 c:/st/stm32cubeide_1.12.1/stm32cubeide/plugins/com.st.stm32cube.ide.mcu.externaltools.gnu-tools-for-stm32.10.3-2021.10.win32_1.0.200.202301161003/tools/bin/../lib/gcc/arm-none-eabi/10.3.1/../../../../arm-none-eabi/lib/thumb/v7e-m+fp/hard\libc_nano.a(lib_a-nano-svfprintf.o)
 .rodata._printf_i.str1.1
                0x000000000800f1d5       0x22 c:/st/stm32cubeide_1.12.1/stm32cubeide/plugins/com.st.stm32cube.ide.mcu.externaltools.gnu-tools-for-stm32.10.3-2021.10.win32_1.0.200.202301161003/tools/bin/../lib/gcc/arm-none-eabi/10.3.1/../../../../arm-none-eabi/lib/thumb/v7e-m+fp/hard\libc_nano.a(lib_a-nano-vfprintf_i.o)
                0x000000000800f1f8                . = ALIGN (0x4)
 *fill*         0x000000000800f1f7        0x1 

.rel.dyn        0x000000000800f1f8        0x0
 .rel.iplt      0x000000000800f1f8        0x0 c:/st/stm32cubeide_1.12.1/stm32cubeide/plugins/com.st.stm32cube.ide.mcu.externaltools.gnu-tools-for-stm32.10.3-2021.10.win32_1.0.200.202301161003/tools/bin/../lib/gcc/arm-none-eabi/10.3.1/thumb/v7e-m+fp/hard/crtbegin.o

.ARM.extab      0x000000000800f1f8        0x0
                0x000000000800f1f8                . = ALIGN (0x4)
 *(.ARM.extab* .gnu.linkonce.armextab.*)
                0x000000000800f1f8                . = ALIGN (0x4)

.ARM            0x000000000800f1f8        0x0
                0x000000000800f1f8                . = ALIGN (0x4)
                0x000000000800f1f8                __exidx_start = .
 *(.ARM.exidx*)
                0x000000000800f1f8                __exidx_end = .
                0x000000000800f1f8                . = ALIGN (0x4)

.preinit_array  0x000000000800f1f8        0x0
                0x000000000800f1f8                . = ALIGN (0x4)
                0x000000000800f1f8                PROVIDE (__preinit_array_start = .)
 *(.preinit_array*)
                0x000000000800f1f8                PROVIDE (__preinit_array_end = .)
                0x000000000800f1f8                . = ALIGN (0x4)

.init_array     0x000000000800f1f8        0x4
                0x000000000800f1f8                . = ALIGN (0x4)
                0x000000000800f1f8                PROVIDE (__init_array_start = .)
 *(SORT_BY_NAME(.init_array.*))
 *(.init_array*)
 .init_array    0x000000000800f1f8        0x4 c:/st/stm32cubeide_1.12.1/stm32cubeide/plugins/com.st.stm32cube.ide.mcu.externaltools.gnu-tools-for-stm32.10.3-2021.10.win32_1.0.200.202301161003/tools/bin/../lib/gcc/arm-none-eabi/10.3.1/thumb/v7e-m+fp/hard/crtbegin.o
                0x000000000800f1fc                PROVIDE (__init_array_end = .)
                0x000000000800f1fc                . = ALIGN (0x4)

.fini_array     0x000000000800f1fc        0x4
                0x000000000800f1fc                . = ALIGN (0x4)
                [!provide]                        PROVIDE (__fini_array_start = .)
 *(SORT_BY_NAME(.fini_array.*))
 *(.fini_array*)
 .fini_array    0x000000000800f1fc        0x4 c:/st/stm32cubeide_1.12.1/stm32cubeide/plugins/com.st.stm32cube.ide.mcu.externaltools.gnu-tools-for-stm32.10.3-2021.10.win32_1.0.200.202301161003/tools/bin/../lib/gcc/arm-none-eabi/10.3.1/thumb/v7e-m+fp/hard/crtbegin.o
                [!provide]                        PROVIDE (__fini_array_end = .)
                0x000000000800f200                . = ALIGN (0x4)
                0x000000000800f200                _sidata = LOADADDR (.data)

.data           0x0000000020000000       0xec load address 0x000000000800f200
                0x0000000020000000                . = ALIGN (0x4)
                0x0000000020000000                _sdata = .
 *(.data)
 *(.data*)
 .data.Font20   0x0000000020000000        0x8 ./Core/Src/font20.o
                0x0000000020000000                Font20
 .data.Font24   0x0000000020000008        0x8 ./Core/Src/font24.o
                0x0000000020000008                Font24
 .data.Font48   0x0000000020000010        0x8 ./Core/Src/font48.o
                0x0000000020000010                Font48
 .data.SystemCoreClock
                0x0000000020000018        0x4 ./Core/Src/system_stm32l4xx.o
                0x0000000020000018                SystemCoreClock
 .data.vesc_id  0x000000002000001c        0x1 ./Core/Src/vesc.o
                0x000000002000001c                vesc_id
 .data.key      0x000000002000001d        0x1 ./DISPLAY/App/app_display.o
 *fill*         0x000000002000001e        0x2 
 .data.ILI9341_LCD_Driver
                0x0000000020000020       0x50 ./Drivers/BSP/Components/ili9341/ili9341.o
                0x0000000020000020                ILI9341_LCD_Driver
 .data.OrientationTab
                0x0000000020000070       0x10 ./Drivers/BSP/Components/ili9341/ili9341.o
 .data.uwTickPrio
                0x0000000020000080        0x4 ./Drivers/STM32L4xx_HAL_Driver/Src/stm32l4xx_hal.o
                0x0000000020000080                uwTickPrio
 .data.uwTickFreq
                0x0000000020000084        0x1 ./Drivers/STM32L4xx_HAL_Driver/Src/stm32l4xx_hal.o
                0x0000000020000084                uwTickFreq
 *fill*         0x0000000020000085        0x3 
 .data._impure_ptr
                0x0000000020000088        0x4 c:/st/stm32cubeide_1.12.1/stm32cubeide/plugins/com.st.stm32cube.ide.mcu.externaltools.gnu-tools-for-stm32.10.3-2021.10.win32_1.0.200.202301161003/tools/bin/../lib/gcc/arm-none-eabi/10.3.1/../../../../arm-none-eabi/lib/thumb/v7e-m+fp/hard\libc_nano.a(lib_a-impure.o)
                0x0000000020000088                _impure_ptr
 .data.impure_data
                0x000000002000008c       0x60 c:/st/stm32cubeide_1.12.1/stm32cubeide/plugins/com.st.stm32cube.ide.mcu.externaltools.gnu-tools-for-stm32.10.3-2021.10.win32_1.0.200.202301161003/tools/bin/../lib/gcc/arm-none-eabi/10.3.1/../../../../arm-none-eabi/lib/thumb/v7e-m+fp/hard\libc_nano.a(lib_a-impure.o)
 *(.RamFunc)
 *(.RamFunc*)
                0x00000000200000ec                . = ALIGN (0x4)
                0x00000000200000ec                _edata = .

.igot.plt       0x00000000200000ec        0x0 load address 0x000000000800f2ec
 .igot.plt      0x00000000200000ec        0x0 c:/st/stm32cubeide_1.12.1/stm32cubeide/plugins/com.st.stm32cube.ide.mcu.externaltools.gnu-tools-for-stm32.10.3-2021.10.win32_1.0.200.202301161003/tools/bin/../lib/gcc/arm-none-eabi/10.3.1/thumb/v7e-m+fp/hard/crtbegin.o
                0x00000000200000ec                . = ALIGN (0x4)

.bss            0x00000000200000ec     0xb890 load address 0x000000000800f2ec
                0x00000000200000ec                _sbss = .
                0x00000000200000ec                __bss_start__ = _sbss
 *(.bss)
 .bss           0x00000000200000ec       0x1c c:/st/stm32cubeide_1.12.1/stm32cubeide/plugins/com.st.stm32cube.ide.mcu.externaltools.gnu-tools-for-stm32.10.3-2021.10.win32_1.0.200.202301161003/tools/bin/../lib/gcc/arm-none-eabi/10.3.1/thumb/v7e-m+fp/hard/crtbegin.o
 *(.bss*)
 .bss.hcan1     0x0000000020000108       0x28 ./Core/Src/main.o
                0x0000000020000108                hcan1
 .bss.htim2     0x0000000020000130       0x4c ./Core/Src/main.o
                0x0000000020000130                htim2
 .bss.DrawProp  0x000000002000017c       0x40 ./Core/Src/stm32_lcd.o
 .bss.FuncDriver
                0x00000000200001bc       0x2c ./Core/Src/stm32_lcd.o
 .bss.hspi2     0x00000000200001e8       0x8c ./Core/Src/stm32l4xx_nucleo_bus.o
                0x00000000200001e8                hspi2
 .bss.hspi1     0x0000000020000274       0x8c ./Core/Src/stm32l4xx_nucleo_bus.o
                0x0000000020000274                hspi1
 .bss.IsSPI2MspCbValid
                0x0000000020000300        0x4 ./Core/Src/stm32l4xx_nucleo_bus.o
 .bss.SPI2InitCounter
                0x0000000020000304        0x4 ./Core/Src/stm32l4xx_nucleo_bus.o
 .bss.IsSPI1MspCbValid
                0x0000000020000308        0x4 ./Core/Src/stm32l4xx_nucleo_bus.o
 .bss.SPI1InitCounter
                0x000000002000030c        0x4 ./Core/Src/stm32l4xx_nucleo_bus.o
 .bss.hdma_spi2_rx
                0x0000000020000310       0x48 ./Core/Src/stm32l4xx_nucleo_bus.o
                0x0000000020000310                hdma_spi2_rx
 .bss.hdma_spi2_tx
                0x0000000020000358       0x48 ./Core/Src/stm32l4xx_nucleo_bus.o
                0x0000000020000358                hdma_spi2_tx
 .bss.hdma_spi1_tx
                0x00000000200003a0       0x48 ./Core/Src/stm32l4xx_nucleo_bus.o
                0x00000000200003a0                hdma_spi1_tx
 .bss.hdma_spi1_rx
                0x00000000200003e8       0x48 ./Core/Src/stm32l4xx_nucleo_bus.o
                0x00000000200003e8                hdma_spi1_rx
 .bss.__sbrk_heap_end
                0x0000000020000430        0x4 ./Core/Src/sysmem.o
 .bss.RxData    0x0000000020000434        0x8 ./Core/Src/vesc.o
                0x0000000020000434                RxData
 .bss.vescMessage
                0x000000002000043c        0x8 ./Core/Src/vesc.o
                0x000000002000043c                vescMessage
 .bss.vesc_can  0x0000000020000444        0x4 ./Core/Src/vesc.o
 .bss.CacheBuffer
                0x0000000020000448     0xb400 ./DISPLAY/App/app_display.o
 .bss.posx      0x000000002000b848        0x2 ./DISPLAY/App/app_display.o
 .bss.posy      0x000000002000b84a        0x2 ./DISPLAY/App/app_display.o
 .bss.LCD_Width
                0x000000002000b84c        0x4 ./DISPLAY/App/app_display.o
 .bss.LCD_Height
                0x000000002000b850        0x4 ./DISPLAY/App/app_display.o
 .bss.LCD_Orientation
                0x000000002000b854        0x4 ./DISPLAY/App/app_display.o
 .bss.speed     0x000000002000b858        0x1 ./DISPLAY/App/app_display.o
 .bss.assist_level
                0x000000002000b859        0x1 ./DISPLAY/App/app_display.o
 .bss.battery_level
                0x000000002000b85a        0x1 ./DISPLAY/App/app_display.o
 .bss.available_power
                0x000000002000b85b        0x1 ./DISPLAY/App/app_display.o
 .bss.buffer    0x000000002000b85c       0x10 ./DISPLAY/App/app_display.o
 .bss.tearing_effect_counter
                0x000000002000b86c        0x2 ./DISPLAY/App/app_display.o
 .bss.currentScreen
                0x000000002000b86e        0x1 ./DISPLAY/App/app_display.o
                0x000000002000b86e                currentScreen
 *fill*         0x000000002000b86f        0x1 
 .bss.KeyCtx    0x000000002000b870        0x4 ./DISPLAY/Target/key_io.o
 .bss.hexti_lcd_te
                0x000000002000b874        0x8 ./DISPLAY/Target/lcd_io.o
                0x000000002000b874                hexti_lcd_te
 .bss.LcdCompObj
                0x000000002000b87c        0x4 ./DISPLAY/Target/lcd_io.o
 .bss.LcdDrv    0x000000002000b880        0x4 ./DISPLAY/Target/lcd_io.o
 .bss.IOCtx     0x000000002000b884       0x2c ./DISPLAY/Target/lcd_io.o
 .bss.ObjCtx    0x000000002000b8b0       0x54 ./DISPLAY/Target/lcd_io.o
 .bss.lcd_sem   0x000000002000b904        0x1 ./DISPLAY/Target/lcd_os.o
 *fill*         0x000000002000b905        0x3 
 .bss.MemCompObj
                0x000000002000b908        0x4 ./DISPLAY/Target/mem_io.o
 .bss.MemDrv    0x000000002000b90c        0x4 ./DISPLAY/Target/mem_io.o
 .bss.IOCtx     0x000000002000b910       0x20 ./DISPLAY/Target/mem_io.o
 .bss.ObjCtx    0x000000002000b930       0x28 ./DISPLAY/Target/mem_io.o
 .bss.mem_sem   0x000000002000b958        0x1 ./DISPLAY/Target/mem_os.o
 *fill*         0x000000002000b959        0x3 
 .bss.ILI9341Ctx
                0x000000002000b95c        0xc ./Drivers/BSP/Components/ili9341/ili9341.o
 .bss.uwTick    0x000000002000b968        0x4 ./Drivers/STM32L4xx_HAL_Driver/Src/stm32l4xx_hal.o
                0x000000002000b968                uwTick
 .bss.__malloc_free_list
                0x000000002000b96c        0x4 c:/st/stm32cubeide_1.12.1/stm32cubeide/plugins/com.st.stm32cube.ide.mcu.externaltools.gnu-tools-for-stm32.10.3-2021.10.win32_1.0.200.202301161003/tools/bin/../lib/gcc/arm-none-eabi/10.3.1/../../../../arm-none-eabi/lib/thumb/v7e-m+fp/hard\libc_nano.a(lib_a-nano-mallocr.o)
                0x000000002000b96c                __malloc_free_list
 .bss.__malloc_sbrk_start
                0x000000002000b970        0x4 c:/st/stm32cubeide_1.12.1/stm32cubeide/plugins/com.st.stm32cube.ide.mcu.externaltools.gnu-tools-for-stm32.10.3-2021.10.win32_1.0.200.202301161003/tools/bin/../lib/gcc/arm-none-eabi/10.3.1/../../../../arm-none-eabi/lib/thumb/v7e-m+fp/hard\libc_nano.a(lib_a-nano-mallocr.o)
                0x000000002000b970                __malloc_sbrk_start
 .bss.errno     0x000000002000b974        0x4 c:/st/stm32cubeide_1.12.1/stm32cubeide/plugins/com.st.stm32cube.ide.mcu.externaltools.gnu-tools-for-stm32.10.3-2021.10.win32_1.0.200.202301161003/tools/bin/../lib/gcc/arm-none-eabi/10.3.1/../../../../arm-none-eabi/lib/thumb/v7e-m+fp/hard\libc_nano.a(lib_a-reent.o)
                0x000000002000b974                errno
 .bss.__lock___malloc_recursive_mutex
                0x000000002000b978        0x1 c:/st/stm32cubeide_1.12.1/stm32cubeide/plugins/com.st.stm32cube.ide.mcu.externaltools.gnu-tools-for-stm32.10.3-2021.10.win32_1.0.200.202301161003/tools/bin/../lib/gcc/arm-none-eabi/10.3.1/../../../../arm-none-eabi/lib/thumb/v7e-m+fp/hard\libc_nano.a(lib_a-lock.o)
                0x000000002000b978                __lock___malloc_recursive_mutex
 *(COMMON)
                0x000000002000b97c                . = ALIGN (0x4)
 *fill*         0x000000002000b979        0x3 
                0x000000002000b97c                _ebss = .
                0x000000002000b97c                __bss_end__ = _ebss

._user_heap_stack
                0x000000002000b97c      0x804 load address 0x000000000800f2ec
                0x000000002000b980                . = ALIGN (0x8)
 *fill*         0x000000002000b97c        0x4 
                [!provide]                        PROVIDE (end = .)
                0x000000002000b980                PROVIDE (_end = .)
                0x000000002000bd80                . = (. + _Min_Heap_Size)
 *fill*         0x000000002000b980      0x400 
                0x000000002000c180                . = (. + _Min_Stack_Size)
 *fill*         0x000000002000bd80      0x400 
                0x000000002000c180                . = ALIGN (0x8)

/DISCARD/
 libc.a(*)
 libm.a(*)
 libgcc.a(*)

.ARM.attributes
                0x0000000000000000       0x30
 *(.ARM.attributes)
 .ARM.attributes
                0x0000000000000000       0x1e c:/st/stm32cubeide_1.12.1/stm32cubeide/plugins/com.st.stm32cube.ide.mcu.externaltools.gnu-tools-for-stm32.10.3-2021.10.win32_1.0.200.202301161003/tools/bin/../lib/gcc/arm-none-eabi/10.3.1/thumb/v7e-m+fp/hard/crti.o
 .ARM.attributes
                0x000000000000001e       0x34 c:/st/stm32cubeide_1.12.1/stm32cubeide/plugins/com.st.stm32cube.ide.mcu.externaltools.gnu-tools-for-stm32.10.3-2021.10.win32_1.0.200.202301161003/tools/bin/../lib/gcc/arm-none-eabi/10.3.1/thumb/v7e-m+fp/hard/crtbegin.o
 .ARM.attributes
                0x0000000000000052       0x34 ./Core/Src/font20.o
 .ARM.attributes
                0x0000000000000086       0x34 ./Core/Src/font24.o
 .ARM.attributes
                0x00000000000000ba       0x34 ./Core/Src/font48.o
 .ARM.attributes
                0x00000000000000ee       0x34 ./Core/Src/main.o
 .ARM.attributes
                0x0000000000000122       0x34 ./Core/Src/stm32_lcd.o
 .ARM.attributes
                0x0000000000000156       0x34 ./Core/Src/stm32l4xx_hal_msp.o
 .ARM.attributes
                0x000000000000018a       0x34 ./Core/Src/stm32l4xx_it.o
 .ARM.attributes
                0x00000000000001be       0x34 ./Core/Src/stm32l4xx_nucleo_bus.o
 .ARM.attributes
                0x00000000000001f2       0x34 ./Core/Src/sysmem.o
 .ARM.attributes
                0x0000000000000226       0x34 ./Core/Src/system_stm32l4xx.o
 .ARM.attributes
                0x000000000000025a       0x34 ./Core/Src/vesc.o
 .ARM.attributes
                0x000000000000028e       0x21 ./Core/Startup/startup_stm32l476rgtx.o
 .ARM.attributes
                0x00000000000002af       0x34 ./DISPLAY/App/app_display.o
 .ARM.attributes
                0x00000000000002e3       0x34 ./DISPLAY/Target/key_io.o
 .ARM.attributes
                0x0000000000000317       0x34 ./DISPLAY/Target/lcd_io.o
 .ARM.attributes
                0x000000000000034b       0x34 ./DISPLAY/Target/lcd_os.o
 .ARM.attributes
                0x000000000000037f       0x34 ./DISPLAY/Target/mem_io.o
 .ARM.attributes
                0x00000000000003b3       0x34 ./DISPLAY/Target/mem_os.o
 .ARM.attributes
                0x00000000000003e7       0x34 ./Drivers/BSP/Components/ili9341/ili9341.o
 .ARM.attributes
                0x000000000000041b       0x34 ./Drivers/BSP/Components/ili9341/ili9341_reg.o
 .ARM.attributes
                0x000000000000044f       0x34 ./Drivers/BSP/Components/mx25l6433f/spi/mx25l6433f.o
 .ARM.attributes
                0x0000000000000483       0x34 ./Drivers/STM32L4xx_HAL_Driver/Src/stm32l4xx_hal.o
 .ARM.attributes
                0x00000000000004b7       0x34 ./Drivers/STM32L4xx_HAL_Driver/Src/stm32l4xx_hal_can.o
 .ARM.attributes
                0x00000000000004eb       0x34 ./Drivers/STM32L4xx_HAL_Driver/Src/stm32l4xx_hal_cortex.o
 .ARM.attributes
                0x000000000000051f       0x34 ./Drivers/STM32L4xx_HAL_Driver/Src/stm32l4xx_hal_dma.o
 .ARM.attributes
                0x0000000000000553       0x34 ./Drivers/STM32L4xx_HAL_Driver/Src/stm32l4xx_hal_exti.o
 .ARM.attributes
                0x0000000000000587       0x34 ./Drivers/STM32L4xx_HAL_Driver/Src/stm32l4xx_hal_gpio.o
 .ARM.attributes
                0x00000000000005bb       0x34 ./Drivers/STM32L4xx_HAL_Driver/Src/stm32l4xx_hal_pwr_ex.o
 .ARM.attributes
                0x00000000000005ef       0x34 ./Drivers/STM32L4xx_HAL_Driver/Src/stm32l4xx_hal_rcc.o
 .ARM.attributes
                0x0000000000000623       0x34 ./Drivers/STM32L4xx_HAL_Driver/Src/stm32l4xx_hal_spi.o
 .ARM.attributes
                0x0000000000000657       0x34 ./Drivers/STM32L4xx_HAL_Driver/Src/stm32l4xx_hal_tim.o
 .ARM.attributes
                0x000000000000068b       0x34 ./Drivers/STM32L4xx_HAL_Driver/Src/stm32l4xx_hal_tim_ex.o
 .ARM.attributes
                0x00000000000006bf       0x34 c:/st/stm32cubeide_1.12.1/stm32cubeide/plugins/com.st.stm32cube.ide.mcu.externaltools.gnu-tools-for-stm32.10.3-2021.10.win32_1.0.200.202301161003/tools/bin/../lib/gcc/arm-none-eabi/10.3.1/../../../../arm-none-eabi/lib/thumb/v7e-m+fp/hard\libc_nano.a(lib_a-errno.o)
 .ARM.attributes
                0x00000000000006f3       0x34 c:/st/stm32cubeide_1.12.1/stm32cubeide/plugins/com.st.stm32cube.ide.mcu.externaltools.gnu-tools-for-stm32.10.3-2021.10.win32_1.0.200.202301161003/tools/bin/../lib/gcc/arm-none-eabi/10.3.1/../../../../arm-none-eabi/lib/thumb/v7e-m+fp/hard\libc_nano.a(lib_a-impure.o)
 .ARM.attributes
                0x0000000000000727       0x34 c:/st/stm32cubeide_1.12.1/stm32cubeide/plugins/com.st.stm32cube.ide.mcu.externaltools.gnu-tools-for-stm32.10.3-2021.10.win32_1.0.200.202301161003/tools/bin/../lib/gcc/arm-none-eabi/10.3.1/../../../../arm-none-eabi/lib/thumb/v7e-m+fp/hard\libc_nano.a(lib_a-init.o)
 .ARM.attributes
                0x000000000000075b       0x34 c:/st/stm32cubeide_1.12.1/stm32cubeide/plugins/com.st.stm32cube.ide.mcu.externaltools.gnu-tools-for-stm32.10.3-2021.10.win32_1.0.200.202301161003/tools/bin/../lib/gcc/arm-none-eabi/10.3.1/../../../../arm-none-eabi/lib/thumb/v7e-m+fp/hard\libc_nano.a(lib_a-memset.o)
 .ARM.attributes
                0x000000000000078f       0x34 c:/st/stm32cubeide_1.12.1/stm32cubeide/plugins/com.st.stm32cube.ide.mcu.externaltools.gnu-tools-for-stm32.10.3-2021.10.win32_1.0.200.202301161003/tools/bin/../lib/gcc/arm-none-eabi/10.3.1/../../../../arm-none-eabi/lib/thumb/v7e-m+fp/hard\libc_nano.a(lib_a-snprintf.o)
 .ARM.attributes
                0x00000000000007c3       0x34 c:/st/stm32cubeide_1.12.1/stm32cubeide/plugins/com.st.stm32cube.ide.mcu.externaltools.gnu-tools-for-stm32.10.3-2021.10.win32_1.0.200.202301161003/tools/bin/../lib/gcc/arm-none-eabi/10.3.1/../../../../arm-none-eabi/lib/thumb/v7e-m+fp/hard\libc_nano.a(lib_a-nano-svfprintf.o)
 .ARM.attributes
                0x00000000000007f7       0x34 c:/st/stm32cubeide_1.12.1/stm32cubeide/plugins/com.st.stm32cube.ide.mcu.externaltools.gnu-tools-for-stm32.10.3-2021.10.win32_1.0.200.202301161003/tools/bin/../lib/gcc/arm-none-eabi/10.3.1/../../../../arm-none-eabi/lib/thumb/v7e-m+fp/hard\libc_nano.a(lib_a-nano-vfprintf_i.o)
 .ARM.attributes
                0x000000000000082b       0x1c c:/st/stm32cubeide_1.12.1/stm32cubeide/plugins/com.st.stm32cube.ide.mcu.externaltools.gnu-tools-for-stm32.10.3-2021.10.win32_1.0.200.202301161003/tools/bin/../lib/gcc/arm-none-eabi/10.3.1/../../../../arm-none-eabi/lib/thumb/v7e-m+fp/hard\libc_nano.a(lib_a-memchr.o)
 .ARM.attributes
                0x0000000000000847       0x34 c:/st/stm32cubeide_1.12.1/stm32cubeide/plugins/com.st.stm32cube.ide.mcu.externaltools.gnu-tools-for-stm32.10.3-2021.10.win32_1.0.200.202301161003/tools/bin/../lib/gcc/arm-none-eabi/10.3.1/../../../../arm-none-eabi/lib/thumb/v7e-m+fp/hard\libc_nano.a(lib_a-memcpy-stub.o)
 .ARM.attributes
                0x000000000000087b       0x34 c:/st/stm32cubeide_1.12.1/stm32cubeide/plugins/com.st.stm32cube.ide.mcu.externaltools.gnu-tools-for-stm32.10.3-2021.10.win32_1.0.200.202301161003/tools/bin/../lib/gcc/arm-none-eabi/10.3.1/../../../../arm-none-eabi/lib/thumb/v7e-m+fp/hard\libc_nano.a(lib_a-memmove.o)
 .ARM.attributes
                0x00000000000008af       0x34 c:/st/stm32cubeide_1.12.1/stm32cubeide/plugins/com.st.stm32cube.ide.mcu.externaltools.gnu-tools-for-stm32.10.3-2021.10.win32_1.0.200.202301161003/tools/bin/../lib/gcc/arm-none-eabi/10.3.1/../../../../arm-none-eabi/lib/thumb/v7e-m+fp/hard\libc_nano.a(lib_a-nano-freer.o)
 .ARM.attributes
                0x00000000000008e3       0x34 c:/st/stm32cubeide_1.12.1/stm32cubeide/plugins/com.st.stm32cube.ide.mcu.externaltools.gnu-tools-for-stm32.10.3-2021.10.win32_1.0.200.202301161003/tools/bin/../lib/gcc/arm-none-eabi/10.3.1/../../../../arm-none-eabi/lib/thumb/v7e-m+fp/hard\libc_nano.a(lib_a-nano-mallocr.o)
 .ARM.attributes
                0x0000000000000917       0x34 c:/st/stm32cubeide_1.12.1/stm32cubeide/plugins/com.st.stm32cube.ide.mcu.externaltools.gnu-tools-for-stm32.10.3-2021.10.win32_1.0.200.202301161003/tools/bin/../lib/gcc/arm-none-eabi/10.3.1/../../../../arm-none-eabi/lib/thumb/v7e-m+fp/hard\libc_nano.a(lib_a-nano-reallocr.o)
 .ARM.attributes
                0x000000000000094b       0x34 c:/st/stm32cubeide_1.12.1/stm32cubeide/plugins/com.st.stm32cube.ide.mcu.externaltools.gnu-tools-for-stm32.10.3-2021.10.win32_1.0.200.202301161003/tools/bin/../lib/gcc/arm-none-eabi/10.3.1/../../../../arm-none-eabi/lib/thumb/v7e-m+fp/hard\libc_nano.a(lib_a-sbrkr.o)
 .ARM.attributes
                0x000000000000097f       0x34 c:/st/stm32cubeide_1.12.1/stm32cubeide/plugins/com.st.stm32cube.ide.mcu.externaltools.gnu-tools-for-stm32.10.3-2021.10.win32_1.0.200.202301161003/tools/bin/../lib/gcc/arm-none-eabi/10.3.1/../../../../arm-none-eabi/lib/thumb/v7e-m+fp/hard\libc_nano.a(lib_a-mlock.o)
 .ARM.attributes
                0x00000000000009b3       0x34 c:/st/stm32cubeide_1.12.1/stm32cubeide/plugins/com.st.stm32cube.ide.mcu.externaltools.gnu-tools-for-stm32.10.3-2021.10.win32_1.0.200.202301161003/tools/bin/../lib/gcc/arm-none-eabi/10.3.1/../../../../arm-none-eabi/lib/thumb/v7e-m+fp/hard\libc_nano.a(lib_a-nano-msizer.o)
 .ARM.attributes
                0x00000000000009e7       0x34 c:/st/stm32cubeide_1.12.1/stm32cubeide/plugins/com.st.stm32cube.ide.mcu.externaltools.gnu-tools-for-stm32.10.3-2021.10.win32_1.0.200.202301161003/tools/bin/../lib/gcc/arm-none-eabi/10.3.1/../../../../arm-none-eabi/lib/thumb/v7e-m+fp/hard\libc_nano.a(lib_a-reent.o)
 .ARM.attributes
                0x0000000000000a1b       0x34 c:/st/stm32cubeide_1.12.1/stm32cubeide/plugins/com.st.stm32cube.ide.mcu.externaltools.gnu-tools-for-stm32.10.3-2021.10.win32_1.0.200.202301161003/tools/bin/../lib/gcc/arm-none-eabi/10.3.1/../../../../arm-none-eabi/lib/thumb/v7e-m+fp/hard\libc_nano.a(lib_a-lock.o)
 .ARM.attributes
                0x0000000000000a4f       0x1e c:/st/stm32cubeide_1.12.1/stm32cubeide/plugins/com.st.stm32cube.ide.mcu.externaltools.gnu-tools-for-stm32.10.3-2021.10.win32_1.0.200.202301161003/tools/bin/../lib/gcc/arm-none-eabi/10.3.1/thumb/v7e-m+fp/hard/crtn.o
OUTPUT(Sustainawave E-Bike Display.elf elf32-littlearm)
LOAD linker stubs
LOAD c:/st/stm32cubeide_1.12.1/stm32cubeide/plugins/com.st.stm32cube.ide.mcu.externaltools.gnu-tools-for-stm32.10.3-2021.10.win32_1.0.200.202301161003/tools/bin/../lib/gcc/arm-none-eabi/10.3.1/../../../../arm-none-eabi/lib/thumb/v7e-m+fp/hard\libc.a
LOAD c:/st/stm32cubeide_1.12.1/stm32cubeide/plugins/com.st.stm32cube.ide.mcu.externaltools.gnu-tools-for-stm32.10.3-2021.10.win32_1.0.200.202301161003/tools/bin/../lib/gcc/arm-none-eabi/10.3.1/../../../../arm-none-eabi/lib/thumb/v7e-m+fp/hard\libm.a
LOAD c:/st/stm32cubeide_1.12.1/stm32cubeide/plugins/com.st.stm32cube.ide.mcu.externaltools.gnu-tools-for-stm32.10.3-2021.10.win32_1.0.200.202301161003/tools/bin/../lib/gcc/arm-none-eabi/10.3.1/thumb/v7e-m+fp/hard\libgcc.a

.debug_info     0x0000000000000000    0x18d50
 .debug_info    0x0000000000000000      0x127 ./Core/Src/font20.o
 .debug_info    0x0000000000000127      0x127 ./Core/Src/font24.o
 .debug_info    0x000000000000024e      0x126 ./Core/Src/font48.o
 .debug_info    0x0000000000000374     0x1620 ./Core/Src/main.o
 .debug_info    0x0000000000001994     0x11e0 ./Core/Src/stm32_lcd.o
 .debug_info    0x0000000000002b74     0x11e9 ./Core/Src/stm32l4xx_hal_msp.o
 .debug_info    0x0000000000003d5d      0xc55 ./Core/Src/stm32l4xx_it.o
 .debug_info    0x00000000000049b2     0x1625 ./Core/Src/stm32l4xx_nucleo_bus.o
 .debug_info    0x0000000000005fd7      0x171 ./Core/Src/sysmem.o
 .debug_info    0x0000000000006148      0x5c6 ./Core/Src/system_stm32l4xx.o
 .debug_info    0x000000000000670e      0x99a ./Core/Src/vesc.o
 .debug_info    0x00000000000070a8       0x22 ./Core/Startup/startup_stm32l476rgtx.o
 .debug_info    0x00000000000070ca      0xfee ./DISPLAY/App/app_display.o
 .debug_info    0x00000000000080b8      0x38f ./DISPLAY/Target/key_io.o
 .debug_info    0x0000000000008447     0x1b38 ./DISPLAY/Target/lcd_io.o
 .debug_info    0x0000000000009f7f      0x266 ./DISPLAY/Target/lcd_os.o
 .debug_info    0x000000000000a1e5     0x1419 ./DISPLAY/Target/mem_io.o
 .debug_info    0x000000000000b5fe      0x266 ./DISPLAY/Target/mem_os.o
 .debug_info    0x000000000000b864      0xe3d ./Drivers/BSP/Components/ili9341/ili9341.o
 .debug_info    0x000000000000c6a1      0x36a ./Drivers/BSP/Components/ili9341/ili9341_reg.o
 .debug_info    0x000000000000ca0b      0xd64 ./Drivers/BSP/Components/mx25l6433f/spi/mx25l6433f.o
 .debug_info    0x000000000000d76f      0xc57 ./Drivers/STM32L4xx_HAL_Driver/Src/stm32l4xx_hal.o
 .debug_info    0x000000000000e3c6     0x102c ./Drivers/STM32L4xx_HAL_Driver/Src/stm32l4xx_hal_can.o
 .debug_info    0x000000000000f3f2      0xe21 ./Drivers/STM32L4xx_HAL_Driver/Src/stm32l4xx_hal_cortex.o
 .debug_info    0x0000000000010213      0x76a ./Drivers/STM32L4xx_HAL_Driver/Src/stm32l4xx_hal_dma.o
 .debug_info    0x000000000001097d      0x6c6 ./Drivers/STM32L4xx_HAL_Driver/Src/stm32l4xx_hal_exti.o
 .debug_info    0x0000000000011043      0x821 ./Drivers/STM32L4xx_HAL_Driver/Src/stm32l4xx_hal_gpio.o
 .debug_info    0x0000000000011864      0x9f0 ./Drivers/STM32L4xx_HAL_Driver/Src/stm32l4xx_hal_pwr_ex.o
 .debug_info    0x0000000000012254      0xced ./Drivers/STM32L4xx_HAL_Driver/Src/stm32l4xx_hal_rcc.o
 .debug_info    0x0000000000012f41     0x1920 ./Drivers/STM32L4xx_HAL_Driver/Src/stm32l4xx_hal_spi.o
 .debug_info    0x0000000000014861     0x2d04 ./Drivers/STM32L4xx_HAL_Driver/Src/stm32l4xx_hal_tim.o
 .debug_info    0x0000000000017565     0x17eb ./Drivers/STM32L4xx_HAL_Driver/Src/stm32l4xx_hal_tim_ex.o

.debug_abbrev   0x0000000000000000     0x3b6d
 .debug_abbrev  0x0000000000000000       0xb1 ./Core/Src/font20.o
 .debug_abbrev  0x00000000000000b1       0xb1 ./Core/Src/font24.o
 .debug_abbrev  0x0000000000000162       0xb1 ./Core/Src/font48.o
 .debug_abbrev  0x0000000000000213      0x2fd ./Core/Src/main.o
 .debug_abbrev  0x0000000000000510      0x1da ./Core/Src/stm32_lcd.o
 .debug_abbrev  0x00000000000006ea      0x1fd ./Core/Src/stm32l4xx_hal_msp.o
 .debug_abbrev  0x00000000000008e7      0x1d4 ./Core/Src/stm32l4xx_it.o
 .debug_abbrev  0x0000000000000abb      0x29a ./Core/Src/stm32l4xx_nucleo_bus.o
 .debug_abbrev  0x0000000000000d55       0xbb ./Core/Src/sysmem.o
 .debug_abbrev  0x0000000000000e10      0x116 ./Core/Src/system_stm32l4xx.o
 .debug_abbrev  0x0000000000000f26      0x222 ./Core/Src/vesc.o
 .debug_abbrev  0x0000000000001148       0x12 ./Core/Startup/startup_stm32l476rgtx.o
 .debug_abbrev  0x000000000000115a      0x2bf ./DISPLAY/App/app_display.o
 .debug_abbrev  0x0000000000001419      0x183 ./DISPLAY/Target/key_io.o
 .debug_abbrev  0x000000000000159c      0x316 ./DISPLAY/Target/lcd_io.o
 .debug_abbrev  0x00000000000018b2      0x111 ./DISPLAY/Target/lcd_os.o
 .debug_abbrev  0x00000000000019c3      0x2cc ./DISPLAY/Target/mem_io.o
 .debug_abbrev  0x0000000000001c8f      0x111 ./DISPLAY/Target/mem_os.o
 .debug_abbrev  0x0000000000001da0      0x204 ./Drivers/BSP/Components/ili9341/ili9341.o
 .debug_abbrev  0x0000000000001fa4       0xe1 ./Drivers/BSP/Components/ili9341/ili9341_reg.o
 .debug_abbrev  0x0000000000002085      0x22f ./Drivers/BSP/Components/mx25l6433f/spi/mx25l6433f.o
 .debug_abbrev  0x00000000000022b4      0x23a ./Drivers/STM32L4xx_HAL_Driver/Src/stm32l4xx_hal.o
 .debug_abbrev  0x00000000000024ee      0x26c ./Drivers/STM32L4xx_HAL_Driver/Src/stm32l4xx_hal_can.o
 .debug_abbrev  0x000000000000275a      0x316 ./Drivers/STM32L4xx_HAL_Driver/Src/stm32l4xx_hal_cortex.o
 .debug_abbrev  0x0000000000002a70      0x1d7 ./Drivers/STM32L4xx_HAL_Driver/Src/stm32l4xx_hal_dma.o