Archive member included to satisfy reference by file (symbol)

c:/st/stm32cubeide_1.12.1/stm32cubeide/plugins/com.st.stm32cube.ide.mcu.externaltools.gnu-tools-for-stm32.10.3-2021.10.win32_1.0.200.202301161003/tools/bin/../lib/gcc/arm-none-eabi/10.3.1/../../../../arm-none-eabi/lib/thumb/v7e-m+fp/hard\libc_nano.a(lib_a-errno.o)
                              ./Core/Src/syscalls.o (__errno)
c:/st/stm32cubeide_1.12.1/stm32cubeide/plugins/com.st.stm32cube.ide.mcu.externaltools.gnu-tools-for-stm32.10.3-2021.10.win32_1.0.200.202301161003/tools/bin/../lib/gcc/arm-none-eabi/10.3.1/../../../../arm-none-eabi/lib/thumb/v7e-m+fp/hard\libc_nano.a(lib_a-exit.o)
                              c:/st/stm32cubeide_1.12.1/stm32cubeide/plugins/com.st.stm32cube.ide.mcu.externaltools.gnu-tools-for-stm32.10.3-2021.10.win32_1.0.200.202301161003/tools/bin/../lib/gcc/arm-none-eabi/10.3.1/../../../../arm-none-eabi/lib/thumb/v7e-m+fp/hard/crt0.o (exit)
c:/st/stm32cubeide_1.12.1/stm32cubeide/plugins/com.st.stm32cube.ide.mcu.externaltools.gnu-tools-for-stm32.10.3-2021.10.win32_1.0.200.202301161003/tools/bin/../lib/gcc/arm-none-eabi/10.3.1/../../../../arm-none-eabi/lib/thumb/v7e-m+fp/hard\libc_nano.a(lib_a-impure.o)
                              c:/st/stm32cubeide_1.12.1/stm32cubeide/plugins/com.st.stm32cube.ide.mcu.externaltools.gnu-tools-for-stm32.10.3-2021.10.win32_1.0.200.202301161003/tools/bin/../lib/gcc/arm-none-eabi/10.3.1/../../../../arm-none-eabi/lib/thumb/v7e-m+fp/hard\libc_nano.a(lib_a-exit.o) (_global_impure_ptr)
c:/st/stm32cubeide_1.12.1/stm32cubeide/plugins/com.st.stm32cube.ide.mcu.externaltools.gnu-tools-for-stm32.10.3-2021.10.win32_1.0.200.202301161003/tools/bin/../lib/gcc/arm-none-eabi/10.3.1/../../../../arm-none-eabi/lib/thumb/v7e-m+fp/hard\libc_nano.a(lib_a-init.o)
                              c:/st/stm32cubeide_1.12.1/stm32cubeide/plugins/com.st.stm32cube.ide.mcu.externaltools.gnu-tools-for-stm32.10.3-2021.10.win32_1.0.200.202301161003/tools/bin/../lib/gcc/arm-none-eabi/10.3.1/../../../../arm-none-eabi/lib/thumb/v7e-m+fp/hard/crt0.o (__libc_init_array)
c:/st/stm32cubeide_1.12.1/stm32cubeide/plugins/com.st.stm32cube.ide.mcu.externaltools.gnu-tools-for-stm32.10.3-2021.10.win32_1.0.200.202301161003/tools/bin/../lib/gcc/arm-none-eabi/10.3.1/../../../../arm-none-eabi/lib/thumb/v7e-m+fp/hard\libc_nano.a(lib_a-memset.o)
                              c:/st/stm32cubeide_1.12.1/stm32cubeide/plugins/com.st.stm32cube.ide.mcu.externaltools.gnu-tools-for-stm32.10.3-2021.10.win32_1.0.200.202301161003/tools/bin/../lib/gcc/arm-none-eabi/10.3.1/../../../../arm-none-eabi/lib/thumb/v7e-m+fp/hard/crt0.o (memset)

Discarded input sections

 .text          0x0000000000000000        0x0 c:/st/stm32cubeide_1.12.1/stm32cubeide/plugins/com.st.stm32cube.ide.mcu.externaltools.gnu-tools-for-stm32.10.3-2021.10.win32_1.0.200.202301161003/tools/bin/../lib/gcc/arm-none-eabi/10.3.1/thumb/v7e-m+fp/hard/crti.o
 .data          0x0000000000000000        0x0 c:/st/stm32cubeide_1.12.1/stm32cubeide/plugins/com.st.stm32cube.ide.mcu.externaltools.gnu-tools-for-stm32.10.3-2021.10.win32_1.0.200.202301161003/tools/bin/../lib/gcc/arm-none-eabi/10.3.1/thumb/v7e-m+fp/hard/crti.o
 .bss           0x0000000000000000        0x0 c:/st/stm32cubeide_1.12.1/stm32cubeide/plugins/com.st.stm32cube.ide.mcu.externaltools.gnu-tools-for-stm32.10.3-2021.10.win32_1.0.200.202301161003/tools/bin/../lib/gcc/arm-none-eabi/10.3.1/thumb/v7e-m+fp/hard/crti.o
 .data          0x0000000000000000        0x4 c:/st/stm32cubeide_1.12.1/stm32cubeide/plugins/com.st.stm32cube.ide.mcu.externaltools.gnu-tools-for-stm32.10.3-2021.10.win32_1.0.200.202301161003/tools/bin/../lib/gcc/arm-none-eabi/10.3.1/thumb/v7e-m+fp/hard/crtbegin.o
 .rodata        0x0000000000000000       0x24 c:/st/stm32cubeide_1.12.1/stm32cubeide/plugins/com.st.stm32cube.ide.mcu.externaltools.gnu-tools-for-stm32.10.3-2021.10.win32_1.0.200.202301161003/tools/bin/../lib/gcc/arm-none-eabi/10.3.1/thumb/v7e-m+fp/hard/crtbegin.o
 .text          0x0000000000000000       0x7c c:/st/stm32cubeide_1.12.1/stm32cubeide/plugins/com.st.stm32cube.ide.mcu.externaltools.gnu-tools-for-stm32.10.3-2021.10.win32_1.0.200.202301161003/tools/bin/../lib/gcc/arm-none-eabi/10.3.1/../../../../arm-none-eabi/lib/thumb/v7e-m+fp/hard/crt0.o
 .data          0x0000000000000000        0x0 c:/st/stm32cubeide_1.12.1/stm32cubeide/plugins/com.st.stm32cube.ide.mcu.externaltools.gnu-tools-for-stm32.10.3-2021.10.win32_1.0.200.202301161003/tools/bin/../lib/gcc/arm-none-eabi/10.3.1/../../../../arm-none-eabi/lib/thumb/v7e-m+fp/hard/crt0.o
 .bss           0x0000000000000000        0x0 c:/st/stm32cubeide_1.12.1/stm32cubeide/plugins/com.st.stm32cube.ide.mcu.externaltools.gnu-tools-for-stm32.10.3-2021.10.win32_1.0.200.202301161003/tools/bin/../lib/gcc/arm-none-eabi/10.3.1/../../../../arm-none-eabi/lib/thumb/v7e-m+fp/hard/crt0.o
[...]
Memory Configuration

Name             Origin             Length             Attributes
RAM              0x0000000020000000 0x0000000000018000 xrw
RAM2             0x0000000010000000 0x0000000000008000 xrw
FLASH            0x0000000008000000 0x0000000000100000 xr
*default*        0x0000000000000000 0xffffffffffffffff

Linker script and memory map

LOAD c:/st/stm32cubeide_1.12.1/stm32cubeide/plugins/com.st.stm32cube.ide.mcu.externaltools.gnu-tools-for-stm32.10.3-2021.10.win32_1.0.200.202301161003/tools/bin/../lib/gcc/arm-none-eabi/10.3.1/thumb/v7e-m+fp/hard/crti.o
LOAD c:/st/stm32cubeide_1.12.1/stm32cubeide/plugins/com.st.stm32cube.ide.mcu.externaltools.gnu-tools-for-stm32.10.3-2021.10.win32_1.0.200.202301161003/tools/bin/../lib/gcc/arm-none-eabi/10.3.1/thumb/v7e-m+fp/hard/crtbegin.o
LOAD c:/st/stm32cubeide_1.12.1/stm32cubeide/plugins/com.st.stm32cube.ide.mcu.externaltools.gnu-tools-for-stm32.10.3-2021.10.win32_1.0.200.202301161003/tools/bin/../lib/gcc/arm-none-eabi/10.3.1/../../../../arm-none-eabi/lib/thumb/v7e-m+fp/hard/crt0.o
LOAD ./Core/Src/main.o
LOAD ./Core/Src/stm32l4xx_hal_msp.o
LOAD ./Core/Src/stm32l4xx_it.o
LOAD ./Core/Src/stm32l4xx_nucleo_bus.o
LOAD ./Core/Src/syscalls.o
LOAD ./Core/Src/sysmem.o
LOAD ./Core/Src/system_stm32l4xx.o
LOAD ./Core/Src/vesc.o
LOAD ./Core/Startup/startup_stm32l476rgtx.o
LOAD ./DISPLAY/App/app_display.o
LOAD ./DISPLAY/Target/key_io.o
LOAD ./DISPLAY/Target/lcd_io.o
LOAD ./DISPLAY/Target/lcd_os.o
LOAD ./DISPLAY/Target/mem_io.o
LOAD ./DISPLAY/Target/mem_os.o
LOAD ./Drivers/BSP/Components/ili9341/ili9341.o
LOAD ./Drivers/BSP/Components/ili9341/ili9341_reg.o
LOAD ./Drivers/BSP/Components/mx25l6433f/spi/mx25l6433f.o
LOAD ./Drivers/STM32L4xx_HAL_Driver/Src/stm32l4xx_hal.o
LOAD ./Drivers/STM32L4xx_HAL_Driver/Src/stm32l4xx_hal_can.o
LOAD ./Drivers/STM32L4xx_HAL_Driver/Src/stm32l4xx_hal_cortex.o
LOAD ./Drivers/STM32L4xx_HAL_Driver/Src/stm32l4xx_hal_dma.o
LOAD ./Drivers/STM32L4xx_HAL_Driver/Src/stm32l4xx_hal_dma_ex.o
LOAD ./Drivers/STM32L4xx_HAL_Driver/Src/stm32l4xx_hal_exti.o
LOAD ./Drivers/STM32L4xx_HAL_Driver/Src/stm32l4xx_hal_flash.o
LOAD ./Drivers/STM32L4xx_HAL_Driver/Src/stm32l4xx_hal_flash_ex.o
LOAD ./Drivers/STM32L4xx_HAL_Driver/Src/stm32l4xx_hal_flash_ramfunc.o
LOAD ./Drivers/STM32L4xx_HAL_Driver/Src/stm32l4xx_hal_gpio.o
LOAD ./Drivers/STM32L4xx_HAL_Driver/Src/stm32l4xx_hal_pwr.o
LOAD ./Drivers/STM32L4xx_HAL_Driver/Src/stm32l4xx_hal_pwr_ex.o
LOAD ./Drivers/STM32L4xx_HAL_Driver/Src/stm32l4xx_hal_rcc.o
LOAD ./Drivers/STM32L4xx_HAL_Driver/Src/stm32l4xx_hal_rcc_ex.o
LOAD ./Drivers/STM32L4xx_HAL_Driver/Src/stm32l4xx_hal_spi.o
LOAD ./Drivers/STM32L4xx_HAL_Driver/Src/stm32l4xx_hal_spi_ex.o
LOAD ./Drivers/STM32L4xx_HAL_Driver/Src/stm32l4xx_hal_tim.o
LOAD ./Drivers/STM32L4xx_HAL_Driver/Src/stm32l4xx_hal_tim_ex.o
START GROUP
LOAD c:/st/stm32cubeide_1.12.1/stm32cubeide/plugins/com.st.stm32cube.ide.mcu.externaltools.gnu-tools-for-stm32.10.3-2021.10.win32_1.0.200.202301161003/tools/bin/../lib/gcc/arm-none-eabi/10.3.1/../../../../arm-none-eabi/lib/thumb/v7e-m+fp/hard\libc_nano.a
LOAD c:/st/stm32cubeide_1.12.1/stm32cubeide/plugins/com.st.stm32cube.ide.mcu.externaltools.gnu-tools-for-stm32.10.3-2021.10.win32_1.0.200.202301161003/tools/bin/../lib/gcc/arm-none-eabi/10.3.1/../../../../arm-none-eabi/lib/thumb/v7e-m+fp/hard\libm.a
END GROUP
START GROUP
LOAD c:/st/stm32cubeide_1.12.1/stm32cubeide/plugins/com.st.stm32cube.ide.mcu.externaltools.gnu-tools-for-stm32.10.3-2021.10.win32_1.0.200.202301161003/tools/bin/../lib/gcc/arm-none-eabi/10.3.1/thumb/v7e-m+fp/hard\libgcc.a
LOAD c:/st/stm32cubeide_1.12.1/stm32cubeide/plugins/com.st.stm32cube.ide.mcu.externaltools.gnu-tools-for-stm32.10.3-2021.10.win32_1.0.200.202301161003/tools/bin/../lib/gcc/arm-none-eabi/10.3.1/../../../../arm-none-eabi/lib/thumb/v7e-m+fp/hard\libc_nano.a
END GROUP
START GROUP
LOAD c:/st/stm32cubeide_1.12.1/stm32cubeide/plugins/com.st.stm32cube.ide.mcu.externaltools.gnu-tools-for-stm32.10.3-2021.10.win32_1.0.200.202301161003/tools/bin/../lib/gcc/arm-none-eabi/10.3.1/thumb/v7e-m+fp/hard\libgcc.a
LOAD c:/st/stm32cubeide_1.12.1/stm32cubeide/plugins/com.st.stm32cube.ide.mcu.externaltools.gnu-tools-for-stm32.10.3-2021.10.win32_1.0.200.202301161003/tools/bin/../lib/gcc/arm-none-eabi/10.3.1/../../../../arm-none-eabi/lib/thumb/v7e-m+fp/hard\libc_nano.a
LOAD c:/st/stm32cubeide_1.12.1/stm32cubeide/plugins/com.st.stm32cube.ide.mcu.externaltools.gnu-tools-for-stm32.10.3-2021.10.win32_1.0.200.202301161003/tools/bin/../lib/gcc/arm-none-eabi/10.3.1/../../../../arm-none-eabi/lib/thumb/v7e-m+fp/hard\libnosys.a
END GROUP
START GROUP
LOAD c:/st/stm32cubeide_1.12.1/stm32cubeide/plugins/com.st.stm32cube.ide.mcu.externaltools.gnu-tools-for-stm32.10.3-2021.10.win32_1.0.200.202301161003/tools/bin/../lib/gcc/arm-none-eabi/10.3.1/thumb/v7e-m+fp/hard\libgcc.a
LOAD c:/st/stm32cubeide_1.12.1/stm32cubeide/plugins/com.st.stm32cube.ide.mcu.externaltools.gnu-tools-for-stm32.10.3-2021.10.win32_1.0.200.202301161003/tools/bin/../lib/gcc/arm-none-eabi/10.3.1/../../../../arm-none-eabi/lib/thumb/v7e-m+fp/hard\libc_nano.a
LOAD c:/st/stm32cubeide_1.12.1/stm32cubeide/plugins/com.st.stm32cube.ide.mcu.externaltools.gnu-tools-for-stm32.10.3-2021.10.win32_1.0.200.202301161003/tools/bin/../lib/gcc/arm-none-eabi/10.3.1/../../../../arm-none-eabi/lib/thumb/v7e-m+fp/hard\libnosys.a
END GROUP
LOAD c:/st/stm32cubeide_1.12.1/stm32cubeide/plugins/com.st.stm32cube.ide.mcu.externaltools.gnu-tools-for-stm32.10.3-2021.10.win32_1.0.200.202301161003/tools/bin/../lib/gcc/arm-none-eabi/10.3.1/thumb/v7e-m+fp/hard/crtend.o
LOAD c:/st/stm32cubeide_1.12.1/stm32cubeide/plugins/com.st.stm32cube.ide.mcu.externaltools.gnu-tools-for-stm32.10.3-2021.10.win32_1.0.200.202301161003/tools/bin/../lib/gcc/arm-none-eabi/10.3.1/thumb/v7e-m+fp/hard/crtn.o
                0x0000000020018000                _estack = (ORIGIN (RAM) + LENGTH (RAM))
                0x0000000000000400                _Min_Heap_Size = 0x400
                0x0000000000000400                _Min_Stack_Size = 0x400

.isr_vector     0x0000000008000000      0x188
                0x0000000008000000                . = ALIGN (0x4)
 *(.isr_vector)
 .isr_vector    0x0000000008000000      0x188 ./Core/Startup/startup_stm32l476rgtx.o
                0x0000000008000000                g_pfnVectors
                0x0000000008000188                . = ALIGN (0x4)

.text           0x0000000008000188     0x72b8
                0x0000000008000188                . = ALIGN (0x4)
 *(.text)
 .text          0x0000000008000188       0x40 c:/st/stm32cubeide_1.12.1/stm32cubeide/plugins/com.st.stm32cube.ide.mcu.externaltools.gnu-tools-for-stm32.10.3-2021.10.win32_1.0.200.202301161003/tools/bin/../lib/gcc/arm-none-eabi/10.3.1/thumb/v7e-m+fp/hard/crtbegin.o
 *(.text*)
 .text.main     0x00000000080001c8       0x38 ./Core/Src/main.o
                0x00000000080001c8                main
 .text.SystemClock_Config
                0x0000000008000200       0xa2 ./Core/Src/main.o
                0x0000000008000200                SystemClock_Config
 *fill*         0x00000000080002a2        0x2 
 .text.MX_CAN1_Init
                0x00000000080002a4       0x6c ./Core/Src/main.o
 .text.MX_TIM2_Init
                0x0000000008000310       0xa4 ./Core/Src/main.o
 .text.MX_DMA_Init
                0x00000000080003b4       0x6c ./Core/Src/main.o
 .text.MX_GPIO_Init
                0x0000000008000420      0x148 ./Core/Src/main.o
 .text.Error_Handler
                0x0000000008000568        0xa ./Core/Src/main.o
                0x0000000008000568                Error_Handler
 *fill*         0x0000000008000572        0x2 
 .text.HAL_MspInit
                0x0000000008000574       0x48 ./Core/Src/stm32l4xx_hal_msp.o
                0x0000000008000574                HAL_MspInit
 .text.HAL_CAN_MspInit
                0x00000000080005bc       0xa8 ./Core/Src/stm32l4xx_hal_msp.o
                0x00000000080005bc                HAL_CAN_MspInit
 .text.HAL_TIM_Base_MspInit
                0x0000000008000664       0x3c ./Core/Src/stm32l4xx_hal_msp.o
                0x0000000008000664                HAL_TIM_Base_MspInit
 .text.NMI_Handler
                0x00000000080006a0        0x6 ./Core/Src/stm32l4xx_it.o
                0x00000000080006a0                NMI_Handler
 .text.HardFault_Handler
                0x00000000080006a6        0x6 ./Core/Src/stm32l4xx_it.o
                0x00000000080006a6                HardFault_Handler
 .text.MemManage_Handler
                0x00000000080006ac        0x6 ./Core/Src/stm32l4xx_it.o
                0x00000000080006ac                MemManage_Handler
 .text.BusFault_Handler
                0x00000000080006b2        0x6 ./Core/Src/stm32l4xx_it.o
                0x00000000080006b2                BusFault_Handler
 .text.UsageFault_Handler
                0x00000000080006b8        0x6 ./Core/Src/stm32l4xx_it.o
                0x00000000080006b8                UsageFault_Handler
 .text.SVC_Handler
                0x00000000080006be        0xe ./Core/Src/stm32l4xx_it.o
                0x00000000080006be                SVC_Handler
 .text.DebugMon_Handler
                0x00000000080006cc        0xe ./Core/Src/stm32l4xx_it.o
                0x00000000080006cc                DebugMon_Handler
 .text.PendSV_Handler
                0x00000000080006da        0xe ./Core/Src/stm32l4xx_it.o
                0x00000000080006da                PendSV_Handler
 .text.SysTick_Handler
                0x00000000080006e8        0xc ./Core/Src/stm32l4xx_it.o
                0x00000000080006e8                SysTick_Handler
 .text.EXTI0_IRQHandler
                0x00000000080006f4       0x14 ./Core/Src/stm32l4xx_it.o
                0x00000000080006f4                EXTI0_IRQHandler
 .text.DMA1_Channel2_IRQHandler
                0x0000000008000708       0x14 ./Core/Src/stm32l4xx_it.o
                0x0000000008000708                DMA1_Channel2_IRQHandler
 .text.DMA1_Channel3_IRQHandler
                0x000000000800071c       0x14 ./Core/Src/stm32l4xx_it.o
                0x000000000800071c                DMA1_Channel3_IRQHandler
 .text.DMA1_Channel4_IRQHandler
                0x0000000008000730       0x14 ./Core/Src/stm32l4xx_it.o
                0x0000000008000730                DMA1_Channel4_IRQHandler
 .text.DMA1_Channel5_IRQHandler
                0x0000000008000744       0x14 ./Core/Src/stm32l4xx_it.o
                0x0000000008000744                DMA1_Channel5_IRQHandler
 .text.CAN1_TX_IRQHandler
                0x0000000008000758       0x14 ./Core/Src/stm32l4xx_it.o
                0x0000000008000758                CAN1_TX_IRQHandler
 .text.CAN1_RX0_IRQHandler
                0x000000000800076c       0x14 ./Core/Src/stm32l4xx_it.o
                0x000000000800076c                CAN1_RX0_IRQHandler
 .text.SPI1_IRQHandler
                0x0000000008000780       0x14 ./Core/Src/stm32l4xx_it.o
                0x0000000008000780                SPI1_IRQHandler
 .text.SPI2_IRQHandler
                0x0000000008000794       0x14 ./Core/Src/stm32l4xx_it.o
                0x0000000008000794                SPI2_IRQHandler
 .text.BSP_SPI2_Init
                0x00000000080007a8       0x74 ./Core/Src/stm32l4xx_nucleo_bus.o
                0x00000000080007a8                BSP_SPI2_Init
 .text.BSP_SPI2_DeInit
                0x000000000800081c       0x48 ./Core/Src/stm32l4xx_nucleo_bus.o
                0x000000000800081c                BSP_SPI2_DeInit
 .text.BSP_SPI2_Send
                0x0000000008000864       0x38 ./Core/Src/stm32l4xx_nucleo_bus.o
                0x0000000008000864                BSP_SPI2_Send
 .text.BSP_SPI2_Recv
                0x000000000800089c       0x38 ./Core/Src/stm32l4xx_nucleo_bus.o
                0x000000000800089c                BSP_SPI2_Recv
 .text.BSP_SPI2_Send_DMA
                0x00000000080008d4       0x38 ./Core/Src/stm32l4xx_nucleo_bus.o
                0x00000000080008d4                BSP_SPI2_Send_DMA
 .text.BSP_SPI2_Recv_DMA
                0x000000000800090c       0x38 ./Core/Src/stm32l4xx_nucleo_bus.o
                0x000000000800090c                BSP_SPI2_Recv_DMA
 .text.BSP_SPI1_Init
                0x0000000008000944       0x74 ./Core/Src/stm32l4xx_nucleo_bus.o
                0x0000000008000944                BSP_SPI1_Init
 .text.BSP_SPI1_DeInit
                0x00000000080009b8       0x48 ./Core/Src/stm32l4xx_nucleo_bus.o
                0x00000000080009b8                BSP_SPI1_DeInit
 .text.BSP_SPI1_Send
                0x0000000008000a00       0x38 ./Core/Src/stm32l4xx_nucleo_bus.o
                0x0000000008000a00                BSP_SPI1_Send
 .text.BSP_SPI1_Recv
                0x0000000008000a38       0x38 ./Core/Src/stm32l4xx_nucleo_bus.o
                0x0000000008000a38                BSP_SPI1_Recv
 .text.BSP_SPI1_Send_DMA
                0x0000000008000a70       0x38 ./Core/Src/stm32l4xx_nucleo_bus.o
                0x0000000008000a70                BSP_SPI1_Send_DMA
 .text.BSP_SPI2_RegisterDefaultMspCallbacks
                0x0000000008000aa8       0x64 ./Core/Src/stm32l4xx_nucleo_bus.o
                0x0000000008000aa8                BSP_SPI2_RegisterDefaultMspCallbacks
 .text.BSP_SPI1_RegisterDefaultMspCallbacks
                0x0000000008000b0c       0x64 ./Core/Src/stm32l4xx_nucleo_bus.o
                0x0000000008000b0c                BSP_SPI1_RegisterDefaultMspCallbacks
 .text.MX_SPI2_Init
                0x0000000008000b70       0x84 ./Core/Src/stm32l4xx_nucleo_bus.o
                0x0000000008000b70                MX_SPI2_Init
 .text.SPI2_MspInit
                0x0000000008000bf4      0x180 ./Core/Src/stm32l4xx_nucleo_bus.o
 .text.SPI2_MspDeInit
                0x0000000008000d74       0x5c ./Core/Src/stm32l4xx_nucleo_bus.o
 .text.MX_SPI1_Init
                0x0000000008000dd0       0x84 ./Core/Src/stm32l4xx_nucleo_bus.o
                0x0000000008000dd0                MX_SPI1_Init
 .text.SPI1_MspInit
                0x0000000008000e54      0x164 ./Core/Src/stm32l4xx_nucleo_bus.o
 .text.SPI1_MspDeInit
                0x0000000008000fb8       0x58 ./Core/Src/stm32l4xx_nucleo_bus.o
 .text.SystemInit
                0x0000000008001010       0x24 ./Core/Src/system_stm32l4xx.o
                0x0000000008001010                SystemInit
 .text.vesc_init
                0x0000000008001034       0x5c ./Core/Src/vesc.o
                0x0000000008001034                vesc_init
 .text.HAL_CAN_TxMailbox1CompleteCallback
                0x0000000008001090       0x16 ./Core/Src/vesc.o
                0x0000000008001090                HAL_CAN_TxMailbox1CompleteCallback
 *fill*         0x00000000080010a6        0x2 
 .text.HAL_CAN_RxFifo0MsgPendingCallback
                0x00000000080010a8       0x5c ./Core/Src/vesc.o
                0x00000000080010a8                HAL_CAN_RxFifo0MsgPendingCallback
 .text.Reset_Handler
                0x0000000008001104       0x50 ./Core/Startup/startup_stm32l476rgtx.o
                0x0000000008001104                Reset_Handler
 .text.Default_Handler
                0x0000000008001154        0x2 ./Core/Startup/startup_stm32l476rgtx.o
                0x0000000008001154                RTC_Alarm_IRQHandler
                0x0000000008001154                EXTI2_IRQHandler
                0x0000000008001154                TIM8_TRG_COM_IRQHandler
                0x0000000008001154                TIM8_CC_IRQHandler
                0x0000000008001154                TIM1_CC_IRQHandler
                0x0000000008001154                TSC_IRQHandler
                0x0000000008001154                TAMP_STAMP_IRQHandler
                0x0000000008001154                EXTI3_IRQHandler
                0x0000000008001154                LPTIM2_IRQHandler
                0x0000000008001154                DFSDM1_FLT1_IRQHandler
                0x0000000008001154                I2C3_ER_IRQHandler
                0x0000000008001154                DFSDM1_FLT2_IRQHandler
                0x0000000008001154                I2C2_EV_IRQHandler
                0x0000000008001154                FPU_IRQHandler
                0x0000000008001154                TIM1_UP_TIM16_IRQHandler
                0x0000000008001154                ADC1_2_IRQHandler
                0x0000000008001154                TIM6_DAC_IRQHandler
                0x0000000008001154                TIM8_UP_IRQHandler
                0x0000000008001154                DMA2_Channel2_IRQHandler
                0x0000000008001154                SAI2_IRQHandler
                0x0000000008001154                DFSDM1_FLT3_IRQHandler
                0x0000000008001154                USART3_IRQHandler
                0x0000000008001154                DMA1_Channel7_IRQHandler
                0x0000000008001154                CAN1_RX1_IRQHandler
                0x0000000008001154                LCD_IRQHandler
                0x0000000008001154                UART5_IRQHandler
                0x0000000008001154                ADC3_IRQHandler
                0x0000000008001154                TIM4_IRQHandler
                0x0000000008001154                DMA2_Channel1_IRQHandler
                0x0000000008001154                QUADSPI_IRQHandler
                0x0000000008001154                I2C1_EV_IRQHandler
                0x0000000008001154                DMA1_Channel6_IRQHandler
                0x0000000008001154                UART4_IRQHandler
                0x0000000008001154                DMA2_Channel4_IRQHandler
                0x0000000008001154                TIM3_IRQHandler
                0x0000000008001154                RCC_IRQHandler
                0x0000000008001154                DMA1_Channel1_IRQHandler
                0x0000000008001154                Default_Handler
                0x0000000008001154                DMA2_Channel7_IRQHandler
                0x0000000008001154                EXTI15_10_IRQHandler
                0x0000000008001154                TIM7_IRQHandler
                0x0000000008001154                SDMMC1_IRQHandler
                0x0000000008001154                TIM5_IRQHandler
                0x0000000008001154                I2C3_EV_IRQHandler
                0x0000000008001154                EXTI9_5_IRQHandler
                0x0000000008001154                RTC_WKUP_IRQHandler
                0x0000000008001154                PVD_PVM_IRQHandler
                0x0000000008001154                DMA2_Channel5_IRQHandler
                0x0000000008001154                EXTI4_IRQHandler
                0x0000000008001154                RNG_IRQHandler
                0x0000000008001154                TIM1_TRG_COM_TIM17_IRQHandler
                0x0000000008001154                COMP_IRQHandler
                0x0000000008001154                WWDG_IRQHandler
                0x0000000008001154                LPUART1_IRQHandler
                0x0000000008001154                DMA2_Channel6_IRQHandler
                0x0000000008001154                TIM2_IRQHandler
                0x0000000008001154                EXTI1_IRQHandler
                0x0000000008001154                USART2_IRQHandler
                0x0000000008001154                DFSDM1_FLT0_IRQHandler
                0x0000000008001154                I2C2_ER_IRQHandler
                0x0000000008001154                TIM8_BRK_IRQHandler
                0x0000000008001154                CAN1_SCE_IRQHandler
                0x0000000008001154                FLASH_IRQHandler
                0x0000000008001154                USART1_IRQHandler
                0x0000000008001154                OTG_FS_IRQHandler
                0x0000000008001154                SPI3_IRQHandler
                0x0000000008001154                I2C1_ER_IRQHandler
                0x0000000008001154                FMC_IRQHandler
                0x0000000008001154                SWPMI1_IRQHandler
                0x0000000008001154                LPTIM1_IRQHandler
                0x0000000008001154                SAI1_IRQHandler
                0x0000000008001154                DMA2_Channel3_IRQHandler
                0x0000000008001154                TIM1_BRK_TIM15_IRQHandler
 .text.MX_DISPLAY_Init
                0x0000000008001156       0x3c ./DISPLAY/App/app_display.o
                0x0000000008001156                MX_DISPLAY_Init
 .text.MX_DISPLAY_Process
                0x0000000008001192        0xe ./DISPLAY/App/app_display.o
                0x0000000008001192                MX_DISPLAY_Process
 .text.BSP_LCD_SignalTearingEffectEvent
                0x00000000080011a0       0x1c ./DISPLAY/App/app_display.o
                0x00000000080011a0                BSP_LCD_SignalTearingEffectEvent
 .text.BSP_KEY_Init
                0x00000000080011bc       0x2c ./DISPLAY/Target/key_io.o
                0x00000000080011bc                BSP_KEY_Init
 .text.BSP_LCD_Init
                0x00000000080011e8       0x4c ./DISPLAY/Target/lcd_io.o
                0x00000000080011e8                BSP_LCD_Init
 .text.BSP_LCD_SignalTransferDone
                0x0000000008001234       0x14 ./DISPLAY/Target/lcd_io.o
                0x0000000008001234                BSP_LCD_SignalTransferDone
 .text.LCD_Probe
                0x0000000008001248      0x10c ./DISPLAY/Target/lcd_io.o
 .text.LCD_TECallback
                0x0000000008001354       0x3c ./DISPLAY/Target/lcd_io.o
 .text.LCD_IO_GetTick
                0x0000000008001390       0x16 ./DISPLAY/Target/lcd_io.o
 .text.LCD_IO_Delay
                0x00000000080013a6       0x18 ./DISPLAY/Target/lcd_io.o
 *fill*         0x00000000080013be        0x2 
 .text.SPI_TxCpltCallback
                0x00000000080013c0       0x40 ./DISPLAY/Target/lcd_io.o
 .text.LCD_IO_Init
                0x0000000008001400       0x80 ./DISPLAY/Target/lcd_io.o
 .text.LCD_IO_DeInit
                0x0000000008001480       0x1a ./DISPLAY/Target/lcd_io.o
 *fill*         0x000000000800149a        0x2 
 .text.LCD_IO_WriteReg
                0x000000000800149c       0x50 ./DISPLAY/Target/lcd_io.o
 .text.LCD_IO_ReadReg
                0x00000000080014ec       0x1a ./DISPLAY/Target/lcd_io.o
 .text.LCD_IO_SendData
                0x0000000008001506       0x3a ./DISPLAY/Target/lcd_io.o
 .text.LCD_IO_SendDataDMA
                0x0000000008001540       0x30 ./DISPLAY/Target/lcd_io.o
 .text.LCD_IO_RecvData
                0x0000000008001570       0x58 ./DISPLAY/Target/lcd_io.o
 .text.LCD_IO_RecvDataDMA
                0x00000000080015c8       0x1a ./DISPLAY/Target/lcd_io.o
 *fill*         0x00000000080015e2        0x2 
 .text.LCD_OS_Initialize
                0x00000000080015e4       0x34 ./DISPLAY/Target/lcd_os.o
                0x00000000080015e4                LCD_OS_Initialize
 .text.LCD_OS_UnlockFromISR
                0x0000000008001618       0x24 ./DISPLAY/Target/lcd_os.o
                0x0000000008001618                LCD_OS_UnlockFromISR
 .text.BSP_MEM_Init
                0x000000000800163c       0x48 ./DISPLAY/Target/mem_io.o
                0x000000000800163c                BSP_MEM_Init
 .text.BSP_MEM_SignalTransferDone
                0x0000000008001684       0x14 ./DISPLAY/Target/mem_io.o
                0x0000000008001684                BSP_MEM_SignalTransferDone
 .text.MEM_Probe
                0x0000000008001698       0xdc ./DISPLAY/Target/mem_io.o
 .text.SPI_RxCpltCallback
                0x0000000008001774       0x34 ./DISPLAY/Target/mem_io.o
 .text.MEM_IO_Init
                0x00000000080017a8       0x38 ./DISPLAY/Target/mem_io.o
 .text.MEM_IO_DeInit
                0x00000000080017e0       0x1a ./DISPLAY/Target/mem_io.o
 *fill*         0x00000000080017fa        0x2 
 .text.MEM_OS_Initialize
                0x00000000080017fc       0x34 ./DISPLAY/Target/mem_os.o
                0x00000000080017fc                MEM_OS_Initialize
 .text.MEM_OS_UnlockFromISR
                0x0000000008001830       0x24 ./DISPLAY/Target/mem_os.o
                0x0000000008001830                MEM_OS_UnlockFromISR
 .text.ILI9341_RegisterBusIO
                0x0000000008001854       0xcc ./Drivers/BSP/Components/ili9341/ili9341.o
                0x0000000008001854                ILI9341_RegisterBusIO
 .text.ILI9341_Init
                0x0000000008001920      0x308 ./Drivers/BSP/Components/ili9341/ili9341.o
                0x0000000008001920                ILI9341_Init
 .text.ILI9341_DeInit
                0x0000000008001c28       0x18 ./Drivers/BSP/Components/ili9341/ili9341.o
                0x0000000008001c28                ILI9341_DeInit
 .text.ILI9341_ReadID
                0x0000000008001c40       0x60 ./Drivers/BSP/Components/ili9341/ili9341.o
                0x0000000008001c40                ILI9341_ReadID
 .text.ILI9341_DisplayOn
                0x0000000008001ca0       0x26 ./Drivers/BSP/Components/ili9341/ili9341.o
                0x0000000008001ca0                ILI9341_DisplayOn
 .text.ILI9341_DisplayOff
                0x0000000008001cc6       0x26 ./Drivers/BSP/Components/ili9341/ili9341.o
                0x0000000008001cc6                ILI9341_DisplayOff
 .text.ILI9341_SetOrientation
                0x0000000008001cec       0xa4 ./Drivers/BSP/Components/ili9341/ili9341.o
                0x0000000008001cec                ILI9341_SetOrientation
 .text.ILI9341_GetOrientation
                0x0000000008001d90       0x24 ./Drivers/BSP/Components/ili9341/ili9341.o
                0x0000000008001d90                ILI9341_GetOrientation
 .text.ILI9341_GetXSize
                0x0000000008001db4       0x24 ./Drivers/BSP/Components/ili9341/ili9341.o
                0x0000000008001db4                ILI9341_GetXSize
 .text.ILI9341_GetYSize
                0x0000000008001dd8       0x24 ./Drivers/BSP/Components/ili9341/ili9341.o
                0x0000000008001dd8                ILI9341_GetYSize
 .text.ILI9341_SetDisplayWindow
                0x0000000008001dfc       0xfe ./Drivers/BSP/Components/ili9341/ili9341.o
                0x0000000008001dfc                ILI9341_SetDisplayWindow
 .text.ILI9341_ReadRegWrap
                0x0000000008001efa       0x24 ./Drivers/BSP/Components/ili9341/ili9341.o
 .text.ILI9341_WriteRegWrap
                0x0000000008001f1e       0x24 ./Drivers/BSP/Components/ili9341/ili9341.o
 .text.ILI9341_SendDataWrap
                0x0000000008001f42       0x24 ./Drivers/BSP/Components/ili9341/ili9341.o
 .text.ILI9341_SendDataDMAWrap
                0x0000000008001f66       0x24 ./Drivers/BSP/Components/ili9341/ili9341.o
 .text.ILI9341_RecvDataWrap
                0x0000000008001f8a       0x24 ./Drivers/BSP/Components/ili9341/ili9341.o
 .text.ILI9341_RecvDataDMAWrap
                0x0000000008001fae       0x24 ./Drivers/BSP/Components/ili9341/ili9341.o
 .text.ILI9341_Delay
                0x0000000008001fd2       0x34 ./Drivers/BSP/Components/ili9341/ili9341.o
 .text.ili9341_write_reg
                0x0000000008002006       0x24 ./Drivers/BSP/Components/ili9341/ili9341_reg.o
                0x0000000008002006                ili9341_write_reg
 .text.ili9341_send_data
                0x000000000800202a       0x24 ./Drivers/BSP/Components/ili9341/ili9341_reg.o
                0x000000000800202a                ili9341_send_data
 .text.ili9341_recv_data
                0x000000000800204e       0x24 ./Drivers/BSP/Components/ili9341/ili9341_reg.o
                0x000000000800204e                ili9341_recv_data
 .text.MX25L6433F_RegisterBusIO
                0x0000000008002072       0x7e ./Drivers/BSP/Components/mx25l6433f/spi/mx25l6433f.o
                0x0000000008002072                MX25L6433F_RegisterBusIO
 .text.MX25L6433F_Init
                0x00000000080020f0       0x62 ./Drivers/BSP/Components/mx25l6433f/spi/mx25l6433f.o
                0x00000000080020f0                MX25L6433F_Init
 .text.MX25L6433F_DeInit
                0x0000000008002152       0x4a ./Drivers/BSP/Components/mx25l6433f/spi/mx25l6433f.o
                0x0000000008002152                MX25L6433F_DeInit
 .text.MX25L6433F_GetFlashInfo
                0x000000000800219c       0x5c ./Drivers/BSP/Components/mx25l6433f/spi/mx25l6433f.o
                0x000000000800219c                MX25L6433F_GetFlashInfo
 .text.MX25L6433F_AutoPollingMemReady
                0x00000000080021f8       0x60 ./Drivers/BSP/Components/mx25l6433f/spi/mx25l6433f.o
                0x00000000080021f8                MX25L6433F_AutoPollingMemReady
 .text.MX25L6433F_Read
                0x0000000008002258       0xd0 ./Drivers/BSP/Components/mx25l6433f/spi/mx25l6433f.o
                0x0000000008002258                MX25L6433F_Read
 .text.MX25L6433F_ReadDMA
                0x0000000008002328       0xc8 ./Drivers/BSP/Components/mx25l6433f/spi/mx25l6433f.o
                0x0000000008002328                MX25L6433F_ReadDMA
 .text.MX25L6433F_PageProgram
                0x00000000080023f0       0xd4 ./Drivers/BSP/Components/mx25l6433f/spi/mx25l6433f.o
                0x00000000080023f0                MX25L6433F_PageProgram
 .text.MX25L6433F_PageProgramDMA
                0x00000000080024c4       0xb2 ./Drivers/BSP/Components/mx25l6433f/spi/mx25l6433f.o
                0x00000000080024c4                MX25L6433F_PageProgramDMA
 .text.MX25L6433F_BlockErase
                0x0000000008002576       0xbc ./Drivers/BSP/Components/mx25l6433f/spi/mx25l6433f.o
                0x0000000008002576                MX25L6433F_BlockErase
 .text.MX25L6433F_ChipErase
                0x0000000008002632       0x78 ./Drivers/BSP/Components/mx25l6433f/spi/mx25l6433f.o
                0x0000000008002632                MX25L6433F_ChipErase
 .text.MX25L6433F_ReadID
                0x00000000080026aa       0x88 ./Drivers/BSP/Components/mx25l6433f/spi/mx25l6433f.o
                0x00000000080026aa                MX25L6433F_ReadID
 .text.MX25L6433F_WriteEnable
                0x0000000008002732       0x70 ./Drivers/BSP/Components/mx25l6433f/spi/mx25l6433f.o
                0x0000000008002732                MX25L6433F_WriteEnable
 .text.MX25L6433F_ReadStatusRegister
                0x00000000080027a2       0x6a ./Drivers/BSP/Components/mx25l6433f/spi/mx25l6433f.o
                0x00000000080027a2                MX25L6433F_ReadStatusRegister
 .text.MX25L6433F_WriteBurstReadLength
                0x000000000800280c       0x7c ./Drivers/BSP/Components/mx25l6433f/spi/mx25l6433f.o
                0x000000000800280c                MX25L6433F_WriteBurstReadLength
 .text.MX25L6433F_ResetEnable
                0x0000000008002888       0x46 ./Drivers/BSP/Components/mx25l6433f/spi/mx25l6433f.o
                0x0000000008002888                MX25L6433F_ResetEnable
 .text.MX25L6433F_ResetMemory
                0x00000000080028ce       0x5e ./Drivers/BSP/Components/mx25l6433f/spi/mx25l6433f.o
                0x00000000080028ce                MX25L6433F_ResetMemory
 .text.HAL_Init
                0x000000000800292c       0x40 ./Drivers/STM32L4xx_HAL_Driver/Src/stm32l4xx_hal.o
                0x000000000800292c                HAL_Init
 .text.HAL_InitTick
                0x000000000800296c       0x78 ./Drivers/STM32L4xx_HAL_Driver/Src/stm32l4xx_hal.o
                0x000000000800296c                HAL_InitTick
 .text.HAL_IncTick
                0x00000000080029e4       0x28 ./Drivers/STM32L4xx_HAL_Driver/Src/stm32l4xx_hal.o
                0x00000000080029e4                HAL_IncTick
 .text.HAL_GetTick
                0x0000000008002a0c       0x18 ./Drivers/STM32L4xx_HAL_Driver/Src/stm32l4xx_hal.o
                0x0000000008002a0c                HAL_GetTick
 .text.HAL_Delay
                0x0000000008002a24       0x48 ./Drivers/STM32L4xx_HAL_Driver/Src/stm32l4xx_hal.o
                0x0000000008002a24                HAL_Delay
 .text.HAL_CAN_Init
                0x0000000008002a6c      0x1f6 ./Drivers/STM32L4xx_HAL_Driver/Src/stm32l4xx_hal_can.o
                0x0000000008002a6c                HAL_CAN_Init
 .text.HAL_CAN_ConfigFilter
                0x0000000008002c62      0x194 ./Drivers/STM32L4xx_HAL_Driver/Src/stm32l4xx_hal_can.o
                0x0000000008002c62                HAL_CAN_ConfigFilter
 .text.HAL_CAN_Start
                0x0000000008002df6       0x88 ./Drivers/STM32L4xx_HAL_Driver/Src/stm32l4xx_hal_can.o
                0x0000000008002df6                HAL_CAN_Start
 .text.HAL_CAN_GetRxMessage
                0x0000000008002e7e      0x224 ./Drivers/STM32L4xx_HAL_Driver/Src/stm32l4xx_hal_can.o
                0x0000000008002e7e                HAL_CAN_GetRxMessage
 .text.HAL_CAN_ActivateNotification
                0x00000000080030a2       0x4c ./Drivers/STM32L4xx_HAL_Driver/Src/stm32l4xx_hal_can.o
                0x00000000080030a2                HAL_CAN_ActivateNotification
 .text.HAL_CAN_IRQHandler
                0x00000000080030ee      0x36e ./Drivers/STM32L4xx_HAL_Driver/Src/stm32l4xx_hal_can.o
                0x00000000080030ee                HAL_CAN_IRQHandler
 .text.HAL_CAN_TxMailbox0CompleteCallback
                0x000000000800345c       0x14 ./Drivers/STM32L4xx_HAL_Driver/Src/stm32l4xx_hal_can.o
                0x000000000800345c                HAL_CAN_TxMailbox0CompleteCallback
 .text.HAL_CAN_TxMailbox2CompleteCallback
                0x0000000008003470       0x14 ./Drivers/STM32L4xx_HAL_Driver/Src/stm32l4xx_hal_can.o
                0x0000000008003470                HAL_CAN_TxMailbox2CompleteCallback
 .text.HAL_CAN_TxMailbox0AbortCallback
                0x0000000008003484       0x14 ./Drivers/STM32L4xx_HAL_Driver/Src/stm32l4xx_hal_can.o
                0x0000000008003484                HAL_CAN_TxMailbox0AbortCallback
 .text.HAL_CAN_TxMailbox1AbortCallback
                0x0000000008003498       0x14 ./Drivers/STM32L4xx_HAL_Driver/Src/stm32l4xx_hal_can.o
                0x0000000008003498                HAL_CAN_TxMailbox1AbortCallback
 .text.HAL_CAN_TxMailbox2AbortCallback
                0x00000000080034ac       0x14 ./Drivers/STM32L4xx_HAL_Driver/Src/stm32l4xx_hal_can.o
                0x00000000080034ac                HAL_CAN_TxMailbox2AbortCallback
 .text.HAL_CAN_RxFifo0FullCallback
                0x00000000080034c0       0x14 ./Drivers/STM32L4xx_HAL_Driver/Src/stm32l4xx_hal_can.o
                0x00000000080034c0                HAL_CAN_RxFifo0FullCallback
 .text.HAL_CAN_RxFifo1MsgPendingCallback
                0x00000000080034d4       0x14 ./Drivers/STM32L4xx_HAL_Driver/Src/stm32l4xx_hal_can.o
                0x00000000080034d4                HAL_CAN_RxFifo1MsgPendingCallback
 .text.HAL_CAN_RxFifo1FullCallback
                0x00000000080034e8       0x14 ./Drivers/STM32L4xx_HAL_Driver/Src/stm32l4xx_hal_can.o
                0x00000000080034e8                HAL_CAN_RxFifo1FullCallback
 .text.HAL_CAN_SleepCallback
                0x00000000080034fc       0x14 ./Drivers/STM32L4xx_HAL_Driver/Src/stm32l4xx_hal_can.o
                0x00000000080034fc                HAL_CAN_SleepCallback
 .text.HAL_CAN_WakeUpFromRxMsgCallback
                0x0000000008003510       0x14 ./Drivers/STM32L4xx_HAL_Driver/Src/stm32l4xx_hal_can.o
                0x0000000008003510                HAL_CAN_WakeUpFromRxMsgCallback
 .text.HAL_CAN_ErrorCallback
                0x0000000008003524       0x14 ./Drivers/STM32L4xx_HAL_Driver/Src/stm32l4xx_hal_can.o
                0x0000000008003524                HAL_CAN_ErrorCallback
 .text.__NVIC_SetPriorityGrouping
                0x0000000008003538       0x48 ./Drivers/STM32L4xx_HAL_Driver/Src/stm32l4xx_hal_cortex.o
 .text.__NVIC_GetPriorityGrouping
                0x0000000008003580       0x1c ./Drivers/STM32L4xx_HAL_Driver/Src/stm32l4xx_hal_cortex.o
 .text.__NVIC_EnableIRQ
                0x000000000800359c       0x3c ./Drivers/STM32L4xx_HAL_Driver/Src/stm32l4xx_hal_cortex.o
 .text.__NVIC_DisableIRQ
                0x00000000080035d8       0x48 ./Drivers/STM32L4xx_HAL_Driver/Src/stm32l4xx_hal_cortex.o
 .text.__NVIC_SetPriority
                0x0000000008003620       0x54 ./Drivers/STM32L4xx_HAL_Driver/Src/stm32l4xx_hal_cortex.o
 .text.NVIC_EncodePriority
                0x0000000008003674       0x66 ./Drivers/STM32L4xx_HAL_Driver/Src/stm32l4xx_hal_cortex.o
 *fill*         0x00000000080036da        0x2 
 .text.SysTick_Config
                0x00000000080036dc       0x44 ./Drivers/STM32L4xx_HAL_Driver/Src/stm32l4xx_hal_cortex.o
 .text.HAL_NVIC_SetPriorityGrouping
                0x0000000008003720       0x16 ./Drivers/STM32L4xx_HAL_Driver/Src/stm32l4xx_hal_cortex.o
                0x0000000008003720                HAL_NVIC_SetPriorityGrouping
 .text.HAL_NVIC_SetPriority
                0x0000000008003736       0x38 ./Drivers/STM32L4xx_HAL_Driver/Src/stm32l4xx_hal_cortex.o
                0x0000000008003736                HAL_NVIC_SetPriority
 .text.HAL_NVIC_EnableIRQ
                0x000000000800376e       0x1c ./Drivers/STM32L4xx_HAL_Driver/Src/stm32l4xx_hal_cortex.o
                0x000000000800376e                HAL_NVIC_EnableIRQ
 .text.HAL_NVIC_DisableIRQ
                0x000000000800378a       0x1c ./Drivers/STM32L4xx_HAL_Driver/Src/stm32l4xx_hal_cortex.o
                0x000000000800378a                HAL_NVIC_DisableIRQ
 .text.HAL_SYSTICK_Config
                0x00000000080037a6       0x18 ./Drivers/STM32L4xx_HAL_Driver/Src/stm32l4xx_hal_cortex.o
                0x00000000080037a6                HAL_SYSTICK_Config
 *fill*         0x00000000080037be        0x2 
 .text.HAL_DMA_Init
                0x00000000080037c0      0x170 ./Drivers/STM32L4xx_HAL_Driver/Src/stm32l4xx_hal_dma.o
                0x00000000080037c0                HAL_DMA_Init
 .text.HAL_DMA_DeInit
                0x0000000008003930      0x124 ./Drivers/STM32L4xx_HAL_Driver/Src/stm32l4xx_hal_dma.o
                0x0000000008003930                HAL_DMA_DeInit
 .text.HAL_DMA_Start_IT
                0x0000000008003a54       0xc0 ./Drivers/STM32L4xx_HAL_Driver/Src/stm32l4xx_hal_dma.o
                0x0000000008003a54                HAL_DMA_Start_IT
 .text.HAL_DMA_Abort_IT
                0x0000000008003b14       0x82 ./Drivers/STM32L4xx_HAL_Driver/Src/stm32l4xx_hal_dma.o
                0x0000000008003b14                HAL_DMA_Abort_IT
 .text.HAL_DMA_IRQHandler
                0x0000000008003b96      0x15e ./Drivers/STM32L4xx_HAL_Driver/Src/stm32l4xx_hal_dma.o
                0x0000000008003b96                HAL_DMA_IRQHandler
 .text.DMA_SetConfig
                0x0000000008003cf4       0x60 ./Drivers/STM32L4xx_HAL_Driver/Src/stm32l4xx_hal_dma.o
 .text.HAL_EXTI_RegisterCallback
                0x0000000008003d54       0x34 ./Drivers/STM32L4xx_HAL_Driver/Src/stm32l4xx_hal_exti.o
                0x0000000008003d54                HAL_EXTI_RegisterCallback
 .text.HAL_EXTI_GetHandle
                0x0000000008003d88       0x28 ./Drivers/STM32L4xx_HAL_Driver/Src/stm32l4xx_hal_exti.o
                0x0000000008003d88                HAL_EXTI_GetHandle
 .text.HAL_EXTI_IRQHandler
                0x0000000008003db0       0x60 ./Drivers/STM32L4xx_HAL_Driver/Src/stm32l4xx_hal_exti.o
                0x0000000008003db0                HAL_EXTI_IRQHandler
 .text.HAL_EXTI_ClearPending
                0x0000000008003e10       0x48 ./Drivers/STM32L4xx_HAL_Driver/Src/stm32l4xx_hal_exti.o
                0x0000000008003e10                HAL_EXTI_ClearPending
 .text.HAL_GPIO_Init
                0x0000000008003e58      0x354 ./Drivers/STM32L4xx_HAL_Driver/Src/stm32l4xx_hal_gpio.o
                0x0000000008003e58                HAL_GPIO_Init
 .text.HAL_GPIO_DeInit
                0x00000000080041ac      0x1e8 ./Drivers/STM32L4xx_HAL_Driver/Src/stm32l4xx_hal_gpio.o
                0x00000000080041ac                HAL_GPIO_DeInit
 .text.HAL_GPIO_WritePin
                0x0000000008004394       0x30 ./Drivers/STM32L4xx_HAL_Driver/Src/stm32l4xx_hal_gpio.o
                0x0000000008004394                HAL_GPIO_WritePin
 .text.HAL_PWREx_GetVoltageRange
                0x00000000080043c4       0x1c ./Drivers/STM32L4xx_HAL_Driver/Src/stm32l4xx_hal_pwr_ex.o
                0x00000000080043c4                HAL_PWREx_GetVoltageRange
 .text.HAL_PWREx_ControlVoltageScaling
                0x00000000080043e0       0xac ./Drivers/STM32L4xx_HAL_Driver/Src/stm32l4xx_hal_pwr_ex.o
                0x00000000080043e0                HAL_PWREx_ControlVoltageScaling
 .text.HAL_RCC_OscConfig
                0x000000000800448c      0x7b8 ./Drivers/STM32L4xx_HAL_Driver/Src/stm32l4xx_hal_rcc.o
                0x000000000800448c                HAL_RCC_OscConfig
 .text.HAL_RCC_ClockConfig
                0x0000000008004c44      0x200 ./Drivers/STM32L4xx_HAL_Driver/Src/stm32l4xx_hal_rcc.o
                0x0000000008004c44                HAL_RCC_ClockConfig
 .text.HAL_RCC_GetSysClockFreq
                0x0000000008004e44      0x118 ./Drivers/STM32L4xx_HAL_Driver/Src/stm32l4xx_hal_rcc.o
                0x0000000008004e44                HAL_RCC_GetSysClockFreq
 .text.RCC_SetFlashLatencyFromMSIRange
                0x0000000008004f5c       0xc0 ./Drivers/STM32L4xx_HAL_Driver/Src/stm32l4xx_hal_rcc.o
 .text.HAL_SPI_Init
                0x000000000800501c      0x1b4 ./Drivers/STM32L4xx_HAL_Driver/Src/stm32l4xx_hal_spi.o
                0x000000000800501c                HAL_SPI_Init
 .text.HAL_SPI_DeInit
                0x00000000080051d0       0x6c ./Drivers/STM32L4xx_HAL_Driver/Src/stm32l4xx_hal_spi.o
                0x00000000080051d0                HAL_SPI_DeInit
 .text.HAL_SPI_MspInit
                0x000000000800523c       0x14 ./Drivers/STM32L4xx_HAL_Driver/Src/stm32l4xx_hal_spi.o
                0x000000000800523c                HAL_SPI_MspInit
 .text.HAL_SPI_MspDeInit
                0x0000000008005250       0x14 ./Drivers/STM32L4xx_HAL_Driver/Src/stm32l4xx_hal_spi.o
                0x0000000008005250                HAL_SPI_MspDeInit
 .text.HAL_SPI_RegisterCallback
                0x0000000008005264      0x14c ./Drivers/STM32L4xx_HAL_Driver/Src/stm32l4xx_hal_spi.o
                0x0000000008005264                HAL_SPI_RegisterCallback
 .text.HAL_SPI_Transmit
                0x00000000080053b0      0x2dc ./Drivers/STM32L4xx_HAL_Driver/Src/stm32l4xx_hal_spi.o
                0x00000000080053b0                HAL_SPI_Transmit
 .text.HAL_SPI_Receive
                0x000000000800568c      0x260 ./Drivers/STM32L4xx_HAL_Driver/Src/stm32l4xx_hal_spi.o
                0x000000000800568c                HAL_SPI_Receive
 .text.HAL_SPI_TransmitReceive
                0x00000000080058ec      0x426 ./Drivers/STM32L4xx_HAL_Driver/Src/stm32l4xx_hal_spi.o
                0x00000000080058ec                HAL_SPI_TransmitReceive
 *fill*         0x0000000008005d12        0x2 
 .text.HAL_SPI_Transmit_DMA
                0x0000000008005d14      0x1e8 ./Drivers/STM32L4xx_HAL_Driver/Src/stm32l4xx_hal_spi.o
                0x0000000008005d14                HAL_SPI_Transmit_DMA
 .text.HAL_SPI_Receive_DMA
                0x0000000008005efc      0x248 ./Drivers/STM32L4xx_HAL_Driver/Src/stm32l4xx_hal_spi.o
                0x0000000008005efc                HAL_SPI_Receive_DMA
 .text.HAL_SPI_TransmitReceive_DMA
                0x0000000008006144      0x318 ./Drivers/STM32L4xx_HAL_Driver/Src/stm32l4xx_hal_spi.o
                0x0000000008006144                HAL_SPI_TransmitReceive_DMA
 .text.HAL_SPI_IRQHandler
                0x000000000800645c      0x200 ./Drivers/STM32L4xx_HAL_Driver/Src/stm32l4xx_hal_spi.o
                0x000000000800645c                HAL_SPI_IRQHandler
 .text.HAL_SPI_TxCpltCallback
                0x000000000800665c       0x14 ./Drivers/STM32L4xx_HAL_Driver/Src/stm32l4xx_hal_spi.o
                0x000000000800665c                HAL_SPI_TxCpltCallback
 .text.HAL_SPI_RxCpltCallback
                0x0000000008006670       0x14 ./Drivers/STM32L4xx_HAL_Driver/Src/stm32l4xx_hal_spi.o
                0x0000000008006670                HAL_SPI_RxCpltCallback
 .text.HAL_SPI_TxRxCpltCallback
                0x0000000008006684       0x14 ./Drivers/STM32L4xx_HAL_Driver/Src/stm32l4xx_hal_spi.o
                0x0000000008006684                HAL_SPI_TxRxCpltCallback
 .text.HAL_SPI_TxHalfCpltCallback
                0x0000000008006698       0x14 ./Drivers/STM32L4xx_HAL_Driver/Src/stm32l4xx_hal_spi.o
                0x0000000008006698                HAL_SPI_TxHalfCpltCallback
 .text.HAL_SPI_RxHalfCpltCallback
                0x00000000080066ac       0x14 ./Drivers/STM32L4xx_HAL_Driver/Src/stm32l4xx_hal_spi.o
                0x00000000080066ac                HAL_SPI_RxHalfCpltCallback
 .text.HAL_SPI_TxRxHalfCpltCallback
                0x00000000080066c0       0x14 ./Drivers/STM32L4xx_HAL_Driver/Src/stm32l4xx_hal_spi.o
                0x00000000080066c0                HAL_SPI_TxRxHalfCpltCallback
 .text.HAL_SPI_ErrorCallback
                0x00000000080066d4       0x14 ./Drivers/STM32L4xx_HAL_Driver/Src/stm32l4xx_hal_spi.o
                0x00000000080066d4                HAL_SPI_ErrorCallback
 .text.HAL_SPI_AbortCpltCallback
                0x00000000080066e8       0x14 ./Drivers/STM32L4xx_HAL_Driver/Src/stm32l4xx_hal_spi.o
                0x00000000080066e8                HAL_SPI_AbortCpltCallback
 .text.HAL_SPI_GetState
                0x00000000080066fc       0x1c ./Drivers/STM32L4xx_HAL_Driver/Src/stm32l4xx_hal_spi.o
                0x00000000080066fc                HAL_SPI_GetState
 .text.SPI_DMATransmitCplt
                0x0000000008006718       0xaa ./Drivers/STM32L4xx_HAL_Driver/Src/stm32l4xx_hal_spi.o
 .text.SPI_DMAReceiveCplt
                0x00000000080067c2       0xac ./Drivers/STM32L4xx_HAL_Driver/Src/stm32l4xx_hal_spi.o
 .text.SPI_DMATransmitReceiveCplt
                0x000000000800686e       0x94 ./Drivers/STM32L4xx_HAL_Driver/Src/stm32l4xx_hal_spi.o
 .text.SPI_DMAHalfTransmitCplt
                0x0000000008006902       0x1e ./Drivers/STM32L4xx_HAL_Driver/Src/stm32l4xx_hal_spi.o
 .text.SPI_DMAHalfReceiveCplt
                0x0000000008006920       0x1e ./Drivers/STM32L4xx_HAL_Driver/Src/stm32l4xx_hal_spi.o
 .text.SPI_DMAHalfTransmitReceiveCplt
                0x000000000800693e       0x1e ./Drivers/STM32L4xx_HAL_Driver/Src/stm32l4xx_hal_spi.o
 .text.SPI_DMAError
                0x000000000800695c       0x42 ./Drivers/STM32L4xx_HAL_Driver/Src/stm32l4xx_hal_spi.o
 .text.SPI_DMAAbortOnError
                0x000000000800699e       0x2c ./Drivers/STM32L4xx_HAL_Driver/Src/stm32l4xx_hal_spi.o
 *fill*         0x00000000080069ca        0x2 
 .text.SPI_WaitFlagStateUntilTimeout
                0x00000000080069cc      0x110 ./Drivers/STM32L4xx_HAL_Driver/Src/stm32l4xx_hal_spi.o
 .text.SPI_WaitFifoStateUntilTimeout
                0x0000000008006adc      0x12c ./Drivers/STM32L4xx_HAL_Driver/Src/stm32l4xx_hal_spi.o
 .text.SPI_EndRxTransaction
                0x0000000008006c08       0xb0 ./Drivers/STM32L4xx_HAL_Driver/Src/stm32l4xx_hal_spi.o
 .text.SPI_EndRxTxTransaction
                0x0000000008006cb8       0x8c ./Drivers/STM32L4xx_HAL_Driver/Src/stm32l4xx_hal_spi.o
 .text.HAL_TIM_Base_Init
                0x0000000008006d44       0xae ./Drivers/STM32L4xx_HAL_Driver/Src/stm32l4xx_hal_tim.o
                0x0000000008006d44                HAL_TIM_Base_Init
 *fill*         0x0000000008006df2        0x2 
 .text.HAL_TIM_Base_Start
                0x0000000008006df4       0xd0 ./Drivers/STM32L4xx_HAL_Driver/Src/stm32l4xx_hal_tim.o
                0x0000000008006df4                HAL_TIM_Base_Start
 .text.HAL_TIM_ConfigClockSource
                0x0000000008006ec4      0x192 ./Drivers/STM32L4xx_HAL_Driver/Src/stm32l4xx_hal_tim.o
                0x0000000008006ec4                HAL_TIM_ConfigClockSource
 *fill*         0x0000000008007056        0x2 
 .text.TIM_Base_SetConfig
                0x0000000008007058      0x134 ./Drivers/STM32L4xx_HAL_Driver/Src/stm32l4xx_hal_tim.o
                0x0000000008007058                TIM_Base_SetConfig
 .text.TIM_TI1_ConfigInputStage
                0x000000000800718c       0x5e ./Drivers/STM32L4xx_HAL_Driver/Src/stm32l4xx_hal_tim.o
 .text.TIM_TI2_ConfigInputStage
                0x00000000080071ea       0x60 ./Drivers/STM32L4xx_HAL_Driver/Src/stm32l4xx_hal_tim.o
 .text.TIM_ITRx_SetConfig
                0x000000000800724a       0x36 ./Drivers/STM32L4xx_HAL_Driver/Src/stm32l4xx_hal_tim.o
 .text.TIM_ETR_SetConfig
                0x0000000008007280       0x40 ./Drivers/STM32L4xx_HAL_Driver/Src/stm32l4xx_hal_tim.o
                0x0000000008007280                TIM_ETR_SetConfig
 .text.HAL_TIMEx_MasterConfigSynchronization
                0x00000000080072c0      0x110 ./Drivers/STM32L4xx_HAL_Driver/Src/stm32l4xx_hal_tim_ex.o
                0x00000000080072c0                HAL_TIMEx_MasterConfigSynchronization
 .text.__libc_init_array
                0x00000000080073d0       0x48 c:/st/stm32cubeide_1.12.1/stm32cubeide/plugins/com.st.stm32cube.ide.mcu.externaltools.gnu-tools-for-stm32.10.3-2021.10.win32_1.0.200.202301161003/tools/bin/../lib/gcc/arm-none-eabi/10.3.1/../../../../arm-none-eabi/lib/thumb/v7e-m+fp/hard\libc_nano.a(lib_a-init.o)
                0x00000000080073d0                __libc_init_array
 .text.memset   0x0000000008007418       0x10 c:/st/stm32cubeide_1.12.1/stm32cubeide/plugins/com.st.stm32cube.ide.mcu.externaltools.gnu-tools-for-stm32.10.3-2021.10.win32_1.0.200.202301161003/tools/bin/../lib/gcc/arm-none-eabi/10.3.1/../../../../arm-none-eabi/lib/thumb/v7e-m+fp/hard\libc_nano.a(lib_a-memset.o)
                0x0000000008007418                memset
 *(.glue_7)
 .glue_7        0x0000000008007428        0x0 linker stubs
 *(.glue_7t)
 .glue_7t       0x0000000008007428        0x0 linker stubs
 *(.eh_frame)
 .eh_frame      0x0000000008007428        0x0 c:/st/stm32cubeide_1.12.1/stm32cubeide/plugins/com.st.stm32cube.ide.mcu.externaltools.gnu-tools-for-stm32.10.3-2021.10.win32_1.0.200.202301161003/tools/bin/../lib/gcc/arm-none-eabi/10.3.1/thumb/v7e-m+fp/hard/crtbegin.o
 *(.init)
 .init          0x0000000008007428        0x4 c:/st/stm32cubeide_1.12.1/stm32cubeide/plugins/com.st.stm32cube.ide.mcu.externaltools.gnu-tools-for-stm32.10.3-2021.10.win32_1.0.200.202301161003/tools/bin/../lib/gcc/arm-none-eabi/10.3.1/thumb/v7e-m+fp/hard/crti.o
                0x0000000008007428                _init
 .init          0x000000000800742c        0x8 c:/st/stm32cubeide_1.12.1/stm32cubeide/plugins/com.st.stm32cube.ide.mcu.externaltools.gnu-tools-for-stm32.10.3-2021.10.win32_1.0.200.202301161003/tools/bin/../lib/gcc/arm-none-eabi/10.3.1/thumb/v7e-m+fp/hard/crtn.o
 *(.fini)
 .fini          0x0000000008007434        0x4 c:/st/stm32cubeide_1.12.1/stm32cubeide/plugins/com.st.stm32cube.ide.mcu.externaltools.gnu-tools-for-stm32.10.3-2021.10.win32_1.0.200.202301161003/tools/bin/../lib/gcc/arm-none-eabi/10.3.1/thumb/v7e-m+fp/hard/crti.o
                0x0000000008007434                _fini
 .fini          0x0000000008007438        0x8 c:/st/stm32cubeide_1.12.1/stm32cubeide/plugins/com.st.stm32cube.ide.mcu.externaltools.gnu-tools-for-stm32.10.3-2021.10.win32_1.0.200.202301161003/tools/bin/../lib/gcc/arm-none-eabi/10.3.1/thumb/v7e-m+fp/hard/crtn.o
                0x0000000008007440                . = ALIGN (0x4)
                0x0000000008007440                _etext = .

.vfp11_veneer   0x0000000008007440        0x0
 .vfp11_veneer  0x0000000008007440        0x0 linker stubs

.v4_bx          0x0000000008007440        0x0
 .v4_bx         0x0000000008007440        0x0 linker stubs

.iplt           0x0000000008007440        0x0
 .iplt          0x0000000008007440        0x0 c:/st/stm32cubeide_1.12.1/stm32cubeide/plugins/com.st.stm32cube.ide.mcu.externaltools.gnu-tools-for-stm32.10.3-2021.10.win32_1.0.200.202301161003/tools/bin/../lib/gcc/arm-none-eabi/10.3.1/thumb/v7e-m+fp/hard/crtbegin.o

.rodata         0x0000000008007440       0x74
                0x0000000008007440                . = ALIGN (0x4)
 *(.rodata)
 *(.rodata*)
 .rodata.AHBPrescTable
                0x0000000008007440       0x10 ./Core/Src/system_stm32l4xx.o
                0x0000000008007440                AHBPrescTable
 .rodata.MSIRangeTable
                0x0000000008007450       0x30 ./Core/Src/system_stm32l4xx.o
                0x0000000008007450                MSIRangeTable
 .rodata.MX25L6433F_MEM_Driver
                0x0000000008007480       0x34 ./Drivers/BSP/Components/mx25l6433f/spi/mx25l6433f.o
                0x0000000008007480                MX25L6433F_MEM_Driver
                0x00000000080074b4                . = ALIGN (0x4)

.rel.dyn        0x00000000080074b4        0x0
 .rel.iplt      0x00000000080074b4        0x0 c:/st/stm32cubeide_1.12.1/stm32cubeide/plugins/com.st.stm32cube.ide.mcu.externaltools.gnu-tools-for-stm32.10.3-2021.10.win32_1.0.200.202301161003/tools/bin/../lib/gcc/arm-none-eabi/10.3.1/thumb/v7e-m+fp/hard/crtbegin.o

.ARM.extab      0x00000000080074b4        0x0
                0x00000000080074b4                . = ALIGN (0x4)
 *(.ARM.extab* .gnu.linkonce.armextab.*)
                0x00000000080074b4                . = ALIGN (0x4)

.ARM            0x00000000080074b4        0x0
                0x00000000080074b4                . = ALIGN (0x4)
                0x00000000080074b4                __exidx_start = .
 *(.ARM.exidx*)
                0x00000000080074b4                __exidx_end = .
                0x00000000080074b4                . = ALIGN (0x4)

.preinit_array  0x00000000080074b4        0x0
                0x00000000080074b4                . = ALIGN (0x4)
                0x00000000080074b4                PROVIDE (__preinit_array_start = .)
 *(.preinit_array*)
                0x00000000080074b4                PROVIDE (__preinit_array_end = .)
                0x00000000080074b4                . = ALIGN (0x4)

.init_array     0x00000000080074b4        0x4
                0x00000000080074b4                . = ALIGN (0x4)
                0x00000000080074b4                PROVIDE (__init_array_start = .)
 *(SORT_BY_NAME(.init_array.*))
 *(.init_array*)
 .init_array    0x00000000080074b4        0x4 c:/st/stm32cubeide_1.12.1/stm32cubeide/plugins/com.st.stm32cube.ide.mcu.externaltools.gnu-tools-for-stm32.10.3-2021.10.win32_1.0.200.202301161003/tools/bin/../lib/gcc/arm-none-eabi/10.3.1/thumb/v7e-m+fp/hard/crtbegin.o
                0x00000000080074b8                PROVIDE (__init_array_end = .)
                0x00000000080074b8                . = ALIGN (0x4)

.fini_array     0x00000000080074b8        0x4
                0x00000000080074b8                . = ALIGN (0x4)
                [!provide]                        PROVIDE (__fini_array_start = .)
 *(SORT_BY_NAME(.fini_array.*))
 *(.fini_array*)
 .fini_array    0x00000000080074b8        0x4 c:/st/stm32cubeide_1.12.1/stm32cubeide/plugins/com.st.stm32cube.ide.mcu.externaltools.gnu-tools-for-stm32.10.3-2021.10.win32_1.0.200.202301161003/tools/bin/../lib/gcc/arm-none-eabi/10.3.1/thumb/v7e-m+fp/hard/crtbegin.o
                [!provide]                        PROVIDE (__fini_array_end = .)
                0x00000000080074bc                . = ALIGN (0x4)
                0x00000000080074bc                _sidata = LOADADDR (.data)

.data           0x0000000020000000       0x70 load address 0x00000000080074bc
                0x0000000020000000                . = ALIGN (0x4)
                0x0000000020000000                _sdata = .
 *(.data)
 *(.data*)
 .data.SystemCoreClock
                0x0000000020000000        0x4 ./Core/Src/system_stm32l4xx.o
                0x0000000020000000                SystemCoreClock
 .data.vesc_id  0x0000000020000004        0x1 ./Core/Src/vesc.o
                0x0000000020000004                vesc_id
 *fill*         0x0000000020000005        0x3 
 .data.ILI9341_LCD_Driver
                0x0000000020000008       0x50 ./Drivers/BSP/Components/ili9341/ili9341.o
                0x0000000020000008                ILI9341_LCD_Driver
 .data.OrientationTab
                0x0000000020000058       0x10 ./Drivers/BSP/Components/ili9341/ili9341.o
 .data.uwTickPrio
                0x0000000020000068        0x4 ./Drivers/STM32L4xx_HAL_Driver/Src/stm32l4xx_hal.o
                0x0000000020000068                uwTickPrio
 .data.uwTickFreq
                0x000000002000006c        0x1 ./Drivers/STM32L4xx_HAL_Driver/Src/stm32l4xx_hal.o
                0x000000002000006c                uwTickFreq
 *(.RamFunc)
 *(.RamFunc*)
                0x0000000020000070                . = ALIGN (0x4)
 *fill*         0x000000002000006d        0x3 
                0x0000000020000070                _edata = .

.igot.plt       0x0000000020000070        0x0 load address 0x000000000800752c
 .igot.plt      0x0000000020000070        0x0 c:/st/stm32cubeide_1.12.1/stm32cubeide/plugins/com.st.stm32cube.ide.mcu.externaltools.gnu-tools-for-stm32.10.3-2021.10.win32_1.0.200.202301161003/tools/bin/../lib/gcc/arm-none-eabi/10.3.1/thumb/v7e-m+fp/hard/crtbegin.o
                0x0000000020000070                . = ALIGN (0x4)

.bss            0x0000000020000070      0x3e8 load address 0x000000000800752c
                0x0000000020000070                _sbss = .
                0x0000000020000070                __bss_start__ = _sbss
 *(.bss)
 .bss           0x0000000020000070       0x1c c:/st/stm32cubeide_1.12.1/stm32cubeide/plugins/com.st.stm32cube.ide.mcu.externaltools.gnu-tools-for-stm32.10.3-2021.10.win32_1.0.200.202301161003/tools/bin/../lib/gcc/arm-none-eabi/10.3.1/thumb/v7e-m+fp/hard/crtbegin.o
 *(.bss*)
 .bss.hcan1     0x000000002000008c       0x28 ./Core/Src/main.o
                0x000000002000008c                hcan1
 .bss.htim2     0x00000000200000b4       0x4c ./Core/Src/main.o
                0x00000000200000b4                htim2
 .bss.hspi2     0x0000000020000100       0x8c ./Core/Src/stm32l4xx_nucleo_bus.o
                0x0000000020000100                hspi2
 .bss.hspi1     0x000000002000018c       0x8c ./Core/Src/stm32l4xx_nucleo_bus.o
                0x000000002000018c                hspi1
 .bss.IsSPI2MspCbValid
                0x0000000020000218        0x4 ./Core/Src/stm32l4xx_nucleo_bus.o
 .bss.SPI2InitCounter
                0x000000002000021c        0x4 ./Core/Src/stm32l4xx_nucleo_bus.o
 .bss.IsSPI1MspCbValid
                0x0000000020000220        0x4 ./Core/Src/stm32l4xx_nucleo_bus.o
 .bss.SPI1InitCounter
                0x0000000020000224        0x4 ./Core/Src/stm32l4xx_nucleo_bus.o
 .bss.hdma_spi2_rx
                0x0000000020000228       0x48 ./Core/Src/stm32l4xx_nucleo_bus.o
                0x0000000020000228                hdma_spi2_rx
 .bss.hdma_spi2_tx
                0x0000000020000270       0x48 ./Core/Src/stm32l4xx_nucleo_bus.o
                0x0000000020000270                hdma_spi2_tx
 .bss.hdma_spi1_tx
                0x00000000200002b8       0x48 ./Core/Src/stm32l4xx_nucleo_bus.o
                0x00000000200002b8                hdma_spi1_tx
 .bss.hdma_spi1_rx
                0x0000000020000300       0x48 ./Core/Src/stm32l4xx_nucleo_bus.o
                0x0000000020000300                hdma_spi1_rx
 .bss.RxData    0x0000000020000348        0x8 ./Core/Src/vesc.o
                0x0000000020000348                RxData
 .bss.vescMessage
                0x0000000020000350        0x8 ./Core/Src/vesc.o
                0x0000000020000350                vescMessage
 .bss.vesc_can  0x0000000020000358        0x4 ./Core/Src/vesc.o
 .bss.KeyCtx    0x000000002000035c        0x4 ./DISPLAY/Target/key_io.o
 .bss.hexti_lcd_te
                0x0000000020000360        0x8 ./DISPLAY/Target/lcd_io.o
                0x0000000020000360                hexti_lcd_te
 .bss.LcdCompObj
                0x0000000020000368        0x4 ./DISPLAY/Target/lcd_io.o
 .bss.LcdDrv    0x000000002000036c        0x4 ./DISPLAY/Target/lcd_io.o
 .bss.IOCtx     0x0000000020000370       0x2c ./DISPLAY/Target/lcd_io.o
 .bss.ObjCtx    0x000000002000039c       0x54 ./DISPLAY/Target/lcd_io.o
 .bss.lcd_sem   0x00000000200003f0        0x1 ./DISPLAY/Target/lcd_os.o
 *fill*         0x00000000200003f1        0x3 
 .bss.MemCompObj
                0x00000000200003f4        0x4 ./DISPLAY/Target/mem_io.o
 .bss.MemDrv    0x00000000200003f8        0x4 ./DISPLAY/Target/mem_io.o
 .bss.IOCtx     0x00000000200003fc       0x20 ./DISPLAY/Target/mem_io.o
 .bss.ObjCtx    0x000000002000041c       0x28 ./DISPLAY/Target/mem_io.o
 .bss.mem_sem   0x0000000020000444        0x1 ./DISPLAY/Target/mem_os.o
 *fill*         0x0000000020000445        0x3 
 .bss.ILI9341Ctx
                0x0000000020000448        0xc ./Drivers/BSP/Components/ili9341/ili9341.o
 .bss.uwTick    0x0000000020000454        0x4 ./Drivers/STM32L4xx_HAL_Driver/Src/stm32l4xx_hal.o
                0x0000000020000454                uwTick
 *(COMMON)
                0x0000000020000458                . = ALIGN (0x4)
                0x0000000020000458                _ebss = .
                0x0000000020000458                __bss_end__ = _ebss

._user_heap_stack
                0x0000000020000458      0x800 load address 0x000000000800752c
                0x0000000020000458                . = ALIGN (0x8)
                [!provide]                        PROVIDE (end = .)
                0x0000000020000458                PROVIDE (_end = .)
                0x0000000020000858                . = (. + _Min_Heap_Size)
 *fill*         0x0000000020000458      0x400 
                0x0000000020000c58                . = (. + _Min_Stack_Size)
 *fill*         0x0000000020000858      0x400 
                0x0000000020000c58                . = ALIGN (0x8)

/DISCARD/
 libc.a(*)
 libm.a(*)
 libgcc.a(*)

.ARM.attributes
                0x0000000000000000       0x30
 *(.ARM.attributes)
 .ARM.attributes
                0x0000000000000000       0x1e c:/st/stm32cubeide_1.12.1/stm32cubeide/plugins/com.st.stm32cube.ide.mcu.externaltools.gnu-tools-for-stm32.10.3-2021.10.win32_1.0.200.202301161003/tools/bin/../lib/gcc/arm-none-eabi/10.3.1/thumb/v7e-m+fp/hard/crti.o
 .ARM.attributes
                0x000000000000001e       0x34 c:/st/stm32cubeide_1.12.1/stm32cubeide/plugins/com.st.stm32cube.ide.mcu.externaltools.gnu-tools-for-stm32.10.3-2021.10.win32_1.0.200.202301161003/tools/bin/../lib/gcc/arm-none-eabi/10.3.1/thumb/v7e-m+fp/hard/crtbegin.o
 .ARM.attributes
                0x0000000000000052       0x34 ./Core/Src/main.o
 .ARM.attributes
                0x0000000000000086       0x34 ./Core/Src/stm32l4xx_hal_msp.o
 .ARM.attributes
                0x00000000000000ba       0x34 ./Core/Src/stm32l4xx_it.o
 .ARM.attributes
                0x00000000000000ee       0x34 ./Core/Src/stm32l4xx_nucleo_bus.o
 .ARM.attributes
                0x0000000000000122       0x34 ./Core/Src/system_stm32l4xx.o
 .ARM.attributes
                0x0000000000000156       0x34 ./Core/Src/vesc.o
 .ARM.attributes
                0x000000000000018a       0x21 ./Core/Startup/startup_stm32l476rgtx.o
 .ARM.attributes
                0x00000000000001ab       0x34 ./DISPLAY/App/app_display.o
 .ARM.attributes
                0x00000000000001df       0x34 ./DISPLAY/Target/key_io.o
 .ARM.attributes
                0x0000000000000213       0x34 ./DISPLAY/Target/lcd_io.o
 .ARM.attributes
                0x0000000000000247       0x34 ./DISPLAY/Target/lcd_os.o
 .ARM.attributes
                0x000000000000027b       0x34 ./DISPLAY/Target/mem_io.o
 .ARM.attributes
                0x00000000000002af       0x34 ./DISPLAY/Target/mem_os.o
 .ARM.attributes
                0x00000000000002e3       0x34 ./Drivers/BSP/Components/ili9341/ili9341.o
 .ARM.attributes
                0x0000000000000317       0x34 ./Drivers/BSP/Components/ili9341/ili9341_reg.o
 .ARM.attributes
                0x000000000000034b       0x34 ./Drivers/BSP/Components/mx25l6433f/spi/mx25l6433f.o
 .ARM.attributes
                0x000000000000037f       0x34 ./Drivers/STM32L4xx_HAL_Driver/Src/stm32l4xx_hal.o
 .ARM.attributes
                0x00000000000003b3       0x34 ./Drivers/STM32L4xx_HAL_Driver/Src/stm32l4xx_hal_can.o
 .ARM.attributes
                0x00000000000003e7       0x34 ./Drivers/STM32L4xx_HAL_Driver/Src/stm32l4xx_hal_cortex.o
 .ARM.attributes
                0x000000000000041b       0x34 ./Drivers/STM32L4xx_HAL_Driver/Src/stm32l4xx_hal_dma.o
 .ARM.attributes
                0x000000000000044f       0x34 ./Drivers/STM32L4xx_HAL_Driver/Src/stm32l4xx_hal_exti.o
 .ARM.attributes
                0x0000000000000483       0x34 ./Drivers/STM32L4xx_HAL_Driver/Src/stm32l4xx_hal_gpio.o
 .ARM.attributes
                0x00000000000004b7       0x34 ./Drivers/STM32L4xx_HAL_Driver/Src/stm32l4xx_hal_pwr_ex.o
 .ARM.attributes
                0x00000000000004eb       0x34 ./Drivers/STM32L4xx_HAL_Driver/Src/stm32l4xx_hal_rcc.o
 .ARM.attributes
                0x000000000000051f       0x34 ./Drivers/STM32L4xx_HAL_Driver/Src/stm32l4xx_hal_spi.o
 .ARM.attributes
                0x0000000000000553       0x34 ./Drivers/STM32L4xx_HAL_Driver/Src/stm32l4xx_hal_tim.o
 .ARM.attributes
                0x0000000000000587       0x34 ./Drivers/STM32L4xx_HAL_Driver/Src/stm32l4xx_hal_tim_ex.o
 .ARM.attributes
                0x00000000000005bb       0x34 c:/st/stm32cubeide_1.12.1/stm32cubeide/plugins/com.st.stm32cube.ide.mcu.externaltools.gnu-tools-for-stm32.10.3-2021.10.win32_1.0.200.202301161003/tools/bin/../lib/gcc/arm-none-eabi/10.3.1/../../../../arm-none-eabi/lib/thumb/v7e-m+fp/hard\libc_nano.a(lib_a-init.o)
 .ARM.attributes
                0x00000000000005ef       0x34 c:/st/stm32cubeide_1.12.1/stm32cubeide/plugins/com.st.stm32cube.ide.mcu.externaltools.gnu-tools-for-stm32.10.3-2021.10.win32_1.0.200.202301161003/tools/bin/../lib/gcc/arm-none-eabi/10.3.1/../../../../arm-none-eabi/lib/thumb/v7e-m+fp/hard\libc_nano.a(lib_a-memset.o)
 .ARM.attributes
                0x0000000000000623       0x1e c:/st/stm32cubeide_1.12.1/stm32cubeide/plugins/com.st.stm32cube.ide.mcu.externaltools.gnu-tools-for-stm32.10.3-2021.10.win32_1.0.200.202301161003/tools/bin/../lib/gcc/arm-none-eabi/10.3.1/thumb/v7e-m+fp/hard/crtn.o
OUTPUT(Sustainawave-E-Bike Display.elf elf32-littlearm)
LOAD linker stubs
LOAD c:/st/stm32cubeide_1.12.1/stm32cubeide/plugins/com.st.stm32cube.ide.mcu.externaltools.gnu-tools-for-stm32.10.3-2021.10.win32_1.0.200.202301161003/tools/bin/../lib/gcc/arm-none-eabi/10.3.1/../../../../arm-none-eabi/lib/thumb/v7e-m+fp/hard\libc.a
LOAD c:/st/stm32cubeide_1.12.1/stm32cubeide/plugins/com.st.stm32cube.ide.mcu.externaltools.gnu-tools-for-stm32.10.3-2021.10.win32_1.0.200.202301161003/tools/bin/../lib/gcc/arm-none-eabi/10.3.1/../../../../arm-none-eabi/lib/thumb/v7e-m+fp/hard\libm.a
LOAD c:/st/stm32cubeide_1.12.1/stm32cubeide/plugins/com.st.stm32cube.ide.mcu.externaltools.gnu-tools-for-stm32.10.3-2021.10.win32_1.0.200.202301161003/tools/bin/../lib/gcc/arm-none-eabi/10.3.1/thumb/v7e-m+fp/hard\libgcc.a

.debug_info     0x0000000000000000    0x16857
 .debug_info    0x0000000000000000     0x1620 ./Core/Src/main.o
 .debug_info    0x0000000000001620     0x11e9 ./Core/Src/stm32l4xx_hal_msp.o
 .debug_info    0x0000000000002809      0xc55 ./Core/Src/stm32l4xx_it.o
 .debug_info    0x000000000000345e     0x1625 ./Core/Src/stm32l4xx_nucleo_bus.o
 .debug_info    0x0000000000004a83      0x5c6 ./Core/Src/system_stm32l4xx.o
 .debug_info    0x0000000000005049      0x993 ./Core/Src/vesc.o
 .debug_info    0x00000000000059dc       0x22 ./Core/Startup/startup_stm32l476rgtx.o
 .debug_info    0x00000000000059fe      0x1c1 ./DISPLAY/App/app_display.o
 .debug_info    0x0000000000005bbf      0x38f ./DISPLAY/Target/key_io.o
 .debug_info    0x0000000000005f4e     0x1b38 ./DISPLAY/Target/lcd_io.o
 .debug_info    0x0000000000007a86      0x266 ./DISPLAY/Target/lcd_os.o
 .debug_info    0x0000000000007cec     0x1419 ./DISPLAY/Target/mem_io.o
 .debug_info    0x0000000000009105      0x266 ./DISPLAY/Target/mem_os.o
 .debug_info    0x000000000000936b      0xe3d ./Drivers/BSP/Components/ili9341/ili9341.o
 .debug_info    0x000000000000a1a8      0x36a ./Drivers/BSP/Components/ili9341/ili9341_reg.o
 .debug_info    0x000000000000a512      0xd64 ./Drivers/BSP/Components/mx25l6433f/spi/mx25l6433f.o
 .debug_info    0x000000000000b276      0xc57 ./Drivers/STM32L4xx_HAL_Driver/Src/stm32l4xx_hal.o
 .debug_info    0x000000000000becd     0x102c ./Drivers/STM32L4xx_HAL_Driver/Src/stm32l4xx_hal_can.o
 .debug_info    0x000000000000cef9      0xe21 ./Drivers/STM32L4xx_HAL_Driver/Src/stm32l4xx_hal_cortex.o
 .debug_info    0x000000000000dd1a      0x76a ./Drivers/STM32L4xx_HAL_Driver/Src/stm32l4xx_hal_dma.o
 .debug_info    0x000000000000e484      0x6c6 ./Drivers/STM32L4xx_HAL_Driver/Src/stm32l4xx_hal_exti.o
 .debug_info    0x000000000000eb4a      0x821 ./Drivers/STM32L4xx_HAL_Driver/Src/stm32l4xx_hal_gpio.o
 .debug_info    0x000000000000f36b      0x9f0 ./Drivers/STM32L4xx_HAL_Driver/Src/stm32l4xx_hal_pwr_ex.o
 .debug_info    0x000000000000fd5b      0xced ./Drivers/STM32L4xx_HAL_Driver/Src/stm32l4xx_hal_rcc.o
 .debug_info    0x0000000000010a48     0x1920 ./Drivers/STM32L4xx_HAL_Driver/Src/stm32l4xx_hal_spi.o
 .debug_info    0x0000000000012368     0x2d04 ./Drivers/STM32L4xx_HAL_Driver/Src/stm32l4xx_hal_tim.o
 .debug_info    0x000000000001506c     0x17eb ./Drivers/STM32L4xx_HAL_Driver/Src/stm32l4xx_hal_tim_ex.o

.debug_abbrev   0x0000000000000000     0x34f0
 .debug_abbrev  0x0000000000000000      0x2fd ./Core/Src/main.o
 .debug_abbrev  0x00000000000002fd      0x1fd ./Core/Src/stm32l4xx_hal_msp.o
 .debug_abbrev  0x00000000000004fa      0x1d4 ./Core/Src/stm32l4xx_it.o
 .debug_abbrev  0x00000000000006ce      0x29a ./Core/Src/stm32l4xx_nucleo_bus.o
 .debug_abbrev  0x0000000000000968      0x116 ./Core/Src/system_stm32l4xx.o
 .debug_abbrev  0x0000000000000a7e      0x222 ./Core/Src/vesc.o
 .debug_abbrev  0x0000000000000ca0       0x12 ./Core/Startup/startup_stm32l476rgtx.o
 .debug_abbrev  0x0000000000000cb2       0xea ./DISPLAY/App/app_display.o
 .debug_abbrev  0x0000000000000d9c      0x183 ./DISPLAY/Target/key_io.o
 .debug_abbrev  0x0000000000000f1f      0x316 ./DISPLAY/Target/lcd_io.o
 .debug_abbrev  0x0000000000001235      0x111 ./DISPLAY/Target/lcd_os.o
 .debug_abbrev  0x0000000000001346      0x2cc ./DISPLAY/Target/mem_io.o
 .debug_abbrev  0x0000000000001612      0x111 ./DISPLAY/Target/mem_os.o
 .debug_abbrev  0x0000000000001723      0x204 ./Drivers/BSP/Components/ili9341/ili9341.o
 .debug_abbrev  0x0000000000001927       0xe1 ./Drivers/BSP/Components/ili9341/ili9341_reg.o
 .debug_abbrev  0x0000000000001a08      0x22f ./Drivers/BSP/Components/mx25l6433f/spi/mx25l6433f.o
 .debug_abbrev  0x0000000000001c37      0x23a ./Drivers/STM32L4xx_HAL_Driver/Src/stm32l4xx_hal.o
 .debug_abbrev  0x0000000000001e71      0x26c ./Drivers/STM32L4xx_HAL_Driver/Src/stm32l4xx_hal_can.o
 .debug_abbrev  0x00000000000020dd      0x316 ./Drivers/STM32L4xx_HAL_Driver/Src/stm32l4xx_hal_cortex.o
 .debug_abbrev  0x00000000000023f3      0x1d7 ./Drivers/STM32L4xx_HAL_Driver/Src/stm32l4xx_hal_dma.o
 .debug_abbrev  0x00000000000025ca      0x197 ./Drivers/STM32L4xx_HAL_Driver/Src/stm32l4xx_hal_exti.o
 .debug_abbrev  0x0000000000002761      0x1bb ./Drivers/STM32L4xx_HAL_Driver/Src/stm32l4xx_hal_gpio.o
 .debug_abbrev  0x000000000000291c      0x1f3 ./Drivers/STM32L4xx_HAL_Driver/Src/stm32l4xx_hal_pwr_ex.o
 .debug_abbrev  0x0000000000002b0f      0x2bd ./Drivers/STM32L4xx_HAL_Driver/Src/stm32l4xx_hal_rcc.o
 .debug_abbrev  0x0000000000002dcc      0x254 ./Drivers/STM32L4xx_HAL_Driver/Src/stm32l4xx_hal_spi.o
 .debug_abbrev  0x0000000000003020      0x264 ./Drivers/STM32L4xx_HAL_Driver/Src/stm32l4xx_hal_tim.o
 .debug_abbrev  0x0000000000003284      0x26c ./Drivers/STM32L4xx_HAL_Driver/Src/stm32l4xx_hal_tim_ex.o

.debug_aranges  0x0000000000000000     0x14f8
 .debug_aranges
                0x0000000000000000       0x50 ./Core/Src/main.o
 .debug_aranges
                0x0000000000000050       0x40 ./Core/Src/stm32l4xx_hal_msp.o
 .debug_aranges
                0x0000000000000090       0xa8 ./Core/Src/stm32l4xx_it.o
 .debug_aranges
                0x0000000000000138       0xf0 ./Core/Src/stm32l4xx_nucleo_bus.o
 .debug_aranges
                0x0000000000000228       0x28 ./Core/Src/system_stm32l4xx.o
 .debug_aranges
                0x0000000000000250       0x48 ./Core/Src/vesc.o
 .debug_aranges
                0x0000000000000298       0x28 ./Core/Startup/startup_stm32l476rgtx.o
 .debug_aranges
                0x00000000000002c0       0x30 ./DISPLAY/App/app_display.o
 .debug_aranges
                0x00000000000002f0       0x38 ./DISPLAY/Target/key_io.o
 .debug_aranges
                0x0000000000000328      0x100 ./DISPLAY/Target/lcd_io.o
 .debug_aranges
                0x0000000000000428       0x50 ./DISPLAY/Target/lcd_os.o
 .debug_aranges
                0x0000000000000478       0x98 ./DISPLAY/Target/mem_io.o
 .debug_aranges
                0x0000000000000510       0x50 ./DISPLAY/Target/mem_os.o
 .debug_aranges
                0x0000000000000560       0xa8 ./Drivers/BSP/Components/ili9341/ili9341.o
 .debug_aranges
                0x0000000000000608       0x48 ./Drivers/BSP/Components/ili9341/ili9341_reg.o
 .debug_aranges
                0x0000000000000650       0xb8 ./Drivers/BSP/Components/mx25l6433f/spi/mx25l6433f.o
 .debug_aranges
                0x0000000000000708      0x130 ./Drivers/STM32L4xx_HAL_Driver/Src/stm32l4xx_hal.o
 .debug_aranges
                0x0000000000000838      0x138 ./Drivers/STM32L4xx_HAL_Driver/Src/stm32l4xx_hal_can.o
 .debug_aranges
                0x0000000000000970      0x118 ./Drivers/STM32L4xx_HAL_Driver/Src/stm32l4xx_hal_cortex.o
 .debug_aranges
                0x0000000000000a88       0x80 ./Drivers/STM32L4xx_HAL_Driver/Src/stm32l4xx_hal_dma.o
 .debug_aranges
                0x0000000000000b08       0x60 ./Drivers/STM32L4xx_HAL_Driver/Src/stm32l4xx_hal_exti.o
 .debug_aranges
                0x0000000000000b68       0x58 ./Drivers/STM32L4xx_HAL_Driver/Src/stm32l4xx_hal_gpio.o
 .debug_aranges
                0x0000000000000bc0      0x160 ./Drivers/STM32L4xx_HAL_Driver/Src/stm32l4xx_hal_pwr_ex.o
 .debug_aranges
                0x0000000000000d20       0x90 ./Drivers/STM32L4xx_HAL_Driver/Src/stm32l4xx_hal_rcc.o
 .debug_aranges
                0x0000000000000db0      0x1e8 ./Drivers/STM32L4xx_HAL_Driver/Src/stm32l4xx_hal_spi.o
 .debug_aranges
                0x0000000000000f98      0x3e0 ./Drivers/STM32L4xx_HAL_Driver/Src/stm32l4xx_hal_tim.o
 .debug_aranges
                0x0000000000001378      0x180 ./Drivers/STM32L4xx_HAL_Driver/Src/stm32l4xx_hal_tim_ex.o

.debug_ranges   0x0000000000000000     0x1350
 .debug_ranges  0x0000000000000000       0x40 ./Core/Src/main.o
 .debug_ranges  0x0000000000000040       0x30 ./Core/Src/stm32l4xx_hal_msp.o
 .debug_ranges  0x0000000000000070       0x98 ./Core/Src/stm32l4xx_it.o
 .debug_ranges  0x0000000000000108       0xe0 ./Core/Src/stm32l4xx_nucleo_bus.o
 .debug_ranges  0x00000000000001e8       0x18 ./Core/Src/system_stm32l4xx.o
 .debug_ranges  0x0000000000000200       0x38 ./Core/Src/vesc.o
 .debug_ranges  0x0000000000000238       0x20 ./Core/Startup/startup_stm32l476rgtx.o
 .debug_ranges  0x0000000000000258       0x20 ./DISPLAY/App/app_display.o
 .debug_ranges  0x0000000000000278       0x28 ./DISPLAY/Target/key_io.o
 .debug_ranges  0x00000000000002a0       0xf0 ./DISPLAY/Target/lcd_io.o
 .debug_ranges  0x0000000000000390       0x40 ./DISPLAY/Target/lcd_os.o
 .debug_ranges  0x00000000000003d0       0x88 ./DISPLAY/Target/mem_io.o
 .debug_ranges  0x0000000000000458       0x40 ./DISPLAY/Target/mem_os.o
 .debug_ranges  0x0000000000000498       0x98 ./Drivers/BSP/Components/ili9341/ili9341.o
 .debug_ranges  0x0000000000000530       0x38 ./Drivers/BSP/Components/ili9341/ili9341_reg.o
 .debug_ranges  0x0000000000000568       0xa8 ./Drivers/BSP/Components/mx25l6433f/spi/mx25l6433f.o
 .debug_ranges  0x0000000000000610      0x120 ./Drivers/STM32L4xx_HAL_Driver/Src/stm32l4xx_hal.o
 .debug_ranges  0x0000000000000730      0x128 ./Drivers/STM32L4xx_HAL_Driver/Src/stm32l4xx_hal_can.o
 .debug_ranges  0x0000000000000858      0x108 ./Drivers/STM32L4xx_HAL_Driver/Src/stm32l4xx_hal_cortex.o
 .debug_ranges  0x0000000000000960       0x70 ./Drivers/STM32L4xx_HAL_Driver/Src/stm32l4xx_hal_dma.o
 .debug_ranges  0x00000000000009d0       0x50 ./Drivers/STM32L4xx_HAL_Driver/Src/stm32l4xx_hal_exti.o
 .debug_ranges  0x0000000000000a20       0x48 ./Drivers/STM32L4xx_HAL_Driver/Src/stm32l4xx_hal_gpio.o
 .debug_ranges  0x0000000000000a68      0x150 ./Drivers/STM32L4xx_HAL_Driver/Src/stm32l4xx_hal_pwr_ex.o
 .debug_ranges  0x0000000000000bb8       0x80 ./Drivers/STM32L4xx_HAL_Driver/Src/stm32l4xx_hal_rcc.o
 .debug_ranges  0x0000000000000c38      0x1d8 ./Drivers/STM32L4xx_HAL_Driver/Src/stm32l4xx_hal_spi.o
 .debug_ranges  0x0000000000000e10      0x3d0 ./Drivers/STM32L4xx_HAL_Driver/Src/stm32l4xx_hal_tim.o
 .debug_ranges  0x00000000000011e0      0x170 ./Drivers/STM32L4xx_HAL_Driver/Src/stm32l4xx_hal_tim_ex.o

.debug_macro    0x0000000000000000    0x299ec
 .debug_macro   0x0000000000000000      0x3fe ./Core/Src/main.o
 .debug_macro   0x00000000000003fe      0xa78 ./Core/Src/main.o
 .debug_macro   0x0000000000000e76      0x1ad ./Core/Src/main.o
 .debug_macro   0x0000000000001023       0x2e ./Core/Src/main.o
 .debug_macro   0x0000000000001051       0x28 ./Core/Src/main.o
 .debug_macro   0x0000000000001079       0x22 ./Core/Src/main.o
 .debug_macro   0x000000000000109b       0x8e ./Core/Src/main.o
 .debug_macro   0x0000000000001129       0x51 ./Core/Src/main.o
 .debug_macro   0x000000000000117a      0x103 ./Core/Src/main.o
 .debug_macro   0x000000000000127d       0x6a ./Core/Src/main.o
 .debug_macro   0x00000000000012e7      0x1df ./Core/Src/main.o
 .debug_macro   0x00000000000014c6       0x1c ./Core/Src/main.o
 .debug_macro   0x00000000000014e2       0x22 ./Core/Src/main.o
 .debug_macro   0x0000000000001504       0xfb ./Core/Src/main.o
 .debug_macro   0x00000000000015ff     0x1011 ./Core/Src/main.o
 .debug_macro   0x0000000000002610      0x11f ./Core/Src/main.o
 .debug_macro   0x000000000000272f    0x1a17a ./Core/Src/main.o
 .debug_macro   0x000000000001c8a9       0x6d ./Core/Src/main.o
 .debug_macro   0x000000000001c916     0x38e6 ./Core/Src/main.o
 .debug_macro   0x00000000000201fc      0x174 ./Core/Src/main.o
 .debug_macro   0x0000000000020370       0x5c ./Core/Src/main.o
 .debug_macro   0x00000000000203cc     0x159e ./Core/Src/main.o
 .debug_macro   0x000000000002196a      0x5a5 ./Core/Src/main.o
 .debug_macro   0x0000000000021f0f      0x1b9 ./Core/Src/main.o
 .debug_macro   0x00000000000220c8      0x18b ./Core/Src/main.o
 .debug_macro   0x0000000000022253      0x26b ./Core/Src/main.o
 .debug_macro   0x00000000000224be      0x23d ./Core/Src/main.o
 .debug_macro   0x00000000000226fb      0x408 ./Core/Src/main.o
 .debug_macro   0x0000000000022b03      0x241 ./Core/Src/main.o
 .debug_macro   0x0000000000022d44      0x37c ./Core/Src/main.o
 .debug_macro   0x00000000000230c0       0xd6 ./Core/Src/main.o
 .debug_macro   0x0000000000023196      0x122 ./Core/Src/main.o
 .debug_macro   0x00000000000232b8      0x3ef ./Core/Src/main.o
 .debug_macro   0x00000000000236a7      0x305 ./Core/Src/main.o
 .debug_macro   0x00000000000239ac      0xa91 ./Core/Src/main.o
 .debug_macro   0x000000000002443d      0x1e6 ./Core/Src/main.o
 .debug_macro   0x0000000000024623      0x330 ./Core/Src/main.o
 .debug_macro   0x0000000000024953       0x40 ./Core/Src/main.o
 .debug_macro   0x0000000000024993       0x2e ./Core/Src/main.o
 .debug_macro   0x00000000000249c1       0x82 ./Core/Src/main.o
 .debug_macro   0x0000000000024a43       0xd6 ./Core/Src/main.o
 .debug_macro   0x0000000000024b19       0xbe ./Core/Src/main.o
 .debug_macro   0x0000000000024bd7       0x52 ./Core/Src/main.o
 .debug_macro   0x0000000000024c29       0x1e ./Core/Src/main.o
 .debug_macro   0x0000000000024c47       0x3c ./Core/Src/main.o
 .debug_macro   0x0000000000024c83       0x34 ./Core/Src/main.o
 .debug_macro   0x0000000000024cb7       0x16 ./Core/Src/main.o
 .debug_macro   0x0000000000024ccd       0x35 ./Core/Src/main.o
 .debug_macro   0x0000000000024d02      0x341 ./Core/Src/main.o
 .debug_macro   0x0000000000025043       0x10 ./Core/Src/main.o
 .debug_macro   0x0000000000025053       0x16 ./Core/Src/main.o
 .debug_macro   0x0000000000025069       0x43 ./Core/Src/main.o
 .debug_macro   0x00000000000250ac       0x34 ./Core/Src/main.o
 .debug_macro   0x00000000000250e0       0x10 ./Core/Src/main.o
 .debug_macro   0x00000000000250f0       0x58 ./Core/Src/main.o
 .debug_macro   0x0000000000025148       0x71 ./Core/Src/main.o
 .debug_macro   0x00000000000251b9       0x1c ./Core/Src/main.o
 .debug_macro   0x00000000000251d5      0x12a ./Core/Src/main.o
 .debug_macro   0x00000000000252ff       0x10 ./Core/Src/main.o
 .debug_macro   0x000000000002530f       0x1c ./Core/Src/main.o
 .debug_macro   0x000000000002532b       0x52 ./Core/Src/main.o
 .debug_macro   0x000000000002537d       0x22 ./Core/Src/main.o
 .debug_macro   0x000000000002539f       0x10 ./Core/Src/main.o
 .debug_macro   0x00000000000253af       0x52 ./Core/Src/main.o
 .debug_macro   0x0000000000025401       0xd5 ./Core/Src/main.o
 .debug_macro   0x00000000000254d6       0x1c ./Core/Src/main.o
 .debug_macro   0x00000000000254f2       0x3d ./Core/Src/main.o
 .debug_macro   0x000000000002552f       0x16 ./Core/Src/main.o
 .debug_macro   0x0000000000025545      0x145 ./Core/Src/main.o
 .debug_macro   0x000000000002568a      0x20e ./Core/Src/main.o
 .debug_macro   0x0000000000025898       0x82 ./Core/Src/main.o
 .debug_macro   0x000000000002591a       0x22 ./Core/Src/main.o
 .debug_macro   0x000000000002593c       0x10 ./Core/Src/main.o
 .debug_macro   0x000000000002594c       0x70 ./Core/Src/main.o
 .debug_macro   0x00000000000259bc      0x1f8 ./Core/Src/main.o
 .debug_macro   0x0000000000025bb4       0x1c ./Core/Src/main.o
 .debug_macro   0x0000000000025bd0       0x82 ./Core/Src/main.o
 .debug_macro   0x0000000000025c52       0xee ./Core/Src/main.o
 .debug_macro   0x0000000000025d40      0x3ea ./Core/Src/stm32l4xx_hal_msp.o
 .debug_macro   0x000000000002612a      0x3f4 ./Core/Src/stm32l4xx_it.o
 .debug_macro   0x000000000002651e      0x1f2 ./Core/Src/stm32l4xx_nucleo_bus.o
 .debug_macro   0x0000000000026710       0x28 ./Core/Src/stm32l4xx_nucleo_bus.o
 .debug_macro   0x0000000000026738      0x1cb ./Core/Src/system_stm32l4xx.o
 .debug_macro   0x0000000000026903      0x1d5 ./Core/Src/vesc.o
 .debug_macro   0x0000000000026ad8      0x3f4 ./DISPLAY/App/app_display.o
 .debug_macro   0x0000000000026ecc      0x1fb ./DISPLAY/Target/key_io.o
 .debug_macro   0x00000000000270c7       0x7c ./DISPLAY/Target/key_io.o
 .debug_macro   0x0000000000027143       0x4c ./DISPLAY/Target/key_io.o
 .debug_macro   0x000000000002718f      0x3a9 ./DISPLAY/Target/lcd_io.o
 .debug_macro   0x0000000000027538       0x16 ./DISPLAY/Target/lcd_io.o
 .debug_macro   0x000000000002754e      0x20a ./DISPLAY/Target/lcd_os.o
 .debug_macro   0x0000000000027758      0x23b ./DISPLAY/Target/mem_io.o
 .debug_macro   0x0000000000027993       0x16 ./DISPLAY/Target/mem_io.o
 .debug_macro   0x00000000000279a9       0x6a ./DISPLAY/Target/mem_io.o
 .debug_macro   0x0000000000027a13      0x20a ./DISPLAY/Target/mem_os.o
 .debug_macro   0x0000000000027c1d      0x376 ./Drivers/BSP/Components/ili9341/ili9341.o
 .debug_macro   0x0000000000027f93       0x97 ./Drivers/BSP/Components/ili9341/ili9341.o
 .debug_macro   0x000000000002802a       0xfd ./Drivers/BSP/Components/ili9341/ili9341.o
 .debug_macro   0x0000000000028127       0x56 ./Drivers/BSP/Components/ili9341/ili9341.o
 .debug_macro   0x000000000002817d      0x1d0 ./Drivers/BSP/Components/ili9341/ili9341_reg.o
 .debug_macro   0x000000000002834d      0x20e ./Drivers/BSP/Components/mx25l6433f/spi/mx25l6433f.o
 .debug_macro   0x000000000002855b      0x219 ./Drivers/STM32L4xx_HAL_Driver/Src/stm32l4xx_hal.o
 .debug_macro   0x0000000000028774      0x1d3 ./Drivers/STM32L4xx_HAL_Driver/Src/stm32l4xx_hal_can.o
 .debug_macro   0x0000000000028947      0x1cb ./Drivers/STM32L4xx_HAL_Driver/Src/stm32l4xx_hal_cortex.o
 .debug_macro   0x0000000000028b12      0x1cb ./Drivers/STM32L4xx_HAL_Driver/Src/stm32l4xx_hal_dma.o
 .debug_macro   0x0000000000028cdd      0x1d7 ./Drivers/STM32L4xx_HAL_Driver/Src/stm32l4xx_hal_exti.o
 .debug_macro   0x0000000000028eb4      0x1d2 ./Drivers/STM32L4xx_HAL_Driver/Src/stm32l4xx_hal_gpio.o
 .debug_macro   0x0000000000029086      0x1ef ./Drivers/STM32L4xx_HAL_Driver/Src/stm32l4xx_hal_pwr_ex.o
 .debug_macro   0x0000000000029275      0x20d ./Drivers/STM32L4xx_HAL_Driver/Src/stm32l4xx_hal_rcc.o
 .debug_macro   0x0000000000029482      0x1d3 ./Drivers/STM32L4xx_HAL_Driver/Src/stm32l4xx_hal_spi.o
 .debug_macro   0x0000000000029655      0x1cc ./Drivers/STM32L4xx_HAL_Driver/Src/stm32l4xx_hal_tim.o
 .debug_macro   0x0000000000029821      0x1cb ./Drivers/STM32L4xx_HAL_Driver/Src/stm32l4xx_hal_tim_ex.o

.debug_line     0x0000000000000000    0x17e5f
 .debug_line    0x0000000000000000      0xbfe ./Core/Src/main.o
 .debug_line    0x0000000000000bfe      0xab9 ./Core/Src/stm32l4xx_hal_msp.o
 .debug_line    0x00000000000016b7      0xbc9 ./Core/Src/stm32l4xx_it.o
 .debug_line    0x0000000000002280      0xc78 ./Core/Src/stm32l4xx_nucleo_bus.o
 .debug_line    0x0000000000002ef8      0x771 ./Core/Src/system_stm32l4xx.o
 .debug_line    0x0000000000003669      0x7c4 ./Core/Src/vesc.o
 .debug_line    0x0000000000003e2d       0x88 ./Core/Startup/startup_stm32l476rgtx.o
 .debug_line    0x0000000000003eb5      0xa75 ./DISPLAY/App/app_display.o
 .debug_line    0x000000000000492a      0x8b1 ./DISPLAY/Target/key_io.o
 .debug_line    0x00000000000051db      0xe69 ./DISPLAY/Target/lcd_io.o
 .debug_line    0x0000000000006044      0x83c ./DISPLAY/Target/lcd_os.o
 .debug_line    0x0000000000006880      0xc61 ./DISPLAY/Target/mem_io.o
 .debug_line    0x00000000000074e1      0x83c ./DISPLAY/Target/mem_os.o
 .debug_line    0x0000000000007d1d      0xd9a ./Drivers/BSP/Components/ili9341/ili9341.o
 .debug_line    0x0000000000008ab7      0x629 ./Drivers/BSP/Components/ili9341/ili9341_reg.o
 .debug_line    0x00000000000090e0      0xd39 ./Drivers/BSP/Components/mx25l6433f/spi/mx25l6433f.o
 .debug_line    0x0000000000009e19      0xaca ./Drivers/STM32L4xx_HAL_Driver/Src/stm32l4xx_hal.o
 .debug_line    0x000000000000a8e3     0x1125 ./Drivers/STM32L4xx_HAL_Driver/Src/stm32l4xx_hal_can.o
 .debug_line    0x000000000000ba08      0xc70 ./Drivers/STM32L4xx_HAL_Driver/Src/stm32l4xx_hal_cortex.o
 .debug_line    0x000000000000c678      0xca8 ./Drivers/STM32L4xx_HAL_Driver/Src/stm32l4xx_hal_dma.o
 .debug_line    0x000000000000d320      0xa49 ./Drivers/STM32L4xx_HAL_Driver/Src/stm32l4xx_hal_exti.o
 .debug_line    0x000000000000dd69      0xb3d ./Drivers/STM32L4xx_HAL_Driver/Src/stm32l4xx_hal_gpio.o
 .debug_line    0x000000000000e8a6      0xcc1 ./Drivers/STM32L4xx_HAL_Driver/Src/stm32l4xx_hal_pwr_ex.o
 .debug_line    0x000000000000f567      0xf43 ./Drivers/STM32L4xx_HAL_Driver/Src/stm32l4xx_hal_rcc.o
 .debug_line    0x00000000000104aa     0x20b0 ./Drivers/STM32L4xx_HAL_Driver/Src/stm32l4xx_hal_spi.o
 .debug_line    0x000000000001255a     0x3d36 ./Drivers/STM32L4xx_HAL_Driver/Src/stm32l4xx_hal_tim.o
 .debug_line    0x0000000000016290     0x1bcf ./Drivers/STM32L4xx_HAL_Driver/Src/stm32l4xx_hal_tim_ex.o

.debug_str      0x0000000000000000    0xf5fbb
 .debug_str     0x0000000000000000    0xf0d45 ./Core/Src/main.o
                                      0xf11cc (size before relaxing)
 .debug_str     0x00000000000f0d45       0xb7 ./Core/Src/stm32l4xx_hal_msp.o
                                      0xf0e32 (size before relaxing)
 .debug_str     0x00000000000f0dfc      0x3c6 ./Core/Src/stm32l4xx_it.o
                                      0xf08b0 (size before relaxing)
 .debug_str     0x00000000000f11c2      0x3bf ./Core/Src/stm32l4xx_nucleo_bus.o
                                      0xeaf65 (size before relaxing)
 .debug_str     0x00000000000f1581       0xf2 ./Core/Src/system_stm32l4xx.o
                                      0xe97d3 (size before relaxing)
 .debug_str     0x00000000000f1673      0x266 ./Core/Src/vesc.o
                                      0xe9b59 (size before relaxing)
 .debug_str     0x00000000000f18d9       0x36 ./Core/Startup/startup_stm32l476rgtx.o
                                         0x8f (size before relaxing)
 .debug_str     0x00000000000f190f       0xd9 ./DISPLAY/App/app_display.o
                                      0xf00b7 (size before relaxing)
 .debug_str     0x00000000000f19e8      0x127 ./DISPLAY/Target/key_io.o
                                      0xe9b49 (size before relaxing)
 .debug_str     0x00000000000f1b0f      0x748 ./DISPLAY/Target/lcd_io.o
                                      0xefb04 (size before relaxing)
 .debug_str     0x00000000000f2257       0x2f ./DISPLAY/Target/lcd_os.o
                                      0xea419 (size before relaxing)
 .debug_str     0x00000000000f2286      0x604 ./DISPLAY/Target/mem_io.o
                                      0xeba43 (size before relaxing)
 .debug_str     0x00000000000f288a       0x2f ./DISPLAY/Target/mem_os.o
                                      0xea26f (size before relaxing)
 .debug_str     0x00000000000f28b9      0x1ea ./Drivers/BSP/Components/ili9341/ili9341.o
                                      0xeeed0 (size before relaxing)
 .debug_str     0x00000000000f2aa3       0x7a ./Drivers/BSP/Components/ili9341/ili9341_reg.o
                                       0x8563 (size before relaxing)
 .debug_str     0x00000000000f2b1d      0x217 ./Drivers/BSP/Components/mx25l6433f/spi/mx25l6433f.o
                                      0xeb1d0 (size before relaxing)
 .debug_str     0x00000000000f2d34      0x691 ./Drivers/STM32L4xx_HAL_Driver/Src/stm32l4xx_hal.o
                                      0xea3d2 (size before relaxing)
 .debug_str     0x00000000000f33c5      0x3ae ./Drivers/STM32L4xx_HAL_Driver/Src/stm32l4xx_hal_can.o
                                      0xe9e61 (size before relaxing)
 .debug_str     0x00000000000f3773      0x313 ./Drivers/STM32L4xx_HAL_Driver/Src/stm32l4xx_hal_cortex.o
                                      0xea01a (size before relaxing)
 .debug_str     0x00000000000f3a86      0x224 ./Drivers/STM32L4xx_HAL_Driver/Src/stm32l4xx_hal_dma.o
                                      0xe9a3d (size before relaxing)
 .debug_str     0x00000000000f3caa      0x18f ./Drivers/STM32L4xx_HAL_Driver/Src/stm32l4xx_hal_exti.o
                                      0xe988c (size before relaxing)
 .debug_str     0x00000000000f3e39       0xcb ./Drivers/STM32L4xx_HAL_Driver/Src/stm32l4xx_hal_gpio.o
                                      0xe994c (size before relaxing)
 .debug_str     0x00000000000f3f04      0x4e3 ./Drivers/STM32L4xx_HAL_Driver/Src/stm32l4xx_hal_pwr_ex.o
                                      0xe9d2e (size before relaxing)
 .debug_str     0x00000000000f43e7      0x345 ./Drivers/STM32L4xx_HAL_Driver/Src/stm32l4xx_hal_rcc.o
                                      0xe9e19 (size before relaxing)
 .debug_str     0x00000000000f472c      0x4f4 ./Drivers/STM32L4xx_HAL_Driver/Src/stm32l4xx_hal_spi.o
                                      0xea226 (size before relaxing)
 .debug_str     0x00000000000f4c20      0xe13 ./Drivers/STM32L4xx_HAL_Driver/Src/stm32l4xx_hal_tim.o
                                      0xeab03 (size before relaxing)
 .debug_str     0x00000000000f5a33      0x588 ./Drivers/STM32L4xx_HAL_Driver/Src/stm32l4xx_hal_tim_ex.o
                                      0xea427 (size before relaxing)

.comment        0x0000000000000000       0x50
 .comment       0x0000000000000000       0x50 ./Core/Src/main.o
                                         0x51 (size before relaxing)
 .comment       0x0000000000000050       0x51 ./Core/Src/stm32l4xx_hal_msp.o
 .comment       0x0000000000000050       0x51 ./Core/Src/stm32l4xx_it.o
 .comment       0x0000000000000050       0x51 ./Core/Src/stm32l4xx_nucleo_bus.o
 .comment       0x0000000000000050       0x51 ./Core/Src/system_stm32l4xx.o
 .comment       0x0000000000000050       0x51 ./Core/Src/vesc.o
 .comment       0x0000000000000050       0x51 ./DISPLAY/App/app_display.o
 .comment       0x0000000000000050       0x51 ./DISPLAY/Target/key_io.o
 .comment       0x0000000000000050       0x51 ./DISPLAY/Target/lcd_io.o
 .comment       0x0000000000000050       0x51 ./DISPLAY/Target/lcd_os.o
 .comment       0x0000000000000050       0x51 ./DISPLAY/Target/mem_io.o
 .comment       0x0000000000000050       0x51 ./DISPLAY/Target/mem_os.o
 .comment       0x0000000000000050       0x51 ./Drivers/BSP/Components/ili9341/ili9341.o
 .comment       0x0000000000000050       0x51 ./Drivers/BSP/Components/ili9341/ili9341_reg.o
 .comment       0x0000000000000050       0x51 ./Drivers/BSP/Components/mx25l6433f/spi/mx25l6433f.o
 .comment       0x0000000000000050       0x51 ./Drivers/STM32L4xx_HAL_Driver/Src/stm32l4xx_hal.o
 .comment       0x0000000000000050       0x51 ./Drivers/STM32L4xx_HAL_Driver/Src/stm32l4xx_hal_can.o
 .comment       0x0000000000000050       0x51 ./Drivers/STM32L4xx_HAL_Driver/Src/stm32l4xx_hal_cortex.o
 .comment       0x0000000000000050       0x51 ./Drivers/STM32L4xx_HAL_Driver/Src/stm32l4xx_hal_dma.o
 .comment       0x0000000000000050       0x51 ./Drivers/STM32L4xx_HAL_Driver/Src/stm32l4xx_hal_exti.o
 .comment       0x0000000000000050       0x51 ./Drivers/STM32L4xx_HAL_Driver/Src/stm32l4xx_hal_gpio.o
 .comment       0x0000000000000050       0x51 ./Drivers/STM32L4xx_HAL_Driver/Src/stm32l4xx_hal_pwr_ex.o
 .comment       0x0000000000000050       0x51 ./Drivers/STM32L4xx_HAL_Driver/Src/stm32l4xx_hal_rcc.o
 .comment       0x0000000000000050       0x51 ./Drivers/STM32L4xx_HAL_Driver/Src/stm32l4xx_hal_spi.o
 .comment       0x0000000000000050       0x51 ./Drivers/STM32L4xx_HAL_Driver/Src/stm32l4xx_hal_tim.o
 .comment       0x0000000000000050       0x51 ./Drivers/STM32L4xx_HAL_Driver/Src/stm32l4xx_hal_tim_ex.o

.debug_frame    0x0000000000000000     0x5640
 .debug_frame   0x0000000000000000       0xf0 ./Core/Src/main.o
 .debug_frame   0x00000000000000f0       0xd0 ./Core/Src/stm32l4xx_hal_msp.o
 .debug_frame   0x00000000000001c0      0x200 ./Core/Src/stm32l4xx_it.o
 .debug_frame   0x00000000000003c0      0x3c4 ./Core/Src/stm32l4xx_nucleo_bus.o
 .debug_frame   0x0000000000000784       0x58 ./Core/Src/system_stm32l4xx.o
 .debug_frame   0x00000000000007dc       0xf0 ./Core/Src/vesc.o
 .debug_frame   0x00000000000008cc       0x74 ./DISPLAY/App/app_display.o
 .debug_frame   0x0000000000000940       0xac ./DISPLAY/Target/key_io.o
 .debug_frame   0x00000000000009ec      0x438 ./DISPLAY/Target/lcd_io.o
 .debug_frame   0x0000000000000e24      0x124 ./DISPLAY/Target/lcd_os.o
 .debug_frame   0x0000000000000f48      0x264 ./DISPLAY/Target/mem_io.o
 .debug_frame   0x00000000000011ac      0x124 ./DISPLAY/Target/mem_os.o
 .debug_frame   0x00000000000012d0      0x2a8 ./Drivers/BSP/Components/ili9341/ili9341.o
 .debug_frame   0x0000000000001578       0xe8 ./Drivers/BSP/Components/ili9341/ili9341_reg.o
 .debug_frame   0x0000000000001660      0x2e4 ./Drivers/BSP/Components/mx25l6433f/spi/mx25l6433f.o
 .debug_frame   0x0000000000001944      0x498 ./Drivers/STM32L4xx_HAL_Driver/Src/stm32l4xx_hal.o
 .debug_frame   0x0000000000001ddc      0x5a0 ./Drivers/STM32L4xx_HAL_Driver/Src/stm32l4xx_hal_can.o